#
# There is insufficient memory for the Java Runtime Environment to continue.
# Native memory allocation (malloc) failed to allocate 1171536 bytes. Error detail: Chunk::new
# Possible reasons:
#   The system is out of physical RAM or swap space
#   This process is running with CompressedOops enabled, and the Java Heap may be blocking the growth of the native heap
# Possible solutions:
#   Reduce memory load on the system
#   Increase physical memory or swap space
#   Check if swap backing store is full
#   Decrease Java heap size (-Xmx/-Xms)
#   Decrease number of Java threads
#   Decrease Java thread stack sizes (-Xss)
#   Set larger code cache with -XX:ReservedCodeCacheSize=
#   JVM is running with Zero Based Compressed Oops mode in which the Java heap is
#     placed in the first 32GB address space. The Java Heap base address is the
#     maximum limit for the native heap growth. Please use -XX:HeapBaseMinAddress
#     to set the Java Heap base and to place the Java Heap above 32GB virtual address.
# This output file may be truncated or incomplete.
#
#  Out of Memory Error (arena.cpp:191), pid=4048, tid=13164
#
# JRE version: OpenJDK Runtime Environment Corretto-17.0.15.6.1 (17.0.15+6) (build 17.0.15+6-LTS)
# Java VM: OpenJDK 64-Bit Server VM Corretto-17.0.15.6.1 (17.0.15+6-LTS, mixed mode, sharing, tiered, compressed oops, compressed class ptrs, g1 gc, windows-amd64)
# No core dump will be written. Minidumps are not enabled by default on client versions of Windows
#

---------------  S U M M A R Y ------------

Command Line: -Dmaven.multiModuleProjectDirectory=D:\FormulaRacing -Djansi.passthrough=true -Dmaven.home=D:/IntelliJ IDEA Community Edition 2025.1.4/plugins/maven/lib/maven3 -Dclassworlds.conf=D:\IntelliJ IDEA Community Edition 2025.1.4\plugins\maven\lib\maven3\bin\m2.conf -Dmaven.ext.class.path=D:\IntelliJ IDEA Community Edition 2025.1.4\plugins\maven\lib\maven-event-listener.jar -javaagent:D:\IntelliJ IDEA Community Edition 2025.1.4\lib\idea_rt.jar=52120 -Dfile.encoding=UTF-8 org.codehaus.classworlds.Launcher -Didea.version=2025.1.4 clean package

Host: Intel(R) Xeon(R) CPU E5-2640 v4 @ 2.40GHz, 20 cores, 23G,  Windows 10 , 64 bit Build 19041 (10.0.19041.5678)
Time: Mon Oct 13 19:09:46 2025 Hora oficial do Brasil elapsed time: 2.555378 seconds (0d 0h 0m 2s)

---------------  T H R E A D  ---------------

Current thread (0x000002b1ffc3c960):  JavaThread "C2 CompilerThread3" daemon [_thread_in_native, id=13164, stack(0x000000f557f00000,0x000000f558000000)]


Current CompileTask:
C2:   2555 3678       4       org.codehaus.plexus.util.xml.pull.MXParser::parseAttribute (1429 bytes)

Stack: [0x000000f557f00000,0x000000f558000000]
Native frames: (J=compiled Java code, j=interpreted, Vv=VM code, C=native code)
V  [jvm.dll+0x681149]
V  [jvm.dll+0x838b5a]
V  [jvm.dll+0x83a61e]
V  [jvm.dll+0x83ac83]
V  [jvm.dll+0x24837f]
V  [jvm.dll+0xaca54]
V  [jvm.dll+0xad09c]
V  [jvm.dll+0x3679e2]
V  [jvm.dll+0x331dda]
V  [jvm.dll+0x33127a]
V  [jvm.dll+0x21a8c1]
V  [jvm.dll+0x219d01]
V  [jvm.dll+0x1a59fd]
V  [jvm.dll+0x229a5d]
V  [jvm.dll+0x227bec]
V  [jvm.dll+0x7eda37]
V  [jvm.dll+0x7e7f8c]
V  [jvm.dll+0x680017]
C  [ucrtbase.dll+0x21bb2]
C  [KERNEL32.DLL+0x17374]
C  [ntdll.dll+0x4cc91]


---------------  P R O C E S S  ---------------

Threads class SMR info:
_java_thread_list=0x000002b1813745a0, length=22, elements={
0x000002b191495420, 0x000002b1b98896e0, 0x000002b1b988c1c0, 0x000002b1ff11d7e0,
0x000002b1ff11e2b0, 0x000002b1ff120b90, 0x000002b1ff121460, 0x000002b1ff125540,
0x000002b1ff133420, 0x000002b1ff164500, 0x000002b1b9873750, 0x000002b1b98740f0,
0x000002b1ff259190, 0x000002b1ff32b5b0, 0x000002b1ff32dc50, 0x000002b1ffa24590,
0x000002b1ff73ce10, 0x000002b1ffb7aaf0, 0x000002b1ffc3c960, 0x000002b1801cd2e0,
0x000002b1801cd800, 0x000002b180cca1c0
}

Java Threads: ( => current thread )
  0x000002b191495420 JavaThread "main" [_thread_in_native, id=20204, stack(0x000000f555e00000,0x000000f555f00000)]
  0x000002b1b98896e0 JavaThread "Reference Handler" daemon [_thread_blocked, id=28564, stack(0x000000f556500000,0x000000f556600000)]
  0x000002b1b988c1c0 JavaThread "Finalizer" daemon [_thread_blocked, id=24472, stack(0x000000f556600000,0x000000f556700000)]
  0x000002b1ff11d7e0 JavaThread "Signal Dispatcher" daemon [_thread_blocked, id=23680, stack(0x000000f556700000,0x000000f556800000)]
  0x000002b1ff11e2b0 JavaThread "Attach Listener" daemon [_thread_blocked, id=19400, stack(0x000000f556800000,0x000000f556900000)]
  0x000002b1ff120b90 JavaThread "Service Thread" daemon [_thread_blocked, id=13528, stack(0x000000f556900000,0x000000f556a00000)]
  0x000002b1ff121460 JavaThread "Monitor Deflation Thread" daemon [_thread_blocked, id=6808, stack(0x000000f556a00000,0x000000f556b00000)]
  0x000002b1ff125540 JavaThread "C2 CompilerThread0" daemon [_thread_blocked, id=7956, stack(0x000000f556b00000,0x000000f556c00000)]
  0x000002b1ff133420 JavaThread "C1 CompilerThread0" daemon [_thread_blocked, id=22768, stack(0x000000f556c00000,0x000000f556d00000)]
  0x000002b1ff164500 JavaThread "Sweeper thread" daemon [_thread_blocked, id=24324, stack(0x000000f556d00000,0x000000f556e00000)]
  0x000002b1b9873750 JavaThread "Common-Cleaner" daemon [_thread_blocked, id=23972, stack(0x000000f556e00000,0x000000f556f00000)]
  0x000002b1b98740f0 JavaThread "C1 CompilerThread1" daemon [_thread_blocked, id=19920, stack(0x000000f556f00000,0x000000f557000000)]
  0x000002b1ff259190 JavaThread "C1 CompilerThread2" daemon [_thread_blocked, id=26796, stack(0x000000f557000000,0x000000f557100000)]
  0x000002b1ff32b5b0 JavaThread "Monitor Ctrl-Break" daemon [_thread_in_native, id=23412, stack(0x000000f557200000,0x000000f557300000)]
  0x000002b1ff32dc50 JavaThread "Notification Thread" daemon [_thread_blocked, id=17060, stack(0x000000f557300000,0x000000f557400000)]
  0x000002b1ffa24590 JavaThread "C2 CompilerThread1" daemon [_thread_in_native, id=13272, stack(0x000000f557100000,0x000000f557200000)]
  0x000002b1ff73ce10 JavaThread "C2 CompilerThread2" daemon [_thread_in_native, id=27016, stack(0x000000f557500000,0x000000f557600000)]
  0x000002b1ffb7aaf0 JavaThread "C1 CompilerThread3" daemon [_thread_blocked, id=27744, stack(0x000000f557600000,0x000000f557700000)]
=>0x000002b1ffc3c960 JavaThread "C2 CompilerThread3" daemon [_thread_in_native, id=13164, stack(0x000000f557f00000,0x000000f558000000)]
  0x000002b1801cd2e0 JavaThread "C2 CompilerThread4" daemon [_thread_blocked, id=24680, stack(0x000000f558000000,0x000000f558100000)]
  0x000002b1801cd800 JavaThread "C2 CompilerThread5" daemon [_thread_blocked, id=12012, stack(0x000000f558100000,0x000000f558200000)]
  0x000002b180cca1c0 JavaThread "Thread-1" daemon [_thread_blocked, id=19532, stack(0x000000f558200000,0x000000f558300000)]

Other Threads:
  0x000002b1b9883c70 VMThread "VM Thread" [stack: 0x000000f556400000,0x000000f556500000] [id=23788]
  0x000002b1ff32e940 WatcherThread [stack: 0x000000f557400000,0x000000f557500000] [id=28380]
  0x000002b19151d050 GCTaskThread "GC Thread#0" [stack: 0x000000f555f00000,0x000000f556000000] [id=17296]
  0x000002b1ffb03970 GCTaskThread "GC Thread#1" [stack: 0x000000f557700000,0x000000f557800000] [id=14604]
  0x000002b1ffb03c30 GCTaskThread "GC Thread#2" [stack: 0x000000f557800000,0x000000f557900000] [id=25344]
  0x000002b1ffafdc30 GCTaskThread "GC Thread#3" [stack: 0x000000f557900000,0x000000f557a00000] [id=25448]
  0x000002b1ffc7ecb0 GCTaskThread "GC Thread#4" [stack: 0x000000f557a00000,0x000000f557b00000] [id=24384]
  0x000002b1ffc7f230 GCTaskThread "GC Thread#5" [stack: 0x000000f557b00000,0x000000f557c00000] [id=17412]
  0x000002b1ffc7ef70 GCTaskThread "GC Thread#6" [stack: 0x000000f557c00000,0x000000f557d00000] [id=18148]
  0x000002b1ffc7f7b0 GCTaskThread "GC Thread#7" [stack: 0x000000f557d00000,0x000000f557e00000] [id=24492]
  0x000002b1ffc7f4f0 GCTaskThread "GC Thread#8" [stack: 0x000000f557e00000,0x000000f557f00000] [id=26380]
  0x000002b191529d80 ConcurrentGCThread "G1 Main Marker" [stack: 0x000000f556000000,0x000000f556100000] [id=13088]
  0x000002b19152be60 ConcurrentGCThread "G1 Conc#0" [stack: 0x000000f556100000,0x000000f556200000] [id=24336]
  0x000002b19154e570 ConcurrentGCThread "G1 Refine#0" [stack: 0x000000f556200000,0x000000f556300000] [id=27520]
  0x000002b1b973f420 ConcurrentGCThread "G1 Service" [stack: 0x000000f556300000,0x000000f556400000] [id=18012]

Threads with active compile tasks:
C2 CompilerThread1     2585 3618       4       org.codehaus.plexus.util.xml.Xpp3Dom::<init> (125 bytes)
C2 CompilerThread2     2585 3700       4       org.codehaus.plexus.util.xml.pull.MXParser::nextImpl (1203 bytes)
C2 CompilerThread3     2585 3678       4       org.codehaus.plexus.util.xml.pull.MXParser::parseAttribute (1429 bytes)
C2 CompilerThread5     2585 3812 %     4       java.util.Properties$LineReader::readLine @ 224 (584 bytes)

VM state: not at safepoint (normal execution)

VM Mutex/Monitor currently owned by a thread: None

Heap address: 0x0000000682400000, size: 6108 MB, Compressed Oops mode: Zero based, Oop shift amount: 3

CDS archive(s) mapped at: [0x000002b1ba000000-0x000002b1babb0000-0x000002b1babb0000), size 12255232, SharedBaseAddress: 0x000002b1ba000000, ArchiveRelocationMode: 1.
Compressed class space mapped at: 0x000002b1bb000000-0x000002b1fb000000, reserved size: 1073741824
Narrow klass base: 0x000002b1ba000000, Narrow klass shift: 0, Narrow klass range: 0x100000000

GC Precious Log:
 CPUs: 20 total, 20 available
 Memory: 24417M
 Large Page Support: Disabled
 NUMA Support: Disabled
 Compressed Oops: Enabled (Zero based)
 Heap Region Size: 4M
 Heap Min Capacity: 8M
 Heap Initial Capacity: 384M
 Heap Max Capacity: 6108M
 Pre-touch: Disabled
 Parallel Workers: 15
 Concurrent Workers: 4
 Concurrent Refinement Workers: 15
 Periodic GC: Disabled

Heap:
 garbage-first heap   total 393216K, used 74148K [0x0000000682400000, 0x0000000800000000)
  region size 4096K, 19 young (77824K), 1 survivors (4096K)
 Metaspace       used 16034K, committed 16192K, reserved 1114112K
  class space    used 1899K, committed 1984K, reserved 1048576K

Heap Regions: E=young(eden), S=young(survivor), O=old, HS=humongous(starts), HC=humongous(continues), CS=collection set, F=free, OA=open archive, CA=closed archive, TAMS=top-at-mark-start (previous, next)
|   0|0x0000000682400000, 0x0000000682758600, 0x0000000682800000| 83%| O|  |TAMS 0x0000000682400000, 0x0000000682400000| Untracked 
|   1|0x0000000682800000, 0x0000000682800000, 0x0000000682c00000|  0%| F|  |TAMS 0x0000000682800000, 0x0000000682800000| Untracked 
|   2|0x0000000682c00000, 0x0000000682c00000, 0x0000000683000000|  0%| F|  |TAMS 0x0000000682c00000, 0x0000000682c00000| Untracked 
|   3|0x0000000683000000, 0x0000000683000000, 0x0000000683400000|  0%| F|  |TAMS 0x0000000683000000, 0x0000000683000000| Untracked 
|   4|0x0000000683400000, 0x0000000683400000, 0x0000000683800000|  0%| F|  |TAMS 0x0000000683400000, 0x0000000683400000| Untracked 
|   5|0x0000000683800000, 0x0000000683800000, 0x0000000683c00000|  0%| F|  |TAMS 0x0000000683800000, 0x0000000683800000| Untracked 
|   6|0x0000000683c00000, 0x0000000683c00000, 0x0000000684000000|  0%| F|  |TAMS 0x0000000683c00000, 0x0000000683c00000| Untracked 
|   7|0x0000000684000000, 0x0000000684000000, 0x0000000684400000|  0%| F|  |TAMS 0x0000000684000000, 0x0000000684000000| Untracked 
|   8|0x0000000684400000, 0x0000000684400000, 0x0000000684800000|  0%| F|  |TAMS 0x0000000684400000, 0x0000000684400000| Untracked 
|   9|0x0000000684800000, 0x0000000684800000, 0x0000000684c00000|  0%| F|  |TAMS 0x0000000684800000, 0x0000000684800000| Untracked 
|  10|0x0000000684c00000, 0x0000000684c00000, 0x0000000685000000|  0%| F|  |TAMS 0x0000000684c00000, 0x0000000684c00000| Untracked 
|  11|0x0000000685000000, 0x0000000685000000, 0x0000000685400000|  0%| F|  |TAMS 0x0000000685000000, 0x0000000685000000| Untracked 
|  12|0x0000000685400000, 0x0000000685400000, 0x0000000685800000|  0%| F|  |TAMS 0x0000000685400000, 0x0000000685400000| Untracked 
|  13|0x0000000685800000, 0x0000000685800000, 0x0000000685c00000|  0%| F|  |TAMS 0x0000000685800000, 0x0000000685800000| Untracked 
|  14|0x0000000685c00000, 0x0000000685c00000, 0x0000000686000000|  0%| F|  |TAMS 0x0000000685c00000, 0x0000000685c00000| Untracked 
|  15|0x0000000686000000, 0x0000000686000000, 0x0000000686400000|  0%| F|  |TAMS 0x0000000686000000, 0x0000000686000000| Untracked 
|  16|0x0000000686400000, 0x0000000686400000, 0x0000000686800000|  0%| F|  |TAMS 0x0000000686400000, 0x0000000686400000| Untracked 
|  17|0x0000000686800000, 0x0000000686800000, 0x0000000686c00000|  0%| F|  |TAMS 0x0000000686800000, 0x0000000686800000| Untracked 
|  18|0x0000000686c00000, 0x0000000686c00000, 0x0000000687000000|  0%| F|  |TAMS 0x0000000686c00000, 0x0000000686c00000| Untracked 
|  19|0x0000000687000000, 0x0000000687000000, 0x0000000687400000|  0%| F|  |TAMS 0x0000000687000000, 0x0000000687000000| Untracked 
|  20|0x0000000687400000, 0x0000000687400000, 0x0000000687800000|  0%| F|  |TAMS 0x0000000687400000, 0x0000000687400000| Untracked 
|  21|0x0000000687800000, 0x0000000687800000, 0x0000000687c00000|  0%| F|  |TAMS 0x0000000687800000, 0x0000000687800000| Untracked 
|  22|0x0000000687c00000, 0x0000000687c00000, 0x0000000688000000|  0%| F|  |TAMS 0x0000000687c00000, 0x0000000687c00000| Untracked 
|  23|0x0000000688000000, 0x0000000688000000, 0x0000000688400000|  0%| F|  |TAMS 0x0000000688000000, 0x0000000688000000| Untracked 
|  24|0x0000000688400000, 0x0000000688400000, 0x0000000688800000|  0%| F|  |TAMS 0x0000000688400000, 0x0000000688400000| Untracked 
|  25|0x0000000688800000, 0x0000000688800000, 0x0000000688c00000|  0%| F|  |TAMS 0x0000000688800000, 0x0000000688800000| Untracked 
|  26|0x0000000688c00000, 0x0000000688c00000, 0x0000000689000000|  0%| F|  |TAMS 0x0000000688c00000, 0x0000000688c00000| Untracked 
|  27|0x0000000689000000, 0x0000000689000000, 0x0000000689400000|  0%| F|  |TAMS 0x0000000689000000, 0x0000000689000000| Untracked 
|  28|0x0000000689400000, 0x0000000689400000, 0x0000000689800000|  0%| F|  |TAMS 0x0000000689400000, 0x0000000689400000| Untracked 
|  29|0x0000000689800000, 0x0000000689800000, 0x0000000689c00000|  0%| F|  |TAMS 0x0000000689800000, 0x0000000689800000| Untracked 
|  30|0x0000000689c00000, 0x0000000689c00000, 0x000000068a000000|  0%| F|  |TAMS 0x0000000689c00000, 0x0000000689c00000| Untracked 
|  31|0x000000068a000000, 0x000000068a000000, 0x000000068a400000|  0%| F|  |TAMS 0x000000068a000000, 0x000000068a000000| Untracked 
|  32|0x000000068a400000, 0x000000068a400000, 0x000000068a800000|  0%| F|  |TAMS 0x000000068a400000, 0x000000068a400000| Untracked 
|  33|0x000000068a800000, 0x000000068a800000, 0x000000068ac00000|  0%| F|  |TAMS 0x000000068a800000, 0x000000068a800000| Untracked 
|  34|0x000000068ac00000, 0x000000068ac00000, 0x000000068b000000|  0%| F|  |TAMS 0x000000068ac00000, 0x000000068ac00000| Untracked 
|  35|0x000000068b000000, 0x000000068b000000, 0x000000068b400000|  0%| F|  |TAMS 0x000000068b000000, 0x000000068b000000| Untracked 
|  36|0x000000068b400000, 0x000000068b400000, 0x000000068b800000|  0%| F|  |TAMS 0x000000068b400000, 0x000000068b400000| Untracked 
|  37|0x000000068b800000, 0x000000068b800000, 0x000000068bc00000|  0%| F|  |TAMS 0x000000068b800000, 0x000000068b800000| Untracked 
|  38|0x000000068bc00000, 0x000000068bc00000, 0x000000068c000000|  0%| F|  |TAMS 0x000000068bc00000, 0x000000068bc00000| Untracked 
|  39|0x000000068c000000, 0x000000068c000000, 0x000000068c400000|  0%| F|  |TAMS 0x000000068c000000, 0x000000068c000000| Untracked 
|  40|0x000000068c400000, 0x000000068c400000, 0x000000068c800000|  0%| F|  |TAMS 0x000000068c400000, 0x000000068c400000| Untracked 
|  41|0x000000068c800000, 0x000000068c800000, 0x000000068cc00000|  0%| F|  |TAMS 0x000000068c800000, 0x000000068c800000| Untracked 
|  42|0x000000068cc00000, 0x000000068cc00000, 0x000000068d000000|  0%| F|  |TAMS 0x000000068cc00000, 0x000000068cc00000| Untracked 
|  43|0x000000068d000000, 0x000000068d000000, 0x000000068d400000|  0%| F|  |TAMS 0x000000068d000000, 0x000000068d000000| Untracked 
|  44|0x000000068d400000, 0x000000068d400000, 0x000000068d800000|  0%| F|  |TAMS 0x000000068d400000, 0x000000068d400000| Untracked 
|  45|0x000000068d800000, 0x000000068d800000, 0x000000068dc00000|  0%| F|  |TAMS 0x000000068d800000, 0x000000068d800000| Untracked 
|  46|0x000000068dc00000, 0x000000068dc00000, 0x000000068e000000|  0%| F|  |TAMS 0x000000068dc00000, 0x000000068dc00000| Untracked 
|  47|0x000000068e000000, 0x000000068e000000, 0x000000068e400000|  0%| F|  |TAMS 0x000000068e000000, 0x000000068e000000| Untracked 
|  48|0x000000068e400000, 0x000000068e400000, 0x000000068e800000|  0%| F|  |TAMS 0x000000068e400000, 0x000000068e400000| Untracked 
|  49|0x000000068e800000, 0x000000068e800000, 0x000000068ec00000|  0%| F|  |TAMS 0x000000068e800000, 0x000000068e800000| Untracked 
|  50|0x000000068ec00000, 0x000000068ec00000, 0x000000068f000000|  0%| F|  |TAMS 0x000000068ec00000, 0x000000068ec00000| Untracked 
|  51|0x000000068f000000, 0x000000068f000000, 0x000000068f400000|  0%| F|  |TAMS 0x000000068f000000, 0x000000068f000000| Untracked 
|  52|0x000000068f400000, 0x000000068f400000, 0x000000068f800000|  0%| F|  |TAMS 0x000000068f400000, 0x000000068f400000| Untracked 
|  53|0x000000068f800000, 0x000000068f800000, 0x000000068fc00000|  0%| F|  |TAMS 0x000000068f800000, 0x000000068f800000| Untracked 
|  54|0x000000068fc00000, 0x000000068fc00000, 0x0000000690000000|  0%| F|  |TAMS 0x000000068fc00000, 0x000000068fc00000| Untracked 
|  55|0x0000000690000000, 0x0000000690000000, 0x0000000690400000|  0%| F|  |TAMS 0x0000000690000000, 0x0000000690000000| Untracked 
|  56|0x0000000690400000, 0x0000000690400000, 0x0000000690800000|  0%| F|  |TAMS 0x0000000690400000, 0x0000000690400000| Untracked 
|  57|0x0000000690800000, 0x0000000690800000, 0x0000000690c00000|  0%| F|  |TAMS 0x0000000690800000, 0x0000000690800000| Untracked 
|  58|0x0000000690c00000, 0x0000000690c00000, 0x0000000691000000|  0%| F|  |TAMS 0x0000000690c00000, 0x0000000690c00000| Untracked 
|  59|0x0000000691000000, 0x0000000691000000, 0x0000000691400000|  0%| F|  |TAMS 0x0000000691000000, 0x0000000691000000| Untracked 
|  60|0x0000000691400000, 0x0000000691400000, 0x0000000691800000|  0%| F|  |TAMS 0x0000000691400000, 0x0000000691400000| Untracked 
|  61|0x0000000691800000, 0x0000000691800000, 0x0000000691c00000|  0%| F|  |TAMS 0x0000000691800000, 0x0000000691800000| Untracked 
|  62|0x0000000691c00000, 0x0000000691c00000, 0x0000000692000000|  0%| F|  |TAMS 0x0000000691c00000, 0x0000000691c00000| Untracked 
|  63|0x0000000692000000, 0x0000000692000000, 0x0000000692400000|  0%| F|  |TAMS 0x0000000692000000, 0x0000000692000000| Untracked 
|  64|0x0000000692400000, 0x0000000692400000, 0x0000000692800000|  0%| F|  |TAMS 0x0000000692400000, 0x0000000692400000| Untracked 
|  65|0x0000000692800000, 0x0000000692800000, 0x0000000692c00000|  0%| F|  |TAMS 0x0000000692800000, 0x0000000692800000| Untracked 
|  66|0x0000000692c00000, 0x0000000692c00000, 0x0000000693000000|  0%| F|  |TAMS 0x0000000692c00000, 0x0000000692c00000| Untracked 
|  67|0x0000000693000000, 0x0000000693000000, 0x0000000693400000|  0%| F|  |TAMS 0x0000000693000000, 0x0000000693000000| Untracked 
|  68|0x0000000693400000, 0x0000000693400000, 0x0000000693800000|  0%| F|  |TAMS 0x0000000693400000, 0x0000000693400000| Untracked 
|  69|0x0000000693800000, 0x0000000693800000, 0x0000000693c00000|  0%| F|  |TAMS 0x0000000693800000, 0x0000000693800000| Untracked 
|  70|0x0000000693c00000, 0x0000000693c00000, 0x0000000694000000|  0%| F|  |TAMS 0x0000000693c00000, 0x0000000693c00000| Untracked 
|  71|0x0000000694000000, 0x0000000694000000, 0x0000000694400000|  0%| F|  |TAMS 0x0000000694000000, 0x0000000694000000| Untracked 
|  72|0x0000000694400000, 0x0000000694400000, 0x0000000694800000|  0%| F|  |TAMS 0x0000000694400000, 0x0000000694400000| Untracked 
|  73|0x0000000694800000, 0x0000000694800000, 0x0000000694c00000|  0%| F|  |TAMS 0x0000000694800000, 0x0000000694800000| Untracked 
|  74|0x0000000694c00000, 0x0000000694c00000, 0x0000000695000000|  0%| F|  |TAMS 0x0000000694c00000, 0x0000000694c00000| Untracked 
|  75|0x0000000695000000, 0x0000000695000000, 0x0000000695400000|  0%| F|  |TAMS 0x0000000695000000, 0x0000000695000000| Untracked 
|  76|0x0000000695400000, 0x0000000695400000, 0x0000000695800000|  0%| F|  |TAMS 0x0000000695400000, 0x0000000695400000| Untracked 
|  77|0x0000000695800000, 0x0000000695a00000, 0x0000000695c00000| 50%| E|  |TAMS 0x0000000695800000, 0x0000000695800000| Complete 
|  78|0x0000000695c00000, 0x0000000696000000, 0x0000000696000000|100%| E|CS|TAMS 0x0000000695c00000, 0x0000000695c00000| Complete 
|  79|0x0000000696000000, 0x0000000696400000, 0x0000000696400000|100%| E|CS|TAMS 0x0000000696000000, 0x0000000696000000| Complete 
|  80|0x0000000696400000, 0x0000000696800000, 0x0000000696800000|100%| E|CS|TAMS 0x0000000696400000, 0x0000000696400000| Complete 
|  81|0x0000000696800000, 0x0000000696c00000, 0x0000000696c00000|100%| E|CS|TAMS 0x0000000696800000, 0x0000000696800000| Complete 
|  82|0x0000000696c00000, 0x0000000697000000, 0x0000000697000000|100%| E|CS|TAMS 0x0000000696c00000, 0x0000000696c00000| Complete 
|  83|0x0000000697000000, 0x0000000697400000, 0x0000000697400000|100%| E|CS|TAMS 0x0000000697000000, 0x0000000697000000| Complete 
|  84|0x0000000697400000, 0x0000000697800000, 0x0000000697800000|100%| E|CS|TAMS 0x0000000697400000, 0x0000000697400000| Complete 
|  85|0x0000000697800000, 0x0000000697c00000, 0x0000000697c00000|100%| E|CS|TAMS 0x0000000697800000, 0x0000000697800000| Complete 
|  86|0x0000000697c00000, 0x0000000698000000, 0x0000000698000000|100%| E|CS|TAMS 0x0000000697c00000, 0x0000000697c00000| Complete 
|  87|0x0000000698000000, 0x0000000698400000, 0x0000000698400000|100%| E|CS|TAMS 0x0000000698000000, 0x0000000698000000| Complete 
|  88|0x0000000698400000, 0x0000000698510c38, 0x0000000698800000| 26%| S|CS|TAMS 0x0000000698400000, 0x0000000698400000| Complete 
|  89|0x0000000698800000, 0x0000000698c00000, 0x0000000698c00000|100%| E|CS|TAMS 0x0000000698800000, 0x0000000698800000| Complete 
|  90|0x0000000698c00000, 0x0000000699000000, 0x0000000699000000|100%| E|CS|TAMS 0x0000000698c00000, 0x0000000698c00000| Complete 
|  91|0x0000000699000000, 0x0000000699400000, 0x0000000699400000|100%| E|CS|TAMS 0x0000000699000000, 0x0000000699000000| Complete 
|  92|0x0000000699400000, 0x0000000699800000, 0x0000000699800000|100%| E|CS|TAMS 0x0000000699400000, 0x0000000699400000| Complete 
|  93|0x0000000699800000, 0x0000000699c00000, 0x0000000699c00000|100%| E|CS|TAMS 0x0000000699800000, 0x0000000699800000| Complete 
|  94|0x0000000699c00000, 0x000000069a000000, 0x000000069a000000|100%| E|CS|TAMS 0x0000000699c00000, 0x0000000699c00000| Complete 
|  95|0x000000069a000000, 0x000000069a400000, 0x000000069a400000|100%| E|CS|TAMS 0x000000069a000000, 0x000000069a000000| Complete 

Card table byte_map: [0x000002b1a9670000,0x000002b1aa260000] _byte_map_base: 0x000002b1a625e000

Marking Bits (Prev, Next): (CMBitMap*) 0x000002b19151d580, (CMBitMap*) 0x000002b19151d5c0
 Prev Bits: [0x000002b1aae50000, 0x000002b1b0dc0000)
 Next Bits: [0x000002b1b0dc0000, 0x000002b1b6d30000)

Polling page: 0x000002b18f1b0000

Metaspace:

Usage:
  Non-class:     13.82 MB used.
      Class:      1.85 MB used.
       Both:     15.68 MB used.

Virtual space:
  Non-class space:       64.00 MB reserved,      13.94 MB ( 22%) committed,  1 nodes.
      Class space:        1.00 GB reserved,       1.94 MB ( <1%) committed,  1 nodes.
             Both:        1.06 GB reserved,      15.88 MB (  1%) committed. 

Chunk freelists:
   Non-Class:  1.86 MB
       Class:  13.88 MB
        Both:  15.74 MB

MaxMetaspaceSize: unlimited
CompressedClassSpaceSize: 1.00 GB
Initial GC threshold: 21.00 MB
Current GC threshold: 21.00 MB
CDS: on
MetaspaceReclaimPolicy: balanced
 - commit_granule_bytes: 65536.
 - commit_granule_words: 8192.
 - virtual_space_node_default_size: 8388608.
 - enlarge_chunks_in_place: 1.
 - new_chunks_are_fully_committed: 0.
 - uncommit_free_chunks: 1.
 - use_allocation_guard: 0.
 - handle_deallocations: 1.


Internal statistics:

num_allocs_failed_limit: 0.
num_arena_births: 92.
num_arena_deaths: 0.
num_vsnodes_births: 2.
num_vsnodes_deaths: 0.
num_space_committed: 254.
num_space_uncommitted: 0.
num_chunks_returned_to_freelist: 0.
num_chunks_taken_from_freelist: 649.
num_chunk_merges: 0.
num_chunk_splits: 440.
num_chunks_enlarged: 349.
num_inconsistent_stats: 0.

CodeHeap 'non-profiled nmethods': size=119168Kb used=1714Kb max_used=1714Kb free=117453Kb
 bounds [0x000002b1a0b80000, 0x000002b1a0df0000, 0x000002b1a7fe0000]
CodeHeap 'profiled nmethods': size=119104Kb used=7780Kb max_used=7780Kb free=111323Kb
 bounds [0x000002b198fe0000, 0x000002b199780000, 0x000002b1a0430000]
CodeHeap 'non-nmethods': size=7488Kb used=2865Kb max_used=2905Kb free=4622Kb
 bounds [0x000002b1a0430000, 0x000002b1a0710000, 0x000002b1a0b80000]
 total_blobs=4293 nmethods=3819 adapters=383
 compilation: enabled
              stopped_count=0, restarted_count=0
 full_count=0

Compilation events (20 events):
Event: 2.545 Thread 0x000002b1b98740f0 nmethod 3766 0x000002b199750b10 code [0x000002b199750ce0, 0x000002b1997511d8]
Event: 2.545 Thread 0x000002b1ffb7aaf0 nmethod 3763 0x000002b19974fc90 code [0x000002b19974ff00, 0x000002b1997507c8]
Event: 2.545 Thread 0x000002b1ff133420 nmethod 3767 0x000002b199751390 code [0x000002b199751560, 0x000002b199751968]
Event: 2.545 Thread 0x000002b1ff125540 nmethod 3764 0x000002b1a0d24b10 code [0x000002b1a0d24c80, 0x000002b1a0d24d38]
Event: 2.545 Thread 0x000002b1ff133420 3769       3       org.apache.maven.model.RepositoryBase::getLocation (209 bytes)
Event: 2.545 Thread 0x000002b1b98740f0 3770       3       org.apache.maven.model.ModelBase::getPluginRepositories (23 bytes)
Event: 2.546 Thread 0x000002b1b98740f0 nmethod 3770 0x000002b199751b10 code [0x000002b199751ce0, 0x000002b1997520d8]
Event: 2.546 Thread 0x000002b1b98740f0 3771       3       org.apache.maven.model.merge.ModelMerger$MergingList::iterator (32 bytes)
Event: 2.546 Thread 0x000002b1ff133420 nmethod 3769 0x000002b199752210 code [0x000002b1997524c0, 0x000002b1997532f8]
Event: 2.546 Thread 0x000002b1ff133420 3772       3       org.eclipse.aether.graph.Dependency::equals (94 bytes)
Event: 2.546 Thread 0x000002b1b98740f0 nmethod 3771 0x000002b199753590 code [0x000002b199753760, 0x000002b199753b28]
Event: 2.547 Thread 0x000002b1ff133420 nmethod 3772 0x000002b199753c90 code [0x000002b199753f00, 0x000002b199754cf8]
Event: 2.550 Thread 0x000002b1b98740f0 3773       3       org.apache.maven.model.merge.ModelMerger::getRepositoryKey (6 bytes)
Event: 2.551 Thread 0x000002b1ff259190 3774       3       org.apache.maven.model.merge.MavenModelMerger::getRepositoryBaseKey (5 bytes)
Event: 2.551 Thread 0x000002b1ff259190 nmethod 3774 0x000002b199754f90 code [0x000002b199755120, 0x000002b1997552d8]
Event: 2.551 Thread 0x000002b1b98740f0 nmethod 3773 0x000002b199755390 code [0x000002b199755540, 0x000002b199755708]
Event: 2.551 Thread 0x000002b1ff259190 3776       3       java.util.Collections$SingletonList::iterator (8 bytes)
Event: 2.551 Thread 0x000002b1ff259190 nmethod 3776 0x000002b199755790 code [0x000002b199755940, 0x000002b199755c38]
Event: 2.552 Thread 0x000002b1b98740f0 3777       3       org.slf4j.impl.SimpleLogger::trace (9 bytes)
Event: 2.552 Thread 0x000002b1b98740f0 nmethod 3777 0x000002b199755d90 code [0x000002b199755f20, 0x000002b199756068]

GC Heap History (4 events):
Event: 0.836 GC heap before
{Heap before GC invocations=0 (full 0):
 garbage-first heap   total 393216K, used 20480K [0x0000000682400000, 0x0000000800000000)
  region size 4096K, 5 young (20480K), 0 survivors (0K)
 Metaspace       used 5501K, committed 5632K, reserved 1114112K
  class space    used 638K, committed 704K, reserved 1048576K
}
Event: 0.838 GC heap after
{Heap after GC invocations=1 (full 0):
 garbage-first heap   total 393216K, used 3641K [0x0000000682400000, 0x0000000800000000)
  region size 4096K, 1 young (4096K), 1 survivors (4096K)
 Metaspace       used 5501K, committed 5632K, reserved 1114112K
  class space    used 638K, committed 704K, reserved 1048576K
}
Event: 1.171 GC heap before
{Heap before GC invocations=1 (full 0):
 garbage-first heap   total 393216K, used 28217K [0x0000000682400000, 0x0000000800000000)
  region size 4096K, 7 young (28672K), 1 survivors (4096K)
 Metaspace       used 7537K, committed 7680K, reserved 1114112K
  class space    used 883K, committed 960K, reserved 1048576K
}
Event: 1.174 GC heap after
{Heap after GC invocations=2 (full 0):
 garbage-first heap   total 393216K, used 4516K [0x0000000682400000, 0x0000000800000000)
  region size 4096K, 1 young (4096K), 1 survivors (4096K)
 Metaspace       used 7537K, committed 7680K, reserved 1114112K
  class space    used 883K, committed 960K, reserved 1048576K
}

Dll operation events (11 events):
Event: 0.009 Loaded shared library C:\Users\Efra\.jdks\corretto-17.0.15-1\bin\java.dll
Event: 0.032 Loaded shared library C:\Users\Efra\.jdks\corretto-17.0.15-1\bin\jsvml.dll
Event: 0.088 Loaded shared library C:\Users\Efra\.jdks\corretto-17.0.15-1\bin\zip.dll
Event: 0.091 Loaded shared library C:\Users\Efra\.jdks\corretto-17.0.15-1\bin\instrument.dll
Event: 0.098 Loaded shared library C:\Users\Efra\.jdks\corretto-17.0.15-1\bin\net.dll
Event: 0.100 Loaded shared library C:\Users\Efra\.jdks\corretto-17.0.15-1\bin\nio.dll
Event: 0.103 Loaded shared library C:\Users\Efra\.jdks\corretto-17.0.15-1\bin\zip.dll
Event: 0.121 Loaded shared library C:\Users\Efra\.jdks\corretto-17.0.15-1\bin\extnet.dll
Event: 0.210 Loaded shared library C:\Users\Efra\.jdks\corretto-17.0.15-1\bin\jimage.dll
Event: 0.507 Loaded shared library C:\Users\Efra\AppData\Local\Temp\jansi-2.4.1-c431ec3725f22dd6-jansi.dll
Event: 0.518 Loaded shared library C:\Users\Efra\.jdks\corretto-17.0.15-1\bin\verify.dll

Deoptimization events (20 events):
Event: 2.470 Thread 0x000002b191495420 DEOPT PACKING pc=0x000002b1a0d0210c sp=0x000000f555efc860
Event: 2.470 Thread 0x000002b191495420 DEOPT UNPACKING pc=0x000002b1a04869a3 sp=0x000000f555efc7f0 mode 2
Event: 2.486 Thread 0x000002b191495420 Uncommon trap: trap_request=0xffffffbe fr.pc=0x000002b1a0d1b244 relative=0x00000000000009a4
Event: 2.486 Thread 0x000002b191495420 Uncommon trap: reason=profile_predicate action=maybe_recompile pc=0x000002b1a0d1b244 method=java.util.regex.Pattern$CharPropertyGreedy.match(Ljava/util/regex/Matcher;ILjava/lang/CharSequence;)Z @ 103 c2
Event: 2.486 Thread 0x000002b191495420 DEOPT PACKING pc=0x000002b1a0d1b244 sp=0x000000f555efc570
Event: 2.486 Thread 0x000002b191495420 DEOPT UNPACKING pc=0x000002b1a04869a3 sp=0x000000f555efc500 mode 2
Event: 2.486 Thread 0x000002b191495420 Uncommon trap: trap_request=0xffffff45 fr.pc=0x000002b1a0cf577c relative=0x0000000000001cfc
Event: 2.486 Thread 0x000002b191495420 Uncommon trap: reason=unstable_if action=reinterpret pc=0x000002b1a0cf577c method=org.codehaus.plexus.util.xml.pull.MXParser.nextImpl()I @ 280 c2
Event: 2.486 Thread 0x000002b191495420 DEOPT PACKING pc=0x000002b1a0cf577c sp=0x000000f555efc190
Event: 2.486 Thread 0x000002b191495420 DEOPT UNPACKING pc=0x000002b1a04869a3 sp=0x000000f555efc138 mode 2
Event: 2.487 Thread 0x000002b191495420 Uncommon trap: trap_request=0xffffffbe fr.pc=0x000002b1a0d1b244 relative=0x00000000000009a4
Event: 2.487 Thread 0x000002b191495420 Uncommon trap: reason=profile_predicate action=maybe_recompile pc=0x000002b1a0d1b244 method=java.util.regex.Pattern$CharPropertyGreedy.match(Ljava/util/regex/Matcher;ILjava/lang/CharSequence;)Z @ 103 c2
Event: 2.487 Thread 0x000002b191495420 DEOPT PACKING pc=0x000002b1a0d1b244 sp=0x000000f555efc090
Event: 2.487 Thread 0x000002b191495420 DEOPT UNPACKING pc=0x000002b1a04869a3 sp=0x000000f555efc020 mode 2
Event: 2.527 Thread 0x000002b191495420 DEOPT PACKING pc=0x000002b199087133 sp=0x000000f555efc5d0
Event: 2.527 Thread 0x000002b191495420 DEOPT UNPACKING pc=0x000002b1a0487143 sp=0x000000f555efbaf0 mode 0
Event: 2.530 Thread 0x000002b191495420 Uncommon trap: trap_request=0xffffff45 fr.pc=0x000002b1a0c16c34 relative=0x0000000000000574
Event: 2.531 Thread 0x000002b191495420 Uncommon trap: reason=unstable_if action=reinterpret pc=0x000002b1a0c16c34 method=java.lang.String.regionMatches(ZILjava/lang/String;II)Z @ 21 c2
Event: 2.531 Thread 0x000002b191495420 DEOPT PACKING pc=0x000002b1a0c16c34 sp=0x000000f555efcb30
Event: 2.531 Thread 0x000002b191495420 DEOPT UNPACKING pc=0x000002b1a04869a3 sp=0x000000f555efcad8 mode 2

Classes loaded (20 events):
Event: 2.043 Loading class sun/nio/ch/Interruptible done
Event: 2.043 Loading class java/nio/channels/spi/AbstractInterruptibleChannel$1 done
Event: 2.043 Loading class java/util/AbstractMap$2
Event: 2.043 Loading class java/util/AbstractMap$2 done
Event: 2.043 Loading class java/util/AbstractMap$2$1
Event: 2.043 Loading class java/util/AbstractMap$2$1 done
Event: 2.044 Loading class java/lang/invoke/MethodHandle$1
Event: 2.045 Loading class java/lang/invoke/MethodHandle$1 done
Event: 2.083 Loading class java/util/stream/Streams$RangeIntSpliterator
Event: 2.083 Loading class java/util/stream/Streams$RangeIntSpliterator done
Event: 2.091 Loading class java/util/stream/MatchOps$MatchKind
Event: 2.092 Loading class java/util/stream/MatchOps$MatchKind done
Event: 2.092 Loading class java/util/stream/MatchOps
Event: 2.092 Loading class java/util/stream/MatchOps done
Event: 2.092 Loading class java/util/stream/MatchOps$MatchOp
Event: 2.092 Loading class java/util/stream/MatchOps$MatchOp done
Event: 2.092 Loading class java/util/stream/MatchOps$BooleanTerminalSink
Event: 2.092 Loading class java/util/stream/MatchOps$BooleanTerminalSink done
Event: 2.092 Loading class java/util/stream/MatchOps$1MatchSink
Event: 2.092 Loading class java/util/stream/MatchOps$1MatchSink done

Classes unloaded (0 events):
No events

Classes redefined (0 events):
No events

Internal exceptions (20 events):
Event: 0.776 Thread 0x000002b191495420 Exception <a 'java/lang/NoSuchMethodError'{0x00000006991a85f8}: 'java.lang.Object java.lang.invoke.Invokers$Holder.invokeExact_MT(java.lang.Object, java.lang.Object, java.lang.Object, java.lang.Object, java.lang.Object, java.lang.Object)'> (0x00000006991a85f8) 
thrown [s\src\hotspot\share\interpreter\linkResolver.cpp, line 759]
Event: 0.779 Thread 0x000002b191495420 Exception <a 'java/lang/NoSuchMethodError'{0x00000006991b9a18}: 'int java.lang.invoke.DirectMethodHandle$Holder.invokeSpecialIFC(java.lang.Object, java.lang.Object, java.lang.Object, java.lang.Object, java.lang.Object)'> (0x00000006991b9a18) 
thrown [s\src\hotspot\share\interpreter\linkResolver.cpp, line 759]
Event: 0.821 Thread 0x000002b191495420 Exception <a 'java/lang/NoSuchMethodError'{0x000000069936a8b8}: 'java.lang.Object java.lang.invoke.DirectMethodHandle$Holder.newInvokeSpecial(java.lang.Object, java.lang.Object, java.lang.Object, java.lang.Object, java.lang.Object)'> (0x000000069936a8b8) 
thrown [s\src\hotspot\share\interpreter\linkResolver.cpp, line 759]
Event: 0.851 Thread 0x000002b191495420 Exception <a 'java/lang/NoSuchMethodError'{0x000000069a076358}: 'int java.lang.invoke.DirectMethodHandle$Holder.invokeStaticInit(java.lang.Object, java.lang.Object)'> (0x000000069a076358) 
thrown [s\src\hotspot\share\interpreter\linkResolver.cpp, line 759]
Event: 0.858 Thread 0x000002b191495420 Exception <a 'java/lang/NoClassDefFoundError'{0x000000069a0b05f0}: javax/enterprise/inject/Typed> (0x000000069a0b05f0) 
thrown [s\src\hotspot\share\classfile\systemDictionary.cpp, line 245]
Event: 1.509 Thread 0x000002b191495420 Exception <a 'java/lang/NoSuchMethodError'{0x0000000698d6b8f8}: 'void java.lang.invoke.DirectMethodHandle$Holder.invokeStaticInit(java.lang.Object, java.lang.Object, java.lang.Object)'> (0x0000000698d6b8f8) 
thrown [s\src\hotspot\share\interpreter\linkResolver.cpp, line 759]
Event: 1.514 Thread 0x000002b191495420 Exception <a 'java/lang/ExceptionInInitializerError'{0x0000000698d977a8}> (0x0000000698d977a8) 
thrown [s\src\hotspot\share\oops\instanceKlass.cpp, line 1218]
Event: 1.540 Thread 0x000002b191495420 Implicit null exception at 0x000002b1a0c0902f to 0x000002b1a0c09190
Event: 1.542 Thread 0x000002b191495420 Exception <a 'java/lang/NoSuchMethodError'{0x0000000698eab028}: 'java.lang.Object java.lang.invoke.Invokers$Holder.invokeExact_MT(java.lang.Object, int, java.lang.Object)'> (0x0000000698eab028) 
thrown [s\src\hotspot\share\interpreter\linkResolver.cpp, line 759]
Event: 1.557 Thread 0x000002b191495420 Exception <a 'java/lang/NoSuchMethodError'{0x0000000698f4f648}: 'int java.lang.invoke.DirectMethodHandle$Holder.invokeSpecial(java.lang.Object, java.lang.Object, java.lang.Object, java.lang.Object)'> (0x0000000698f4f648) 
thrown [s\src\hotspot\share\interpreter\linkResolver.cpp, line 759]
Event: 1.765 Thread 0x000002b191495420 Exception <a 'java/lang/NoClassDefFoundError'{0x00000006983a93c8}: com/google/inject/servlet/ServletModuleTargetVisitor> (0x00000006983a93c8) 
thrown [s\src\hotspot\share\classfile\systemDictionary.cpp, line 245]
Event: 1.819 Thread 0x000002b191495420 Exception <a 'java/lang/NoSuchMethodError'{0x0000000697e31ed8}: 'void java.lang.invoke.DirectMethodHandle$Holder.invokeVirtual(java.lang.Object, java.lang.Object)'> (0x0000000697e31ed8) 
thrown [s\src\hotspot\share\interpreter\linkResolver.cpp, line 759]
Event: 1.838 Thread 0x000002b191495420 Exception <a 'java/lang/NoSuchMethodError'{0x0000000697eb96f8}: 'java.lang.Object java.lang.invoke.DirectMethodHandle$Holder.invokeStaticInit(java.lang.Object, int, int, int, int)'> (0x0000000697eb96f8) 
thrown [s\src\hotspot\share\interpreter\linkResolver.cpp, line 759]
Event: 1.955 Thread 0x000002b191495420 Exception <a 'java/lang/NoSuchMethodError'{0x00000006974a4f30}: 'void java.lang.invoke.DirectMethodHandle$Holder.invokeSpecial(java.lang.Object, java.lang.Object, java.lang.Object, java.lang.Object, java.lang.Object)'> (0x00000006974a4f30) 
thrown [s\src\hotspot\share\interpreter\linkResolver.cpp, line 759]
Event: 1.958 Thread 0x000002b191495420 Exception <a 'java/lang/NoSuchMethodError'{0x00000006974c3008}: 'java.lang.Object java.lang.invoke.DirectMethodHandle$Holder.invokeVirtual(java.lang.Object, java.lang.Object, java.lang.Object)'> (0x00000006974c3008) 
thrown [s\src\hotspot\share\interpreter\linkResolver.cpp, line 759]
Event: 1.960 Thread 0x000002b191495420 Exception <a 'java/lang/NoSuchMethodError'{0x00000006974d2268}: 'void java.lang.invoke.DirectMethodHandle$Holder.invokeSpecial(java.lang.Object, java.lang.Object, java.lang.Object, java.lang.Object, java.lang.Object, java.lang.Object)'> (0x00000006974d2268) 
thrown [s\src\hotspot\share\interpreter\linkResolver.cpp, line 759]
Event: 2.409 Thread 0x000002b191495420 Implicit null exception at 0x000002b1a0bbc8d8 to 0x000002b1a0bbc96e
Event: 2.412 Thread 0x000002b191495420 Implicit null exception at 0x000002b1a0cb2aef to 0x000002b1a0cb2ce8
Event: 2.415 Thread 0x000002b191495420 Implicit null exception at 0x000002b1a0cacbef to 0x000002b1a0cacddc
Event: 2.417 Thread 0x000002b191495420 Implicit null exception at 0x000002b1a0c2258f to 0x000002b1a0c22609

VM Operations (20 events):
Event: 1.630 Executing VM operation: HandshakeAllThreads
Event: 1.630 Executing VM operation: HandshakeAllThreads done
Event: 1.743 Executing VM operation: HandshakeAllThreads
Event: 1.743 Executing VM operation: HandshakeAllThreads done
Event: 1.766 Executing VM operation: ICBufferFull
Event: 1.766 Executing VM operation: ICBufferFull done
Event: 1.827 Executing VM operation: HandshakeAllThreads
Event: 1.827 Executing VM operation: HandshakeAllThreads done
Event: 1.851 Executing VM operation: HandshakeAllThreads
Event: 1.851 Executing VM operation: HandshakeAllThreads done
Event: 1.922 Executing VM operation: HandshakeAllThreads
Event: 1.922 Executing VM operation: HandshakeAllThreads done
Event: 1.922 Executing VM operation: HandshakeAllThreads
Event: 1.922 Executing VM operation: HandshakeAllThreads done
Event: 2.087 Executing VM operation: ICBufferFull
Event: 2.087 Executing VM operation: ICBufferFull done
Event: 2.191 Executing VM operation: HandshakeAllThreads
Event: 2.191 Executing VM operation: HandshakeAllThreads done
Event: 2.405 Executing VM operation: ICBufferFull
Event: 2.405 Executing VM operation: ICBufferFull done

Memory protections (0 events):
No events

Nmethod flushes (0 events):
No events

Events (20 events):
Event: 0.044 Thread 0x000002b191495420 Thread added: 0x000002b1ff121460
Event: 0.044 Thread 0x000002b191495420 Thread added: 0x000002b1ff125540
Event: 0.044 Thread 0x000002b191495420 Thread added: 0x000002b1ff133420
Event: 0.044 Thread 0x000002b191495420 Thread added: 0x000002b1ff164500
Event: 0.066 Thread 0x000002b191495420 Thread added: 0x000002b1b9873750
Event: 0.073 Thread 0x000002b1ff133420 Thread added: 0x000002b1b98740f0
Event: 0.074 Thread 0x000002b1ff133420 Thread added: 0x000002b1ff259190
Event: 0.082 Thread 0x000002b1b98740f0 Thread added: 0x000002b1ff285720
Event: 0.111 Thread 0x000002b191495420 Thread added: 0x000002b1ff32b5b0
Event: 0.111 Thread 0x000002b191495420 Thread added: 0x000002b1ff32dc50
Event: 0.208 Thread 0x000002b191495420 Thread added: 0x000002b1ff5539e0
Event: 0.216 Thread 0x000002b1ff5539e0 Thread exited: 0x000002b1ff5539e0
Event: 0.508 Thread 0x000002b1ff285720 Thread exited: 0x000002b1ff285720
Event: 0.586 Thread 0x000002b1b98740f0 Thread added: 0x000002b1ffa24590
Event: 0.597 Thread 0x000002b1b98740f0 Thread added: 0x000002b1ff73ce10
Event: 0.633 Thread 0x000002b1ff133420 Thread added: 0x000002b1ffb7aaf0
Event: 0.880 Thread 0x000002b1ffb7aaf0 Thread added: 0x000002b1ffc3c960
Event: 0.880 Thread 0x000002b1ffb7aaf0 Thread added: 0x000002b1801cd2e0
Event: 0.880 Thread 0x000002b1ffb7aaf0 Thread added: 0x000002b1801cd800
Event: 1.893 Thread 0x000002b191495420 Thread added: 0x000002b180cca1c0


Dynamic libraries:
0x00007ff6bad10000 - 0x00007ff6bad1e000 	C:\Users\Efra\.jdks\corretto-17.0.15-1\bin\java.exe
0x00007ff9d9bb0000 - 0x00007ff9d9da8000 	C:\Windows\SYSTEM32\ntdll.dll
0x00007ff9d9090000 - 0x00007ff9d9152000 	C:\Windows\System32\KERNEL32.DLL
0x00007ff9d7570000 - 0x00007ff9d7866000 	C:\Windows\System32\KERNELBASE.dll
0x00007ff9d7470000 - 0x00007ff9d7570000 	C:\Windows\System32\ucrtbase.dll
0x00007ff9bb180000 - 0x00007ff9bb19b000 	C:\Users\Efra\.jdks\corretto-17.0.15-1\bin\VCRUNTIME140.dll
0x00007ff9bb160000 - 0x00007ff9bb177000 	C:\Users\Efra\.jdks\corretto-17.0.15-1\bin\jli.dll
0x00007ff9d8c40000 - 0x00007ff9d8ddd000 	C:\Windows\System32\USER32.dll
0x00007ff9d7390000 - 0x00007ff9d73b2000 	C:\Windows\System32\win32u.dll
0x00007ff9d8e70000 - 0x00007ff9d8e9b000 	C:\Windows\System32\GDI32.dll
0x00007ff9be6c0000 - 0x00007ff9be95a000 	C:\Windows\WinSxS\amd64_microsoft.windows.common-controls_6595b64144ccf1df_6.0.19041.4355_none_60b8b9eb71f62e16\COMCTL32.dll
0x00007ff9d7270000 - 0x00007ff9d738a000 	C:\Windows\System32\gdi32full.dll
0x00007ff9d8ff0000 - 0x00007ff9d908e000 	C:\Windows\System32\msvcrt.dll
0x00007ff9d7b30000 - 0x00007ff9d7bcd000 	C:\Windows\System32\msvcp_win.dll
0x00007ff9d8e40000 - 0x00007ff9d8e6f000 	C:\Windows\System32\IMM32.DLL
0x00007ff9d0ac0000 - 0x00007ff9d0acc000 	C:\Users\Efra\.jdks\corretto-17.0.15-1\bin\vcruntime140_1.dll
0x00007ff9b7850000 - 0x00007ff9b78dd000 	C:\Users\Efra\.jdks\corretto-17.0.15-1\bin\msvcp140.dll
0x00007ff9a0250000 - 0x00007ff9a0ebc000 	C:\Users\Efra\.jdks\corretto-17.0.15-1\bin\server\jvm.dll
0x00007ff9d8b90000 - 0x00007ff9d8c3f000 	C:\Windows\System32\ADVAPI32.dll
0x00007ff9d96a0000 - 0x00007ff9d973f000 	C:\Windows\System32\sechost.dll
0x00007ff9d8eb0000 - 0x00007ff9d8fd3000 	C:\Windows\System32\RPCRT4.dll
0x00007ff9d7240000 - 0x00007ff9d7267000 	C:\Windows\System32\bcrypt.dll
0x00007ff9d88c0000 - 0x00007ff9d892b000 	C:\Windows\System32\WS2_32.dll
0x00007ff9d67d0000 - 0x00007ff9d681b000 	C:\Windows\SYSTEM32\POWRPROF.dll
0x00007ff9c9cf0000 - 0x00007ff9c9d17000 	C:\Windows\SYSTEM32\WINMM.dll
0x00007ff9d1ab0000 - 0x00007ff9d1aba000 	C:\Windows\SYSTEM32\VERSION.dll
0x00007ff9d6640000 - 0x00007ff9d6652000 	C:\Windows\SYSTEM32\UMPDC.dll
0x00007ff9d50e0000 - 0x00007ff9d50f2000 	C:\Windows\SYSTEM32\kernel.appcore.dll
0x00007ff9b8950000 - 0x00007ff9b895a000 	C:\Users\Efra\.jdks\corretto-17.0.15-1\bin\jimage.dll
0x00007ff9c9200000 - 0x00007ff9c93e4000 	C:\Windows\SYSTEM32\DBGHELP.DLL
0x00007ff9b0a20000 - 0x00007ff9b0a54000 	C:\Windows\SYSTEM32\dbgcore.DLL
0x00007ff9d7aa0000 - 0x00007ff9d7b22000 	C:\Windows\System32\bcryptPrimitives.dll
0x00007ff9b6250000 - 0x00007ff9b625e000 	C:\Users\Efra\.jdks\corretto-17.0.15-1\bin\instrument.dll
0x00007ff9b8920000 - 0x00007ff9b8945000 	C:\Users\Efra\.jdks\corretto-17.0.15-1\bin\java.dll
0x00007ff9b7770000 - 0x00007ff9b7847000 	C:\Users\Efra\.jdks\corretto-17.0.15-1\bin\jsvml.dll
0x00007ff9d80c0000 - 0x00007ff9d882f000 	C:\Windows\System32\SHELL32.dll
0x00007ff9d52e0000 - 0x00007ff9d5a83000 	C:\Windows\SYSTEM32\windows.storage.dll
0x00007ff9d9810000 - 0x00007ff9d9b65000 	C:\Windows\System32\combase.dll
0x00007ff9d6c70000 - 0x00007ff9d6c9b000 	C:\Windows\SYSTEM32\Wldp.dll
0x00007ff9d9740000 - 0x00007ff9d980d000 	C:\Windows\System32\OLEAUT32.dll
0x00007ff9d7de0000 - 0x00007ff9d7e8d000 	C:\Windows\System32\SHCORE.dll
0x00007ff9d9640000 - 0x00007ff9d9695000 	C:\Windows\System32\shlwapi.dll
0x00007ff9d7170000 - 0x00007ff9d7195000 	C:\Windows\SYSTEM32\profapi.dll
0x00007ff9b7670000 - 0x00007ff9b7688000 	C:\Users\Efra\.jdks\corretto-17.0.15-1\bin\zip.dll
0x00007ff9b7750000 - 0x00007ff9b7769000 	C:\Users\Efra\.jdks\corretto-17.0.15-1\bin\net.dll
0x00007ff9d1960000 - 0x00007ff9d1a6a000 	C:\Windows\SYSTEM32\WINHTTP.dll
0x00007ff9d69d0000 - 0x00007ff9d6a3c000 	C:\Windows\system32\mswsock.dll
0x00007ff9b7690000 - 0x00007ff9b76a6000 	C:\Users\Efra\.jdks\corretto-17.0.15-1\bin\nio.dll
0x00007ff9b7740000 - 0x00007ff9b7749000 	C:\Users\Efra\.jdks\corretto-17.0.15-1\bin\extnet.dll
0x00007ff9b6220000 - 0x00007ff9b6244000 	C:\Users\Efra\AppData\Local\Temp\jansi-2.4.1-c431ec3725f22dd6-jansi.dll
0x00007ff9b7650000 - 0x00007ff9b7660000 	C:\Users\Efra\.jdks\corretto-17.0.15-1\bin\verify.dll

dbghelp: loaded successfully - version: 4.0.5 - missing functions: none
symbol engine: initialized successfully - sym options: 0x614 - pdb path: .;C:\Users\Efra\.jdks\corretto-17.0.15-1\bin;C:\Windows\SYSTEM32;C:\Windows\WinSxS\amd64_microsoft.windows.common-controls_6595b64144ccf1df_6.0.19041.4355_none_60b8b9eb71f62e16;C:\Users\Efra\.jdks\corretto-17.0.15-1\bin\server;C:\Users\Efra\AppData\Local\Temp

VM Arguments:
jvm_args: -Dmaven.multiModuleProjectDirectory=D:\FormulaRacing -Djansi.passthrough=true -Dmaven.home=D:/IntelliJ IDEA Community Edition 2025.1.4/plugins/maven/lib/maven3 -Dclassworlds.conf=D:\IntelliJ IDEA Community Edition 2025.1.4\plugins\maven\lib\maven3\bin\m2.conf -Dmaven.ext.class.path=D:\IntelliJ IDEA Community Edition 2025.1.4\plugins\maven\lib\maven-event-listener.jar -javaagent:D:\IntelliJ IDEA Community Edition 2025.1.4\lib\idea_rt.jar=52120 -Dfile.encoding=UTF-8 
java_command: org.codehaus.classworlds.Launcher -Didea.version=2025.1.4 clean package
java_class_path (initial): D:\IntelliJ IDEA Community Edition 2025.1.4\plugins\maven\lib\maven3\boot\plexus-classworlds-2.8.0.jar;D:\IntelliJ IDEA Community Edition 2025.1.4\plugins\maven\lib\maven3\boot\plexus-classworlds.license
Launcher Type: SUN_STANDARD

[Global flags]
     intx CICompilerCount                          = 12                                        {product} {ergonomic}
     uint ConcGCThreads                            = 4                                         {product} {ergonomic}
     uint G1ConcRefinementThreads                  = 15                                        {product} {ergonomic}
   size_t G1HeapRegionSize                         = 4194304                                   {product} {ergonomic}
    uintx GCDrainStackTargetSize                   = 64                                        {product} {ergonomic}
   size_t InitialHeapSize                          = 402653184                                 {product} {ergonomic}
   size_t MarkStackSize                            = 4194304                                   {product} {ergonomic}
   size_t MaxHeapSize                              = 6404702208                                {product} {ergonomic}
   size_t MaxNewSize                               = 3841982464                                {product} {ergonomic}
   size_t MinHeapDeltaBytes                        = 4194304                                   {product} {ergonomic}
   size_t MinHeapSize                              = 8388608                                   {product} {ergonomic}
    uintx NonNMethodCodeHeapSize                   = 7602480                                {pd product} {ergonomic}
    uintx NonProfiledCodeHeapSize                  = 122027880                              {pd product} {ergonomic}
    uintx ProfiledCodeHeapSize                     = 122027880                              {pd product} {ergonomic}
    uintx ReservedCodeCacheSize                    = 251658240                              {pd product} {ergonomic}
     bool SegmentedCodeCache                       = true                                      {product} {ergonomic}
   size_t SoftMaxHeapSize                          = 6404702208                             {manageable} {ergonomic}
     bool UseCompressedClassPointers               = true                           {product lp64_product} {ergonomic}
     bool UseCompressedOops                        = true                           {product lp64_product} {ergonomic}
     bool UseG1GC                                  = true                                      {product} {ergonomic}
     bool UseLargePagesIndividualAllocation        = false                                  {pd product} {ergonomic}

Logging:
Log output configuration:
 #0: stdout all=warning uptime,level,tags
 #1: stderr all=off uptime,level,tags

Environment Variables:
PATH=C:\Program Files\Common Files\Oracle\Java\javapath;C:\Program Files (x86)\Common Files\Oracle\Java\java8path;C:\Program Files (x86)\Common Files\Intel\Shared Libraries\redist\intel64_win\compiler;C:\Program Files (x86)\Common Files\Intel\Shared Libraries\redist\intel64\compiler;C:\Windows\system32;C:\Windows;C:\Windows\System32\Wbem;C:\Windows\System32\WindowsPowerShell\v1.0\;C:\Windows\System32\OpenSSH\;C:\Program Files\dotnet\;C:\Program Files (x86)\Touch Portal\plugins\adb\platform-tools;C:\Program Files (x86)\NVIDIA Corporation\PhysX\Common;C:\Program Files\Filestar;C:\ProgramData\Filestar\aliases;C:\Program Files\Git\cmd;C:\Program Files\WorldPainter;C:\Program Files\NVIDIA Corporation\NVIDIA App\NvDLISR;C:\Users\Efra\AppData\Local\Programs\Python\Python313\Scripts\;C:\Users\Efra\AppData\Local\Programs\Python\Python313\;c:\ffmpeg\bin
USERNAME=Efra
OS=Windows_NT
PROCESSOR_IDENTIFIER=Intel64 Family 6 Model 79 Stepping 1, GenuineIntel
TMP=C:\Users\Efra\AppData\Local\Temp
TEMP=C:\Users\Efra\AppData\Local\Temp



Periodic native trim disabled


---------------  S Y S T E M  ---------------

OS:
 Windows 10 , 64 bit Build 19041 (10.0.19041.5678)
OS uptime: 0 days 6:43 hours

CPU: total 20 (initial active 20) (10 cores per cpu, 2 threads per core) family 6 model 79 stepping 1 microcode 0xb000031, cx8, cmov, fxsr, ht, mmx, 3dnowpref, sse, sse2, sse3, ssse3, sse4.1, sse4.2, popcnt, lzcnt, tsc, tscinvbit, avx, avx2, aes, erms, clmul, bmi1, bmi2, rtm, adx, fma, vzeroupper, clflush
Processor Information for all 20 processors :
  Max Mhz: 2401, Current Mhz: 2401, Mhz Limit: 2401

Memory: 4k page, system-wide physical 24417M (1182M free)
TotalPageFile size 27818M (AvailPageFile size 17M)
current process WorkingSet (physical memory assigned to process): 165M, peak: 167M
current process commit charge ("private bytes"): 546M, peak: 548M

vm_info: OpenJDK 64-Bit Server VM (17.0.15+6-LTS) for windows-amd64 JRE (17.0.15+6-LTS), built on Apr  9 2025 23:33:55 by "Administrator" with MS VC++ 16.10 / 16.11 (VS2019)

END.
