#
# There is insufficient memory for the Java Runtime Environment to continue.
# Native memory allocation (malloc) failed to allocate 187984 bytes. Error detail: Chunk::new
# Possible reasons:
#   The system is out of physical RAM or swap space
#   This process is running with CompressedOops enabled, and the Java Heap may be blocking the growth of the native heap
# Possible solutions:
#   Reduce memory load on the system
#   Increase physical memory or swap space
#   Check if swap backing store is full
#   Decrease Java heap size (-Xmx/-Xms)
#   Decrease number of Java threads
#   Decrease Java thread stack sizes (-Xss)
#   Set larger code cache with -XX:ReservedCodeCacheSize=
#   JVM is running with Zero Based Compressed Oops mode in which the Java heap is
#     placed in the first 32GB address space. The Java Heap base address is the
#     maximum limit for the native heap growth. Please use -XX:HeapBaseMinAddress
#     to set the Java Heap base and to place the Java Heap above 32GB virtual address.
# This output file may be truncated or incomplete.
#
#  Out of Memory Error (arena.cpp:168), pid=21560, tid=21340
#
# JRE version: OpenJDK Runtime Environment JBR-21.0.7+9-895.130-jcef (21.0.7+9) (build 21.0.7+9-b895.130)
# Java VM: OpenJDK 64-Bit Server VM JBR-21.0.7+9-895.130-jcef (21.0.7+9-b895.130, mixed mode, tiered, compressed oops, compressed class ptrs, g1 gc, windows-amd64)
# No core dump will be written. Minidumps are not enabled by default on client versions of Windows
#

---------------  S U M M A R Y ------------

Command Line: git4idea.http.GitAskPassApp Username for 'https://github.com': 

Host: Intel(R) Xeon(R) CPU E5-2640 v4 @ 2.40GHz, 20 cores, 31G,  Windows 10 , 64 bit Build 19041 (10.0.19041.5678)
Time: Mon Dec 29 18:29:31 2025 Hora oficial do Brasil elapsed time: 1.206492 seconds (0d 0h 0m 1s)

---------------  T H R E A D  ---------------

Current thread (0x0000022f802739c0):  JavaThread "C2 CompilerThread0" daemon [_thread_in_native, id=21340, stack(0x000000f4c8600000,0x000000f4c8700000) (1024K)]


Current CompileTask:
C2:1206 1060       4       jdk.internal.org.objectweb.asm.SymbolTable::addConstantUtf8 (98 bytes)

Stack: [0x000000f4c8600000,0x000000f4c8700000]
Native frames: (J=compiled Java code, j=interpreted, Vv=VM code, C=native code)
V  [jvm.dll+0x6e6049]
V  [jvm.dll+0x8c4343]
V  [jvm.dll+0x8c689e]
V  [jvm.dll+0x8c6f83]
V  [jvm.dll+0x289266]
V  [jvm.dll+0xc675d]
V  [jvm.dll+0xc6c93]
V  [jvm.dll+0x3c4a0b]
V  [jvm.dll+0x3905b7]
V  [jvm.dll+0x38fa2a]
V  [jvm.dll+0x250912]
V  [jvm.dll+0x24fee1]
V  [jvm.dll+0x1cd734]
V  [jvm.dll+0x25f76c]
V  [jvm.dll+0x25dcb6]
V  [jvm.dll+0x3ffa86]
V  [jvm.dll+0x86bea8]
V  [jvm.dll+0x6e480d]
C  [ucrtbase.dll+0x21bb2]
C  [KERNEL32.DLL+0x17374]
C  [ntdll.dll+0x4cc91]


---------------  P R O C E S S  ---------------

Threads class SMR info:
_java_thread_list=0x0000022f80ba4040, length=18, elements={
0x0000022fd3103130, 0x0000022f80241500, 0x0000022f80242ab0, 0x0000022f802573b0,
0x0000022f802580c0, 0x0000022f802475a0, 0x0000022f8024a7a0, 0x0000022f802739c0,
0x0000022f80282f20, 0x0000022f80406820, 0x0000022f8041a120, 0x0000022f80422980,
0x0000022f809469c0, 0x0000022f809beb90, 0x0000022f80a2d3e0, 0x0000022f80b0b2c0,
0x0000022f80a1ae10, 0x0000022f80a1c310
}

Java Threads: ( => current thread )
  0x0000022fd3103130 JavaThread "main"                              [_thread_blocked, id=17364, stack(0x000000f4c7800000,0x000000f4c7900000) (1024K)]
  0x0000022f80241500 JavaThread "Reference Handler"          daemon [_thread_blocked, id=11504, stack(0x000000f4c8000000,0x000000f4c8100000) (1024K)]
  0x0000022f80242ab0 JavaThread "Finalizer"                  daemon [_thread_blocked, id=3012, stack(0x000000f4c8100000,0x000000f4c8200000) (1024K)]
  0x0000022f802573b0 JavaThread "Signal Dispatcher"          daemon [_thread_blocked, id=12008, stack(0x000000f4c8200000,0x000000f4c8300000) (1024K)]
  0x0000022f802580c0 JavaThread "Attach Listener"            daemon [_thread_blocked, id=23948, stack(0x000000f4c8300000,0x000000f4c8400000) (1024K)]
  0x0000022f802475a0 JavaThread "Service Thread"             daemon [_thread_blocked, id=14384, stack(0x000000f4c8400000,0x000000f4c8500000) (1024K)]
  0x0000022f8024a7a0 JavaThread "Monitor Deflation Thread"   daemon [_thread_blocked, id=24008, stack(0x000000f4c8500000,0x000000f4c8600000) (1024K)]
=>0x0000022f802739c0 JavaThread "C2 CompilerThread0"         daemon [_thread_in_native, id=21340, stack(0x000000f4c8600000,0x000000f4c8700000) (1024K)]
  0x0000022f80282f20 JavaThread "C1 CompilerThread0"         daemon [_thread_blocked, id=6292, stack(0x000000f4c8700000,0x000000f4c8800000) (1024K)]
  0x0000022f80406820 JavaThread "C1 CompilerThread1"         daemon [_thread_blocked, id=17608, stack(0x000000f4c8800000,0x000000f4c8900000) (1024K)]
  0x0000022f8041a120 JavaThread "Notification Thread"        daemon [_thread_blocked, id=24168, stack(0x000000f4c8900000,0x000000f4c8a00000) (1024K)]
  0x0000022f80422980 JavaThread "Common-Cleaner"             daemon [_thread_blocked, id=10048, stack(0x000000f4c8a00000,0x000000f4c8b00000) (1024K)]
  0x0000022f809469c0 JavaThread "HttpClient-1-SelectorManager" daemon [_thread_in_native, id=18740, stack(0x000000f4c8b00000,0x000000f4c8c00000) (1024K)]
  0x0000022f809beb90 JavaThread "HttpClient-1-Worker-0"      daemon [_thread_in_Java, id=18484, stack(0x000000f4c8d00000,0x000000f4c8e00000) (1024K)]
  0x0000022f80a2d3e0 JavaThread "HttpClient-1-Worker-1"      daemon [_thread_blocked, id=21944, stack(0x000000f4c8e00000,0x000000f4c8f00000) (1024K)]
  0x0000022f80b0b2c0 JavaThread "C2 CompilerThread1"         daemon [_thread_in_native, id=10536, stack(0x000000f4c8f00000,0x000000f4c9000000) (1024K)]
  0x0000022f80a1ae10 JavaThread "C2 CompilerThread2"         daemon [_thread_in_native, id=24044, stack(0x000000f4c9000000,0x000000f4c9100000) (1024K)]
  0x0000022f80a1c310 JavaThread "C2 CompilerThread3"         daemon [_thread_in_native, id=9588, stack(0x000000f4c9100000,0x000000f4c9200000) (1024K)]
Total: 18

Other Threads:
  0x0000022ff328e7f0 VMThread "VM Thread"                           [id=13768, stack(0x000000f4c7f00000,0x000000f4c8000000) (1024K)]
  0x0000022ff3276330 WatcherThread "VM Periodic Task Thread"        [id=18048, stack(0x000000f4c7e00000,0x000000f4c7f00000) (1024K)]
  0x0000022fd31a6230 WorkerThread "GC Thread#0"                     [id=18040, stack(0x000000f4c7900000,0x000000f4c7a00000) (1024K)]
  0x0000022fd31b91c0 ConcurrentGCThread "G1 Main Marker"            [id=11872, stack(0x000000f4c7a00000,0x000000f4c7b00000) (1024K)]
  0x0000022fd31b9bd0 WorkerThread "G1 Conc#0"                       [id=16908, stack(0x000000f4c7b00000,0x000000f4c7c00000) (1024K)]
  0x0000022ff313ad50 ConcurrentGCThread "G1 Refine#0"               [id=8804, stack(0x000000f4c7c00000,0x000000f4c7d00000) (1024K)]
  0x0000022ff313d7e0 ConcurrentGCThread "G1 Service"                [id=16224, stack(0x000000f4c7d00000,0x000000f4c7e00000) (1024K)]
Total: 7

Threads with active compile tasks:
C2 CompilerThread0  1281 1060       4       jdk.internal.org.objectweb.asm.SymbolTable::addConstantUtf8 (98 bytes)
C2 CompilerThread1  1281 1156       4       sun.security.util.math.intpoly.IntegerPolynomial$MutableElement::setSum (6 bytes)
C2 CompilerThread2  1281 1150       4       sun.security.util.math.intpoly.IntegerPolynomialP256::mult (943 bytes)
C2 CompilerThread3  1281 1140       4       sun.security.util.math.intpoly.IntegerPolynomial::multByInt (30 bytes)
Total: 4

VM state: not at safepoint (normal execution)

VM Mutex/Monitor currently owned by a thread: None

Heap address: 0x0000000602400000, size: 8156 MB, Compressed Oops mode: Zero based, Oop shift amount: 3

CDS archive(s) not mapped
Compressed class space mapped at: 0x0000000800000000-0x0000000840000000, reserved size: 1073741824
Narrow klass base: 0x0000000800000000, Narrow klass shift: 0, Narrow klass range: 0x40000000

GC Precious Log:
 CardTable entry size: 512
 Card Set container configuration: InlinePtr #cards 4 size 8 Array Of Cards #cards 32 size 80 Howl #buckets 8 coarsen threshold 7372 Howl Bitmap #cards 1024 size 144 coarsen threshold 921 Card regions per heap region 1 cards per card region 8192
 CPUs: 20 total, 20 available
 Memory: 32609M
 Large Page Support: Disabled
 NUMA Support: Disabled
 Compressed Oops: Enabled (Zero based)
 Heap Region Size: 4M
 Heap Min Capacity: 8M
 Heap Initial Capacity: 512M
 Heap Max Capacity: 8156M
 Pre-touch: Disabled
 Parallel Workers: 15
 Concurrent Workers: 4
 Concurrent Refinement Workers: 15
 Periodic GC: Disabled

Heap:
 garbage-first heap   total 524288K, used 12288K [0x0000000602400000, 0x0000000800000000)
  region size 4096K, 4 young (16384K), 0 survivors (0K)
 Metaspace       used 16917K, committed 17216K, reserved 1114112K
  class space    used 1641K, committed 1792K, reserved 1048576K

Heap Regions: E=young(eden), S=young(survivor), O=old, HS=humongous(starts), HC=humongous(continues), CS=collection set, F=free, TAMS=top-at-mark-start, PB=parsable bottom
|   0|0x0000000602400000, 0x0000000602400000, 0x0000000602800000|  0%| F|  |TAMS 0x0000000602400000| PB 0x0000000602400000| Untracked 
|   1|0x0000000602800000, 0x0000000602800000, 0x0000000602c00000|  0%| F|  |TAMS 0x0000000602800000| PB 0x0000000602800000| Untracked 
|   2|0x0000000602c00000, 0x0000000602c00000, 0x0000000603000000|  0%| F|  |TAMS 0x0000000602c00000| PB 0x0000000602c00000| Untracked 
|   3|0x0000000603000000, 0x0000000603000000, 0x0000000603400000|  0%| F|  |TAMS 0x0000000603000000| PB 0x0000000603000000| Untracked 
|   4|0x0000000603400000, 0x0000000603400000, 0x0000000603800000|  0%| F|  |TAMS 0x0000000603400000| PB 0x0000000603400000| Untracked 
|   5|0x0000000603800000, 0x0000000603800000, 0x0000000603c00000|  0%| F|  |TAMS 0x0000000603800000| PB 0x0000000603800000| Untracked 
|   6|0x0000000603c00000, 0x0000000603c00000, 0x0000000604000000|  0%| F|  |TAMS 0x0000000603c00000| PB 0x0000000603c00000| Untracked 
|   7|0x0000000604000000, 0x0000000604000000, 0x0000000604400000|  0%| F|  |TAMS 0x0000000604000000| PB 0x0000000604000000| Untracked 
|   8|0x0000000604400000, 0x0000000604400000, 0x0000000604800000|  0%| F|  |TAMS 0x0000000604400000| PB 0x0000000604400000| Untracked 
|   9|0x0000000604800000, 0x0000000604800000, 0x0000000604c00000|  0%| F|  |TAMS 0x0000000604800000| PB 0x0000000604800000| Untracked 
|  10|0x0000000604c00000, 0x0000000604c00000, 0x0000000605000000|  0%| F|  |TAMS 0x0000000604c00000| PB 0x0000000604c00000| Untracked 
|  11|0x0000000605000000, 0x0000000605000000, 0x0000000605400000|  0%| F|  |TAMS 0x0000000605000000| PB 0x0000000605000000| Untracked 
|  12|0x0000000605400000, 0x0000000605400000, 0x0000000605800000|  0%| F|  |TAMS 0x0000000605400000| PB 0x0000000605400000| Untracked 
|  13|0x0000000605800000, 0x0000000605800000, 0x0000000605c00000|  0%| F|  |TAMS 0x0000000605800000| PB 0x0000000605800000| Untracked 
|  14|0x0000000605c00000, 0x0000000605c00000, 0x0000000606000000|  0%| F|  |TAMS 0x0000000605c00000| PB 0x0000000605c00000| Untracked 
|  15|0x0000000606000000, 0x0000000606000000, 0x0000000606400000|  0%| F|  |TAMS 0x0000000606000000| PB 0x0000000606000000| Untracked 
|  16|0x0000000606400000, 0x0000000606400000, 0x0000000606800000|  0%| F|  |TAMS 0x0000000606400000| PB 0x0000000606400000| Untracked 
|  17|0x0000000606800000, 0x0000000606800000, 0x0000000606c00000|  0%| F|  |TAMS 0x0000000606800000| PB 0x0000000606800000| Untracked 
|  18|0x0000000606c00000, 0x0000000606c00000, 0x0000000607000000|  0%| F|  |TAMS 0x0000000606c00000| PB 0x0000000606c00000| Untracked 
|  19|0x0000000607000000, 0x0000000607000000, 0x0000000607400000|  0%| F|  |TAMS 0x0000000607000000| PB 0x0000000607000000| Untracked 
|  20|0x0000000607400000, 0x0000000607400000, 0x0000000607800000|  0%| F|  |TAMS 0x0000000607400000| PB 0x0000000607400000| Untracked 
|  21|0x0000000607800000, 0x0000000607800000, 0x0000000607c00000|  0%| F|  |TAMS 0x0000000607800000| PB 0x0000000607800000| Untracked 
|  22|0x0000000607c00000, 0x0000000607c00000, 0x0000000608000000|  0%| F|  |TAMS 0x0000000607c00000| PB 0x0000000607c00000| Untracked 
|  23|0x0000000608000000, 0x0000000608000000, 0x0000000608400000|  0%| F|  |TAMS 0x0000000608000000| PB 0x0000000608000000| Untracked 
|  24|0x0000000608400000, 0x0000000608400000, 0x0000000608800000|  0%| F|  |TAMS 0x0000000608400000| PB 0x0000000608400000| Untracked 
|  25|0x0000000608800000, 0x0000000608800000, 0x0000000608c00000|  0%| F|  |TAMS 0x0000000608800000| PB 0x0000000608800000| Untracked 
|  26|0x0000000608c00000, 0x0000000608c00000, 0x0000000609000000|  0%| F|  |TAMS 0x0000000608c00000| PB 0x0000000608c00000| Untracked 
|  27|0x0000000609000000, 0x0000000609000000, 0x0000000609400000|  0%| F|  |TAMS 0x0000000609000000| PB 0x0000000609000000| Untracked 
|  28|0x0000000609400000, 0x0000000609400000, 0x0000000609800000|  0%| F|  |TAMS 0x0000000609400000| PB 0x0000000609400000| Untracked 
|  29|0x0000000609800000, 0x0000000609800000, 0x0000000609c00000|  0%| F|  |TAMS 0x0000000609800000| PB 0x0000000609800000| Untracked 
|  30|0x0000000609c00000, 0x0000000609c00000, 0x000000060a000000|  0%| F|  |TAMS 0x0000000609c00000| PB 0x0000000609c00000| Untracked 
|  31|0x000000060a000000, 0x000000060a000000, 0x000000060a400000|  0%| F|  |TAMS 0x000000060a000000| PB 0x000000060a000000| Untracked 
|  32|0x000000060a400000, 0x000000060a400000, 0x000000060a800000|  0%| F|  |TAMS 0x000000060a400000| PB 0x000000060a400000| Untracked 
|  33|0x000000060a800000, 0x000000060a800000, 0x000000060ac00000|  0%| F|  |TAMS 0x000000060a800000| PB 0x000000060a800000| Untracked 
|  34|0x000000060ac00000, 0x000000060ac00000, 0x000000060b000000|  0%| F|  |TAMS 0x000000060ac00000| PB 0x000000060ac00000| Untracked 
|  35|0x000000060b000000, 0x000000060b000000, 0x000000060b400000|  0%| F|  |TAMS 0x000000060b000000| PB 0x000000060b000000| Untracked 
|  36|0x000000060b400000, 0x000000060b400000, 0x000000060b800000|  0%| F|  |TAMS 0x000000060b400000| PB 0x000000060b400000| Untracked 
|  37|0x000000060b800000, 0x000000060b800000, 0x000000060bc00000|  0%| F|  |TAMS 0x000000060b800000| PB 0x000000060b800000| Untracked 
|  38|0x000000060bc00000, 0x000000060bc00000, 0x000000060c000000|  0%| F|  |TAMS 0x000000060bc00000| PB 0x000000060bc00000| Untracked 
|  39|0x000000060c000000, 0x000000060c000000, 0x000000060c400000|  0%| F|  |TAMS 0x000000060c000000| PB 0x000000060c000000| Untracked 
|  40|0x000000060c400000, 0x000000060c400000, 0x000000060c800000|  0%| F|  |TAMS 0x000000060c400000| PB 0x000000060c400000| Untracked 
|  41|0x000000060c800000, 0x000000060c800000, 0x000000060cc00000|  0%| F|  |TAMS 0x000000060c800000| PB 0x000000060c800000| Untracked 
|  42|0x000000060cc00000, 0x000000060cc00000, 0x000000060d000000|  0%| F|  |TAMS 0x000000060cc00000| PB 0x000000060cc00000| Untracked 
|  43|0x000000060d000000, 0x000000060d000000, 0x000000060d400000|  0%| F|  |TAMS 0x000000060d000000| PB 0x000000060d000000| Untracked 
|  44|0x000000060d400000, 0x000000060d400000, 0x000000060d800000|  0%| F|  |TAMS 0x000000060d400000| PB 0x000000060d400000| Untracked 
|  45|0x000000060d800000, 0x000000060d800000, 0x000000060dc00000|  0%| F|  |TAMS 0x000000060d800000| PB 0x000000060d800000| Untracked 
|  46|0x000000060dc00000, 0x000000060dc00000, 0x000000060e000000|  0%| F|  |TAMS 0x000000060dc00000| PB 0x000000060dc00000| Untracked 
|  47|0x000000060e000000, 0x000000060e000000, 0x000000060e400000|  0%| F|  |TAMS 0x000000060e000000| PB 0x000000060e000000| Untracked 
|  48|0x000000060e400000, 0x000000060e400000, 0x000000060e800000|  0%| F|  |TAMS 0x000000060e400000| PB 0x000000060e400000| Untracked 
|  49|0x000000060e800000, 0x000000060e800000, 0x000000060ec00000|  0%| F|  |TAMS 0x000000060e800000| PB 0x000000060e800000| Untracked 
|  50|0x000000060ec00000, 0x000000060ec00000, 0x000000060f000000|  0%| F|  |TAMS 0x000000060ec00000| PB 0x000000060ec00000| Untracked 
|  51|0x000000060f000000, 0x000000060f000000, 0x000000060f400000|  0%| F|  |TAMS 0x000000060f000000| PB 0x000000060f000000| Untracked 
|  52|0x000000060f400000, 0x000000060f400000, 0x000000060f800000|  0%| F|  |TAMS 0x000000060f400000| PB 0x000000060f400000| Untracked 
|  53|0x000000060f800000, 0x000000060f800000, 0x000000060fc00000|  0%| F|  |TAMS 0x000000060f800000| PB 0x000000060f800000| Untracked 
|  54|0x000000060fc00000, 0x000000060fc00000, 0x0000000610000000|  0%| F|  |TAMS 0x000000060fc00000| PB 0x000000060fc00000| Untracked 
|  55|0x0000000610000000, 0x0000000610000000, 0x0000000610400000|  0%| F|  |TAMS 0x0000000610000000| PB 0x0000000610000000| Untracked 
|  56|0x0000000610400000, 0x0000000610400000, 0x0000000610800000|  0%| F|  |TAMS 0x0000000610400000| PB 0x0000000610400000| Untracked 
|  57|0x0000000610800000, 0x0000000610800000, 0x0000000610c00000|  0%| F|  |TAMS 0x0000000610800000| PB 0x0000000610800000| Untracked 
|  58|0x0000000610c00000, 0x0000000610c00000, 0x0000000611000000|  0%| F|  |TAMS 0x0000000610c00000| PB 0x0000000610c00000| Untracked 
|  59|0x0000000611000000, 0x0000000611000000, 0x0000000611400000|  0%| F|  |TAMS 0x0000000611000000| PB 0x0000000611000000| Untracked 
|  60|0x0000000611400000, 0x0000000611400000, 0x0000000611800000|  0%| F|  |TAMS 0x0000000611400000| PB 0x0000000611400000| Untracked 
|  61|0x0000000611800000, 0x0000000611800000, 0x0000000611c00000|  0%| F|  |TAMS 0x0000000611800000| PB 0x0000000611800000| Untracked 
|  62|0x0000000611c00000, 0x0000000611c00000, 0x0000000612000000|  0%| F|  |TAMS 0x0000000611c00000| PB 0x0000000611c00000| Untracked 
|  63|0x0000000612000000, 0x0000000612000000, 0x0000000612400000|  0%| F|  |TAMS 0x0000000612000000| PB 0x0000000612000000| Untracked 
|  64|0x0000000612400000, 0x0000000612400000, 0x0000000612800000|  0%| F|  |TAMS 0x0000000612400000| PB 0x0000000612400000| Untracked 
|  65|0x0000000612800000, 0x0000000612800000, 0x0000000612c00000|  0%| F|  |TAMS 0x0000000612800000| PB 0x0000000612800000| Untracked 
|  66|0x0000000612c00000, 0x0000000612c00000, 0x0000000613000000|  0%| F|  |TAMS 0x0000000612c00000| PB 0x0000000612c00000| Untracked 
|  67|0x0000000613000000, 0x0000000613000000, 0x0000000613400000|  0%| F|  |TAMS 0x0000000613000000| PB 0x0000000613000000| Untracked 
|  68|0x0000000613400000, 0x0000000613400000, 0x0000000613800000|  0%| F|  |TAMS 0x0000000613400000| PB 0x0000000613400000| Untracked 
|  69|0x0000000613800000, 0x0000000613800000, 0x0000000613c00000|  0%| F|  |TAMS 0x0000000613800000| PB 0x0000000613800000| Untracked 
|  70|0x0000000613c00000, 0x0000000613c00000, 0x0000000614000000|  0%| F|  |TAMS 0x0000000613c00000| PB 0x0000000613c00000| Untracked 
|  71|0x0000000614000000, 0x0000000614000000, 0x0000000614400000|  0%| F|  |TAMS 0x0000000614000000| PB 0x0000000614000000| Untracked 
|  72|0x0000000614400000, 0x0000000614400000, 0x0000000614800000|  0%| F|  |TAMS 0x0000000614400000| PB 0x0000000614400000| Untracked 
|  73|0x0000000614800000, 0x0000000614800000, 0x0000000614c00000|  0%| F|  |TAMS 0x0000000614800000| PB 0x0000000614800000| Untracked 
|  74|0x0000000614c00000, 0x0000000614c00000, 0x0000000615000000|  0%| F|  |TAMS 0x0000000614c00000| PB 0x0000000614c00000| Untracked 
|  75|0x0000000615000000, 0x0000000615000000, 0x0000000615400000|  0%| F|  |TAMS 0x0000000615000000| PB 0x0000000615000000| Untracked 
|  76|0x0000000615400000, 0x0000000615400000, 0x0000000615800000|  0%| F|  |TAMS 0x0000000615400000| PB 0x0000000615400000| Untracked 
|  77|0x0000000615800000, 0x0000000615800000, 0x0000000615c00000|  0%| F|  |TAMS 0x0000000615800000| PB 0x0000000615800000| Untracked 
|  78|0x0000000615c00000, 0x0000000615c00000, 0x0000000616000000|  0%| F|  |TAMS 0x0000000615c00000| PB 0x0000000615c00000| Untracked 
|  79|0x0000000616000000, 0x0000000616000000, 0x0000000616400000|  0%| F|  |TAMS 0x0000000616000000| PB 0x0000000616000000| Untracked 
|  80|0x0000000616400000, 0x0000000616400000, 0x0000000616800000|  0%| F|  |TAMS 0x0000000616400000| PB 0x0000000616400000| Untracked 
|  81|0x0000000616800000, 0x0000000616800000, 0x0000000616c00000|  0%| F|  |TAMS 0x0000000616800000| PB 0x0000000616800000| Untracked 
|  82|0x0000000616c00000, 0x0000000616c00000, 0x0000000617000000|  0%| F|  |TAMS 0x0000000616c00000| PB 0x0000000616c00000| Untracked 
|  83|0x0000000617000000, 0x0000000617000000, 0x0000000617400000|  0%| F|  |TAMS 0x0000000617000000| PB 0x0000000617000000| Untracked 
|  84|0x0000000617400000, 0x0000000617400000, 0x0000000617800000|  0%| F|  |TAMS 0x0000000617400000| PB 0x0000000617400000| Untracked 
|  85|0x0000000617800000, 0x0000000617800000, 0x0000000617c00000|  0%| F|  |TAMS 0x0000000617800000| PB 0x0000000617800000| Untracked 
|  86|0x0000000617c00000, 0x0000000617c00000, 0x0000000618000000|  0%| F|  |TAMS 0x0000000617c00000| PB 0x0000000617c00000| Untracked 
|  87|0x0000000618000000, 0x0000000618000000, 0x0000000618400000|  0%| F|  |TAMS 0x0000000618000000| PB 0x0000000618000000| Untracked 
|  88|0x0000000618400000, 0x0000000618400000, 0x0000000618800000|  0%| F|  |TAMS 0x0000000618400000| PB 0x0000000618400000| Untracked 
|  89|0x0000000618800000, 0x0000000618800000, 0x0000000618c00000|  0%| F|  |TAMS 0x0000000618800000| PB 0x0000000618800000| Untracked 
|  90|0x0000000618c00000, 0x0000000618c00000, 0x0000000619000000|  0%| F|  |TAMS 0x0000000618c00000| PB 0x0000000618c00000| Untracked 
|  91|0x0000000619000000, 0x0000000619000000, 0x0000000619400000|  0%| F|  |TAMS 0x0000000619000000| PB 0x0000000619000000| Untracked 
|  92|0x0000000619400000, 0x0000000619400000, 0x0000000619800000|  0%| F|  |TAMS 0x0000000619400000| PB 0x0000000619400000| Untracked 
|  93|0x0000000619800000, 0x0000000619800000, 0x0000000619c00000|  0%| F|  |TAMS 0x0000000619800000| PB 0x0000000619800000| Untracked 
|  94|0x0000000619c00000, 0x0000000619c00000, 0x000000061a000000|  0%| F|  |TAMS 0x0000000619c00000| PB 0x0000000619c00000| Untracked 
|  95|0x000000061a000000, 0x000000061a000000, 0x000000061a400000|  0%| F|  |TAMS 0x000000061a000000| PB 0x000000061a000000| Untracked 
|  96|0x000000061a400000, 0x000000061a400000, 0x000000061a800000|  0%| F|  |TAMS 0x000000061a400000| PB 0x000000061a400000| Untracked 
|  97|0x000000061a800000, 0x000000061a800000, 0x000000061ac00000|  0%| F|  |TAMS 0x000000061a800000| PB 0x000000061a800000| Untracked 
|  98|0x000000061ac00000, 0x000000061ac00000, 0x000000061b000000|  0%| F|  |TAMS 0x000000061ac00000| PB 0x000000061ac00000| Untracked 
|  99|0x000000061b000000, 0x000000061b000000, 0x000000061b400000|  0%| F|  |TAMS 0x000000061b000000| PB 0x000000061b000000| Untracked 
| 100|0x000000061b400000, 0x000000061b400000, 0x000000061b800000|  0%| F|  |TAMS 0x000000061b400000| PB 0x000000061b400000| Untracked 
| 101|0x000000061b800000, 0x000000061b800000, 0x000000061bc00000|  0%| F|  |TAMS 0x000000061b800000| PB 0x000000061b800000| Untracked 
| 102|0x000000061bc00000, 0x000000061bc00000, 0x000000061c000000|  0%| F|  |TAMS 0x000000061bc00000| PB 0x000000061bc00000| Untracked 
| 103|0x000000061c000000, 0x000000061c000000, 0x000000061c400000|  0%| F|  |TAMS 0x000000061c000000| PB 0x000000061c000000| Untracked 
| 104|0x000000061c400000, 0x000000061c400000, 0x000000061c800000|  0%| F|  |TAMS 0x000000061c400000| PB 0x000000061c400000| Untracked 
| 105|0x000000061c800000, 0x000000061c800000, 0x000000061cc00000|  0%| F|  |TAMS 0x000000061c800000| PB 0x000000061c800000| Untracked 
| 106|0x000000061cc00000, 0x000000061cc00000, 0x000000061d000000|  0%| F|  |TAMS 0x000000061cc00000| PB 0x000000061cc00000| Untracked 
| 107|0x000000061d000000, 0x000000061d000000, 0x000000061d400000|  0%| F|  |TAMS 0x000000061d000000| PB 0x000000061d000000| Untracked 
| 108|0x000000061d400000, 0x000000061d400000, 0x000000061d800000|  0%| F|  |TAMS 0x000000061d400000| PB 0x000000061d400000| Untracked 
| 109|0x000000061d800000, 0x000000061d800000, 0x000000061dc00000|  0%| F|  |TAMS 0x000000061d800000| PB 0x000000061d800000| Untracked 
| 110|0x000000061dc00000, 0x000000061dc00000, 0x000000061e000000|  0%| F|  |TAMS 0x000000061dc00000| PB 0x000000061dc00000| Untracked 
| 111|0x000000061e000000, 0x000000061e000000, 0x000000061e400000|  0%| F|  |TAMS 0x000000061e000000| PB 0x000000061e000000| Untracked 
| 112|0x000000061e400000, 0x000000061e400000, 0x000000061e800000|  0%| F|  |TAMS 0x000000061e400000| PB 0x000000061e400000| Untracked 
| 113|0x000000061e800000, 0x000000061e800000, 0x000000061ec00000|  0%| F|  |TAMS 0x000000061e800000| PB 0x000000061e800000| Untracked 
| 114|0x000000061ec00000, 0x000000061ec00000, 0x000000061f000000|  0%| F|  |TAMS 0x000000061ec00000| PB 0x000000061ec00000| Untracked 
| 115|0x000000061f000000, 0x000000061f000000, 0x000000061f400000|  0%| F|  |TAMS 0x000000061f000000| PB 0x000000061f000000| Untracked 
| 116|0x000000061f400000, 0x000000061f400000, 0x000000061f800000|  0%| F|  |TAMS 0x000000061f400000| PB 0x000000061f400000| Untracked 
| 117|0x000000061f800000, 0x000000061f800000, 0x000000061fc00000|  0%| F|  |TAMS 0x000000061f800000| PB 0x000000061f800000| Untracked 
| 118|0x000000061fc00000, 0x000000061fc00000, 0x0000000620000000|  0%| F|  |TAMS 0x000000061fc00000| PB 0x000000061fc00000| Untracked 
| 119|0x0000000620000000, 0x0000000620000000, 0x0000000620400000|  0%| F|  |TAMS 0x0000000620000000| PB 0x0000000620000000| Untracked 
| 120|0x0000000620400000, 0x0000000620400000, 0x0000000620800000|  0%| F|  |TAMS 0x0000000620400000| PB 0x0000000620400000| Untracked 
| 121|0x0000000620800000, 0x0000000620800000, 0x0000000620c00000|  0%| F|  |TAMS 0x0000000620800000| PB 0x0000000620800000| Untracked 
| 122|0x0000000620c00000, 0x0000000620c00000, 0x0000000621000000|  0%| F|  |TAMS 0x0000000620c00000| PB 0x0000000620c00000| Untracked 
| 123|0x0000000621000000, 0x0000000621000000, 0x0000000621400000|  0%| F|  |TAMS 0x0000000621000000| PB 0x0000000621000000| Untracked 
| 124|0x0000000621400000, 0x000000062175ed48, 0x0000000621800000| 84%| E|  |TAMS 0x0000000621400000| PB 0x0000000621400000| Complete 
| 125|0x0000000621800000, 0x0000000621c00000, 0x0000000621c00000|100%| E|CS|TAMS 0x0000000621800000| PB 0x0000000621800000| Complete 
| 126|0x0000000621c00000, 0x0000000622000000, 0x0000000622000000|100%| E|CS|TAMS 0x0000000621c00000| PB 0x0000000621c00000| Complete 
| 127|0x0000000622000000, 0x0000000622400000, 0x0000000622400000|100%| E|CS|TAMS 0x0000000622000000| PB 0x0000000622000000| Complete 

Card table byte_map: [0x0000022fe7be0000,0x0000022fe8bd0000] _byte_map_base: 0x0000022fe4bce000

Marking Bits: (CMBitMap*) 0x0000022fd31a6840
 Bits: [0x0000022fe8bd0000, 0x0000022ff0b40000)

Polling page: 0x0000022fd0c80000

Metaspace:

Usage:
  Non-class:     14.92 MB used.
      Class:      1.60 MB used.
       Both:     16.52 MB used.

Virtual space:
  Non-class space:       64.00 MB reserved,      15.06 MB ( 24%) committed,  1 nodes.
      Class space:        1.00 GB reserved,       1.75 MB ( <1%) committed,  1 nodes.
             Both:        1.06 GB reserved,      16.81 MB (  2%) committed. 

Chunk freelists:
   Non-Class:  736.00 KB
       Class:  14.17 MB
        Both:  14.89 MB

MaxMetaspaceSize: unlimited
CompressedClassSpaceSize: 1.00 GB
Initial GC threshold: 21.00 MB
Current GC threshold: 21.00 MB
CDS: off
 - commit_granule_bytes: 65536.
 - commit_granule_words: 8192.
 - virtual_space_node_default_size: 8388608.
 - enlarge_chunks_in_place: 1.
 - use_allocation_guard: 0.


Internal statistics:

num_allocs_failed_limit: 0.
num_arena_births: 224.
num_arena_deaths: 0.
num_vsnodes_births: 2.
num_vsnodes_deaths: 0.
num_space_committed: 269.
num_space_uncommitted: 0.
num_chunks_returned_to_freelist: 0.
num_chunks_taken_from_freelist: 395.
num_chunk_merges: 0.
num_chunk_splits: 219.
num_chunks_enlarged: 104.
num_inconsistent_stats: 0.

CodeHeap 'non-profiled nmethods': size=119168Kb used=351Kb max_used=351Kb free=118816Kb
 bounds [0x0000022fdecf0000, 0x0000022fdef60000, 0x0000022fe6150000]
CodeHeap 'profiled nmethods': size=119104Kb used=1894Kb max_used=1894Kb free=117209Kb
 bounds [0x0000022fd7150000, 0x0000022fd73c0000, 0x0000022fde5a0000]
CodeHeap 'non-nmethods': size=7488Kb used=1987Kb max_used=2002Kb free=5500Kb
 bounds [0x0000022fde5a0000, 0x0000022fde810000, 0x0000022fdecf0000]
 total_blobs=1671 nmethods=1159 adapters=416
 compilation: enabled
              stopped_count=0, restarted_count=0
 full_count=0

Compilation events (20 events):
Event: 1.172 Thread 0x0000022f80282f20 nmethod 1055 0x0000022fd72f0190 code [0x0000022fd72f04e0, 0x0000022fd72f1810]
Event: 1.172 Thread 0x0000022f80282f20 1059       3       java.lang.invoke.MemberName::isField (8 bytes)
Event: 1.172 Thread 0x0000022f802739c0 1060       4       jdk.internal.org.objectweb.asm.SymbolTable::addConstantUtf8 (98 bytes)
Event: 1.172 Thread 0x0000022f80282f20 nmethod 1059 0x0000022fd72f1f10 code [0x0000022fd72f20c0, 0x0000022fd72f2288]
Event: 1.173 Thread 0x0000022f80406820 1061       3       jdk.internal.org.objectweb.asm.MethodWriter::visitCode (1 bytes)
Event: 1.173 Thread 0x0000022f80406820 nmethod 1061 0x0000022fd72f2310 code [0x0000022fd72f24a0, 0x0000022fd72f25a8]
Event: 1.173 Thread 0x0000022f80282f20 1062       3       java.lang.invoke.DirectMethodHandle::make (275 bytes)
Event: 1.174 Thread 0x0000022f80282f20 nmethod 1062 0x0000022fd72f2610 code [0x0000022fd72f29c0, 0x0000022fd72f3da0]
Event: 1.175 Thread 0x0000022f80282f20 1063       3       java.util.EnumSet::of (16 bytes)
Event: 1.175 Thread 0x0000022f80406820 1064       3       java.lang.CharacterDataLatin1::equalsIgnoreCase (63 bytes)
Event: 1.175 Thread 0x0000022f80282f20 nmethod 1063 0x0000022fd72f4590 code [0x0000022fd72f4780, 0x0000022fd72f4a78]
Event: 1.175 Thread 0x0000022f80406820 nmethod 1064 0x0000022fd72f4c90 code [0x0000022fd72f4e40, 0x0000022fd72f5108]
Event: 1.176 Thread 0x0000022f80282f20 1065       3       sun.security.ssl.SSLAlgorithmConstraints::permits (96 bytes)
Event: 1.176 Thread 0x0000022f80282f20 nmethod 1065 0x0000022fd72f5190 code [0x0000022fd72f5380, 0x0000022fd72f5860]
Event: 1.176 Thread 0x0000022f80406820 1066       3       sun.security.ssl.CipherSuite::isAvailable (52 bytes)
Event: 1.176 Thread 0x0000022f80282f20 1067       3       sun.security.ssl.CipherSuite$KeyExchange::isAvailable (46 bytes)
Event: 1.177 Thread 0x0000022f80282f20 nmethod 1067 0x0000022fd72f5990 code [0x0000022fd72f5b60, 0x0000022fd72f5e38]
Event: 1.177 Thread 0x0000022f80282f20 1068       3       java.lang.Byte::<init> (10 bytes)
Event: 1.177 Thread 0x0000022f80406820 nmethod 1066 0x0000022fd72f5f10 code [0x0000022fd72f60e0, 0x0000022fd72f6450]
Event: 1.177 Thread 0x0000022f80282f20 nmethod 1068 0x0000022fd72f6590 code [0x0000022fd72f6740, 0x0000022fd72f6908]

GC Heap History (0 events):
No events

Dll operation events (2 events):
Event: 0.007 Loaded shared library D:\IntelliJ IDEA Community Edition 2025.1.4\jbr\bin\java.dll
Event: 0.032 Loaded shared library D:\IntelliJ IDEA Community Edition 2025.1.4\jbr\bin\zip.dll

Deoptimization events (14 events):
Event: 0.790 Thread 0x0000022fd3103130 Uncommon trap: trap_request=0xffffff45 fr.pc=0x0000022fded03194 relative=0x0000000000000074
Event: 0.790 Thread 0x0000022fd3103130 Uncommon trap: reason=unstable_if action=reinterpret pc=0x0000022fded03194 method=java.lang.CharacterDataLatin1.toLowerCase(I)I @ 16 c2
Event: 0.790 Thread 0x0000022fd3103130 DEOPT PACKING pc=0x0000022fded03194 sp=0x000000f4c78fb300
Event: 0.790 Thread 0x0000022fd3103130 DEOPT UNPACKING pc=0x0000022fde5f46a2 sp=0x000000f4c78fb290 mode 2
Event: 0.881 Thread 0x0000022fd3103130 DEOPT PACKING pc=0x0000022fd719b687 sp=0x000000f4c78fe0c0
Event: 0.881 Thread 0x0000022fd3103130 DEOPT UNPACKING pc=0x0000022fde5f4e42 sp=0x000000f4c78fd558 mode 0
Event: 0.959 Thread 0x0000022fd3103130 DEOPT PACKING pc=0x0000022fd716a6cc sp=0x000000f4c78fd590
Event: 0.959 Thread 0x0000022fd3103130 DEOPT UNPACKING pc=0x0000022fde5f4e42 sp=0x000000f4c78fc9b0 mode 0
Event: 1.009 Thread 0x0000022fd3103130 DEOPT PACKING pc=0x0000022fd716974c sp=0x000000f4c78fbab0
Event: 1.009 Thread 0x0000022fd3103130 DEOPT UNPACKING pc=0x0000022fde5f4e42 sp=0x000000f4c78faf18 mode 0
Event: 1.088 Thread 0x0000022fd3103130 Uncommon trap: trap_request=0xffffff45 fr.pc=0x0000022fded2d8c8 relative=0x0000000000000188
Event: 1.088 Thread 0x0000022fd3103130 Uncommon trap: reason=unstable_if action=reinterpret pc=0x0000022fded2d8c8 method=java.lang.invoke.VarHandle.checkAccessModeThenIsDirect(Ljava/lang/invoke/VarHandle$AccessDescriptor;)Z @ 4 c2
Event: 1.088 Thread 0x0000022fd3103130 DEOPT PACKING pc=0x0000022fded2d8c8 sp=0x000000f4c78ff150
Event: 1.088 Thread 0x0000022fd3103130 DEOPT UNPACKING pc=0x0000022fde5f46a2 sp=0x000000f4c78ff120 mode 2

Classes loaded (20 events):
Event: 1.194 Loading class sun/security/ssl/KeyShareExtension$CHKeyShareStringizer done
Event: 1.194 Loading class sun/security/ssl/KeyShareExtension$SHKeyShareProducer
Event: 1.194 Loading class sun/security/ssl/KeyShareExtension$SHKeyShareProducer done
Event: 1.194 Loading class sun/security/ssl/KeyShareExtension$SHKeyShareConsumer
Event: 1.194 Loading class sun/security/ssl/KeyShareExtension$SHKeyShareConsumer done
Event: 1.194 Loading class sun/security/ssl/KeyShareExtension$SHKeyShareAbsence
Event: 1.194 Loading class sun/security/ssl/KeyShareExtension$SHKeyShareAbsence done
Event: 1.195 Loading class sun/security/ssl/KeyShareExtension$SHKeyShareStringizer
Event: 1.195 Loading class sun/security/ssl/KeyShareExtension$SHKeyShareStringizer done
Event: 1.195 Loading class sun/security/ssl/KeyShareExtension$HRRKeyShareProducer
Event: 1.195 Loading class sun/security/ssl/KeyShareExtension$HRRKeyShareProducer done
Event: 1.195 Loading class sun/security/ssl/KeyShareExtension$HRRKeyShareConsumer
Event: 1.195 Loading class sun/security/ssl/KeyShareExtension$HRRKeyShareConsumer done
Event: 1.196 Loading class sun/security/ssl/KeyShareExtension$HRRKeyShareReproducer
Event: 1.196 Loading class sun/security/ssl/KeyShareExtension$HRRKeyShareReproducer done
Event: 1.196 Loading class sun/security/ssl/KeyShareExtension$HRRKeyShareStringizer
Event: 1.196 Loading class sun/security/ssl/KeyShareExtension$HRRKeyShareStringizer done
Event: 1.196 Loading class sun/security/ssl/RenegoInfoExtension
Event: 1.196 Loading class sun/security/ssl/RenegoInfoExtension done
Event: 1.196 Loading class sun/security/ssl/RenegoInfoExtension$CHRenegotiationInfoProducer

Classes unloaded (0 events):
No events

Classes redefined (0 events):
No events

Internal exceptions (20 events):
Event: 0.946 Thread 0x0000022fd3103130 Exception <a 'java/lang/NoSuchMethodError'{0x0000000621f6ac50}: 'int java.lang.invoke.DirectMethodHandle$Holder.invokeVirtual(java.lang.Object, java.lang.Object)'> (0x0000000621f6ac50) 
thrown [s\src\hotspot\share\interpreter\linkResolver.cpp, line 784]
Event: 0.947 Thread 0x0000022fd3103130 Exception <a 'java/lang/NoSuchMethodError'{0x0000000621f6eff8}: 'int java.lang.invoke.DirectMethodHandle$Holder.invokeStaticInit(java.lang.Object, int, int)'> (0x0000000621f6eff8) 
thrown [s\src\hotspot\share\interpreter\linkResolver.cpp, line 784]
Event: 0.948 Thread 0x0000022fd3103130 Exception <a 'java/lang/NoSuchMethodError'{0x0000000621f76608}: 'int java.lang.invoke.DirectMethodHandle$Holder.invokeStaticInit(java.lang.Object, long, long)'> (0x0000000621f76608) 
thrown [s\src\hotspot\share\interpreter\linkResolver.cpp, line 784]
Event: 0.949 Thread 0x0000022fd3103130 Exception <a 'java/lang/NoSuchMethodError'{0x0000000621f7d0a0}: 'int java.lang.invoke.DirectMethodHandle$Holder.invokeStaticInit(java.lang.Object, float, float)'> (0x0000000621f7d0a0) 
thrown [s\src\hotspot\share\interpreter\linkResolver.cpp, line 784]
Event: 0.949 Thread 0x0000022fd3103130 Exception <a 'java/lang/NoSuchMethodError'{0x0000000621f83b30}: 'int java.lang.invoke.DirectMethodHandle$Holder.invokeStaticInit(java.lang.Object, double, double)'> (0x0000000621f83b30) 
thrown [s\src\hotspot\share\interpreter\linkResolver.cpp, line 784]
Event: 0.950 Thread 0x0000022fd3103130 Exception <a 'java/lang/NoSuchMethodError'{0x0000000621f881b8}: 'int java.lang.invoke.DirectMethodHandle$Holder.invokeStatic(java.lang.Object, long)'> (0x0000000621f881b8) 
thrown [s\src\hotspot\share\interpreter\linkResolver.cpp, line 784]
Event: 0.956 Thread 0x0000022fd3103130 Exception <a 'java/lang/NoSuchMethodError'{0x0000000621fb50c0}: 'java.lang.Object java.lang.invoke.DelegatingMethodHandle$Holder.delegate(java.lang.Object, int, java.lang.Object, java.lang.Object)'> (0x0000000621fb50c0) 
thrown [s\src\hotspot\share\interpreter\linkResolver.cpp, line 784]
Event: 0.958 Thread 0x0000022fd3103130 Exception <a 'java/lang/NoSuchMethodError'{0x0000000621fc43e0}: 'int java.lang.invoke.Invokers$Holder.linkToTargetMethod(java.lang.Object, java.lang.Object, java.lang.Object)'> (0x0000000621fc43e0) 
thrown [s\src\hotspot\share\interpreter\linkResolver.cpp, line 784]
Event: 0.963 Thread 0x0000022fd3103130 Exception <a 'java/lang/NoSuchMethodError'{0x0000000621ff6678}: 'long java.lang.invoke.DirectMethodHandle$Holder.invokeSpecial(java.lang.Object, java.lang.Object)'> (0x0000000621ff6678) 
thrown [s\src\hotspot\share\interpreter\linkResolver.cpp, line 784]
Event: 0.964 Thread 0x0000022fd3103130 Exception <a 'java/lang/NoSuchMethodError'{0x0000000621ffcf48}: 'int java.lang.invoke.DirectMethodHandle$Holder.invokeStatic(java.lang.Object, java.lang.Object, java.lang.Object, java.lang.Object)'> (0x0000000621ffcf48) 
thrown [s\src\hotspot\share\interpreter\linkResolver.cpp, line 784]
Event: 0.964 Thread 0x0000022fd3103130 Exception <a 'java/lang/NoSuchMethodError'{0x0000000621800618}: 'java.lang.Object java.lang.invoke.Invokers$Holder.invokeExact_MT(java.lang.Object, java.lang.Object, java.lang.Object, java.lang.Object, java.lang.Object, java.lang.Object)'> (0x0000000621800618) 
thrown [s\src\hotspot\share\interpreter\linkResolver.cpp, line 784]
Event: 1.070 Thread 0x0000022fd3103130 Exception <a 'java/lang/NoSuchMethodError'{0x0000000621a2b370}: 'java.lang.Object java.lang.invoke.DirectMethodHandle$Holder.newInvokeSpecial(java.lang.Object, java.lang.Object, java.lang.Object, java.lang.Object, java.lang.Object)'> (0x0000000621a2b370) 
thrown [s\src\hotspot\share\interpreter\linkResolver.cpp, line 784]
Event: 1.111 Thread 0x0000022fd3103130 Exception <a 'java/lang/NoSuchMethodError'{0x0000000621430f40}: 'java.lang.Object java.lang.invoke.DirectMethodHandle$Holder.invokeSpecial(java.lang.Object, java.lang.Object, java.lang.Object, java.lang.Object, int)'> (0x0000000621430f40) 
thrown [s\src\hotspot\share\interpreter\linkResolver.cpp, line 784]
Event: 1.111 Thread 0x0000022fd3103130 Exception <a 'java/lang/NoSuchMethodError'{0x00000006214348a8}: 'java.lang.Object java.lang.invoke.Invokers$Holder.linkToTargetMethod(java.lang.Object, java.lang.Object, int, java.lang.Object)'> (0x00000006214348a8) 
thrown [s\src\hotspot\share\interpreter\linkResolver.cpp, line 784]
Event: 1.119 Thread 0x0000022fd3103130 Exception <a 'java/lang/NoSuchMethodError'{0x0000000621462ba0}: 'void java.lang.invoke.DirectMethodHandle$Holder.invokeSpecial(java.lang.Object, java.lang.Object, java.lang.Object)'> (0x0000000621462ba0) 
thrown [s\src\hotspot\share\interpreter\linkResolver.cpp, line 784]
Event: 1.134 Thread 0x0000022f809469c0 Exception <a 'java/lang/NoSuchMethodError'{0x0000000621a8a4f0}: 'void java.lang.invoke.DirectMethodHandle$Holder.invokeStatic(java.lang.Object, java.lang.Object, int)'> (0x0000000621a8a4f0) 
thrown [s\src\hotspot\share\interpreter\linkResolver.cpp, line 784]
Event: 1.135 Thread 0x0000022fd3103130 Exception <a 'java/lang/NoSuchMethodError'{0x00000006214f2478}: 'void java.lang.invoke.DirectMethodHandle$Holder.invokeSpecial(java.lang.Object, java.lang.Object, java.lang.Object, java.lang.Object, java.lang.Object)'> (0x00000006214f2478) 
thrown [s\src\hotspot\share\interpreter\linkResolver.cpp, line 784]
Event: 1.154 Thread 0x0000022f809469c0 Exception <a 'java/lang/NoSuchMethodError'{0x0000000621ac45c0}: 'void java.lang.invoke.DirectMethodHandle$Holder.invokeStatic(java.lang.Object, java.lang.Object)'> (0x0000000621ac45c0) 
thrown [s\src\hotspot\share\interpreter\linkResolver.cpp, line 784]
Event: 1.156 Thread 0x0000022f809beb90 Exception <a 'java/lang/NoSuchMethodError'{0x0000000621594fa8}: 'void java.lang.invoke.DirectMethodHandle$Holder.invokeInterface(java.lang.Object, java.lang.Object, java.lang.Object)'> (0x0000000621594fa8) 
thrown [s\src\hotspot\share\interpreter\linkResolver.cpp, line 784]
Event: 1.165 Thread 0x0000022f809beb90 Exception <a 'java/lang/NoSuchMethodError'{0x00000006215e4a40}: 'void java.lang.invoke.DirectMethodHandle$Holder.invokeVirtual(java.lang.Object, java.lang.Object)'> (0x00000006215e4a40) 
thrown [s\src\hotspot\share\interpreter\linkResolver.cpp, line 784]

ZGC Phase Switch (0 events):
No events

VM Operations (8 events):
Event: 0.531 Executing VM operation: HandshakeAllThreads (Deoptimize)
Event: 0.531 Executing VM operation: HandshakeAllThreads (Deoptimize) done
Event: 0.559 Executing VM operation: HandshakeAllThreads (Deoptimize)
Event: 0.559 Executing VM operation: HandshakeAllThreads (Deoptimize) done
Event: 0.867 Executing VM operation: HandshakeAllThreads (Deoptimize)
Event: 0.867 Executing VM operation: HandshakeAllThreads (Deoptimize) done
Event: 1.148 Executing VM operation: HandshakeAllThreads (Deoptimize)
Event: 1.148 Executing VM operation: HandshakeAllThreads (Deoptimize) done

Memory protections (0 events):
No events

Nmethod flushes (0 events):
No events

Events (20 events):
Event: 0.383 Thread 0x0000022fd3103130 Thread added: 0x0000022f80241500
Event: 0.383 Thread 0x0000022fd3103130 Thread added: 0x0000022f80242ab0
Event: 0.385 Thread 0x0000022fd3103130 Thread added: 0x0000022f802573b0
Event: 0.385 Thread 0x0000022fd3103130 Thread added: 0x0000022f802580c0
Event: 0.385 Thread 0x0000022fd3103130 Thread added: 0x0000022f802475a0
Event: 0.385 Thread 0x0000022fd3103130 Thread added: 0x0000022f8024a7a0
Event: 0.385 Thread 0x0000022fd3103130 Thread added: 0x0000022f802739c0
Event: 0.385 Thread 0x0000022fd3103130 Thread added: 0x0000022f80282f20
Event: 0.445 Thread 0x0000022f80282f20 Thread added: 0x0000022f80406820
Event: 0.449 Thread 0x0000022fd3103130 Thread added: 0x0000022f8041a120
Event: 0.471 Thread 0x0000022fd3103130 Thread added: 0x0000022f80422980
Event: 0.490 Loaded shared library D:\IntelliJ IDEA Community Edition 2025.1.4\jbr\bin\net.dll
Event: 0.492 Loaded shared library D:\IntelliJ IDEA Community Edition 2025.1.4\jbr\bin\nio.dll
Event: 0.516 Loaded shared library D:\IntelliJ IDEA Community Edition 2025.1.4\jbr\bin\zip.dll
Event: 0.702 Loaded shared library D:\IntelliJ IDEA Community Edition 2025.1.4\jbr\bin\jimage.dll
Event: 1.011 Loaded shared library D:\IntelliJ IDEA Community Edition 2025.1.4\jbr\bin\sunmscapi.dll
Event: 1.056 Loaded shared library D:\IntelliJ IDEA Community Edition 2025.1.4\jbr\bin\extnet.dll
Event: 1.062 Thread 0x0000022fd3103130 Thread added: 0x0000022f809469c0
Event: 1.153 Thread 0x0000022f809469c0 Thread added: 0x0000022f809beb90
Event: 1.174 Thread 0x0000022f809469c0 Thread added: 0x0000022f80a2d3e0


Dynamic libraries:
0x00007ff78d850000 - 0x00007ff78d85a000 	D:\IntelliJ IDEA Community Edition 2025.1.4\jbr\bin\java.exe
0x00007ffd14dd0000 - 0x00007ffd14fc8000 	C:\Windows\SYSTEM32\ntdll.dll
0x00007ffd138d0000 - 0x00007ffd13992000 	C:\Windows\System32\KERNEL32.DLL
0x00007ffd128e0000 - 0x00007ffd12bd6000 	C:\Windows\System32\KERNELBASE.dll
0x00007ffd12750000 - 0x00007ffd12850000 	C:\Windows\System32\ucrtbase.dll
0x00007ffd085b0000 - 0x00007ffd085cb000 	D:\IntelliJ IDEA Community Edition 2025.1.4\jbr\bin\VCRUNTIME140.dll
0x00007ffcef7c0000 - 0x00007ffcef7d8000 	D:\IntelliJ IDEA Community Edition 2025.1.4\jbr\bin\jli.dll
0x00007ffd14160000 - 0x00007ffd142fd000 	C:\Windows\System32\USER32.dll
0x00007ffd12460000 - 0x00007ffd12482000 	C:\Windows\System32\win32u.dll
0x00007ffd143e0000 - 0x00007ffd1440b000 	C:\Windows\System32\GDI32.dll
0x00007ffcf77b0000 - 0x00007ffcf7a4a000 	C:\Windows\WinSxS\amd64_microsoft.windows.common-controls_6595b64144ccf1df_6.0.19041.4355_none_60b8b9eb71f62e16\COMCTL32.dll
0x00007ffd12630000 - 0x00007ffd1274a000 	C:\Windows\System32\gdi32full.dll
0x00007ffd13830000 - 0x00007ffd138ce000 	C:\Windows\System32\msvcrt.dll
0x00007ffd12590000 - 0x00007ffd1262d000 	C:\Windows\System32\msvcp_win.dll
0x00007ffd143b0000 - 0x00007ffd143df000 	C:\Windows\System32\IMM32.DLL
0x00007ffd0f820000 - 0x00007ffd0f82c000 	D:\IntelliJ IDEA Community Edition 2025.1.4\jbr\bin\vcruntime140_1.dll
0x00007ffccc710000 - 0x00007ffccc79d000 	D:\IntelliJ IDEA Community Edition 2025.1.4\jbr\bin\msvcp140.dll
0x00007ffce0020000 - 0x00007ffce0de1000 	D:\IntelliJ IDEA Community Edition 2025.1.4\jbr\bin\server\jvm.dll
0x00007ffd14830000 - 0x00007ffd148df000 	C:\Windows\System32\ADVAPI32.dll
0x00007ffd14300000 - 0x00007ffd1439f000 	C:\Windows\System32\sechost.dll
0x00007ffd13ef0000 - 0x00007ffd14013000 	C:\Windows\System32\RPCRT4.dll
0x00007ffd12dc0000 - 0x00007ffd12de7000 	C:\Windows\System32\bcrypt.dll
0x00007ffd140f0000 - 0x00007ffd1415b000 	C:\Windows\System32\WS2_32.dll
0x00007ffd11e40000 - 0x00007ffd11e8b000 	C:\Windows\SYSTEM32\POWRPROF.dll
0x00007ffd03030000 - 0x00007ffd03057000 	C:\Windows\SYSTEM32\WINMM.dll
0x00007ffd0ba30000 - 0x00007ffd0ba3a000 	C:\Windows\SYSTEM32\VERSION.dll
0x00007ffd11e20000 - 0x00007ffd11e32000 	C:\Windows\SYSTEM32\UMPDC.dll
0x00007ffd10300000 - 0x00007ffd10312000 	C:\Windows\SYSTEM32\kernel.appcore.dll
0x00007ffd0f790000 - 0x00007ffd0f79a000 	D:\IntelliJ IDEA Community Edition 2025.1.4\jbr\bin\jimage.dll
0x00007ffd01600000 - 0x00007ffd017e4000 	C:\Windows\SYSTEM32\DBGHELP.DLL
0x00007ffceba60000 - 0x00007ffceba94000 	C:\Windows\SYSTEM32\dbgcore.DLL
0x00007ffd12850000 - 0x00007ffd128d2000 	C:\Windows\System32\bcryptPrimitives.dll
0x00007ffd08570000 - 0x00007ffd08590000 	D:\IntelliJ IDEA Community Edition 2025.1.4\jbr\bin\java.dll
0x00007ffd08550000 - 0x00007ffd08568000 	D:\IntelliJ IDEA Community Edition 2025.1.4\jbr\bin\zip.dll
0x00007ffd12df0000 - 0x00007ffd1355f000 	C:\Windows\System32\SHELL32.dll
0x00007ffd10500000 - 0x00007ffd10ca3000 	C:\Windows\SYSTEM32\windows.storage.dll
0x00007ffd149d0000 - 0x00007ffd14d25000 	C:\Windows\System32\combase.dll
0x00007ffd11e90000 - 0x00007ffd11ebb000 	C:\Windows\SYSTEM32\Wldp.dll
0x00007ffd14020000 - 0x00007ffd140ed000 	C:\Windows\System32\OLEAUT32.dll
0x00007ffd139c0000 - 0x00007ffd13a6d000 	C:\Windows\System32\SHCORE.dll
0x00007ffd13770000 - 0x00007ffd137c5000 	C:\Windows\System32\shlwapi.dll
0x00007ffd12390000 - 0x00007ffd123b5000 	C:\Windows\SYSTEM32\profapi.dll
0x00007ffd0cf10000 - 0x00007ffd0cf20000 	D:\IntelliJ IDEA Community Edition 2025.1.4\jbr\bin\net.dll
0x00007ffd0af60000 - 0x00007ffd0b06a000 	C:\Windows\SYSTEM32\WINHTTP.dll
0x00007ffd11b20000 - 0x00007ffd11b8c000 	C:\Windows\system32\mswsock.dll
0x00007ffd08510000 - 0x00007ffd08526000 	D:\IntelliJ IDEA Community Edition 2025.1.4\jbr\bin\nio.dll
0x00007ffd11d80000 - 0x00007ffd11d98000 	C:\Windows\SYSTEM32\CRYPTSP.dll
0x00007ffd11440000 - 0x00007ffd11478000 	C:\Windows\system32\rsaenh.dll
0x00007ffd12310000 - 0x00007ffd1233e000 	C:\Windows\SYSTEM32\USERENV.dll
0x00007ffd11d70000 - 0x00007ffd11d7c000 	C:\Windows\SYSTEM32\CRYPTBASE.dll
0x00007ffd11800000 - 0x00007ffd1183b000 	C:\Windows\SYSTEM32\IPHLPAPI.DLL
0x00007ffd14410000 - 0x00007ffd14418000 	C:\Windows\System32\NSI.dll
0x00007ffd08680000 - 0x00007ffd0868e000 	D:\IntelliJ IDEA Community Edition 2025.1.4\jbr\bin\sunmscapi.dll
0x00007ffd12c60000 - 0x00007ffd12dbd000 	C:\Windows\System32\CRYPT32.dll
0x00007ffd11f00000 - 0x00007ffd11f27000 	C:\Windows\SYSTEM32\ncrypt.dll
0x00007ffd11ec0000 - 0x00007ffd11efb000 	C:\Windows\SYSTEM32\NTASN1.dll
0x00007ffd00140000 - 0x00007ffd00147000 	C:\Windows\system32\wshunix.dll
0x00007ffd00130000 - 0x00007ffd00139000 	D:\IntelliJ IDEA Community Edition 2025.1.4\jbr\bin\extnet.dll

dbghelp: loaded successfully - version: 4.0.5 - missing functions: none
symbol engine: initialized successfully - sym options: 0x614 - pdb path: .;D:\IntelliJ IDEA Community Edition 2025.1.4\jbr\bin;C:\Windows\SYSTEM32;C:\Windows\WinSxS\amd64_microsoft.windows.common-controls_6595b64144ccf1df_6.0.19041.4355_none_60b8b9eb71f62e16;D:\IntelliJ IDEA Community Edition 2025.1.4\jbr\bin\server

VM Arguments:
java_command: git4idea.http.GitAskPassApp Username for 'https://github.com': 
java_class_path (initial): D:/IntelliJ IDEA Community Edition 2025.1.4/plugins/vcs-git/lib/git4idea-rt.jar;D:/IntelliJ IDEA Community Edition 2025.1.4/lib/externalProcess-rt.jar
Launcher Type: SUN_STANDARD

[Global flags]
     intx CICompilerCount                          = 12                                        {product} {ergonomic}
     uint ConcGCThreads                            = 4                                         {product} {ergonomic}
     uint G1ConcRefinementThreads                  = 15                                        {product} {ergonomic}
   size_t G1HeapRegionSize                         = 4194304                                   {product} {ergonomic}
    uintx GCDrainStackTargetSize                   = 64                                        {product} {ergonomic}
   size_t InitialHeapSize                          = 536870912                                 {product} {ergonomic}
   size_t MarkStackSize                            = 4194304                                   {product} {ergonomic}
   size_t MaxHeapSize                              = 8552185856                                {product} {ergonomic}
   size_t MaxNewSize                               = 5129633792                                {product} {ergonomic}
   size_t MinHeapDeltaBytes                        = 4194304                                   {product} {ergonomic}
   size_t MinHeapSize                              = 8388608                                   {product} {ergonomic}
    uintx NonNMethodCodeHeapSize                   = 7602480                                {pd product} {ergonomic}
    uintx NonProfiledCodeHeapSize                  = 122027880                              {pd product} {ergonomic}
    uintx ProfiledCodeHeapSize                     = 122027880                              {pd product} {ergonomic}
    uintx ReservedCodeCacheSize                    = 251658240                              {pd product} {ergonomic}
     bool SegmentedCodeCache                       = true                                      {product} {ergonomic}
   size_t SoftMaxHeapSize                          = 8552185856                             {manageable} {ergonomic}
     bool UseCompressedOops                        = true                           {product lp64_product} {ergonomic}
     bool UseG1GC                                  = true                                      {product} {ergonomic}
     bool UseLargePagesIndividualAllocation        = false                                  {pd product} {ergonomic}

Logging:
Log output configuration:
 #0: stdout all=warning uptime,level,tags foldmultilines=false
 #1: stderr all=off uptime,level,tags foldmultilines=false

Environment Variables:
PATH=C:/Program Files/Git/mingw64/libexec/git-core;C:/Program Files/Git/mingw64/libexec/git-core;C:\Program Files\Git\mingw64\bin;C:\Program Files\Git\usr\bin;C:\Users\Efra\bin;C:\Program Files\Common Files\Oracle\Java\javapath;C:\Program Files (x86)\Common Files\Oracle\Java\java8path;C:\Program Files (x86)\Common Files\Intel\Shared Libraries\redist\intel64_win\compiler;C:\Program Files (x86)\Common Files\Intel\Shared Libraries\redist\intel64\compiler;C:\Windows\system32;C:\Windows;C:\Windows\System32\Wbem;C:\Windows\System32\WindowsPowerShell\v1.0\;C:\Windows\System32\OpenSSH\;C:\Program Files\dotnet\;C:\Program Files (x86)\Touch Portal\plugins\adb\platform-tools;C:\Program Files (x86)\NVIDIA Corporation\PhysX\Common;C:\Program Files\Filestar;C:\ProgramData\Filestar\aliases;C:\Program Files\Git\cmd;C:\Program Files\WorldPainter;C:\Program Files\NVIDIA Corporation\NVIDIA App\NvDLISR;C:\Users\Efra\AppData\Local\Programs\Python\Python313\Scripts\;C:\Users\Efra\AppData\Local\Programs\Python\Python313\;c:\ffmpeg\bin
USERNAME=Efra
DISPLAY=:0.0
LC_ALL=en_US.UTF-8
TERM=xterm-256color
TMPDIR=C:\Users\Efra\AppData\Local\Temp
OS=Windows_NT
PROCESSOR_IDENTIFIER=Intel64 Family 6 Model 79 Stepping 1, GenuineIntel
TMP=C:\Users\Efra\AppData\Local\Temp
TEMP=C:\Users\Efra\AppData\Local\Temp




Periodic native trim disabled

JNI global refs:
JNI global refs: 27, weak refs: 1

JNI global refs memory usage: 835, weak refs: 833

Process memory usage:
Resident Set Size: 76020K (0% of 33391844K total physical memory with 4313080K free physical memory)

OOME stack traces (most recent first):
Classloader memory used:
Loader bootstrap                                                                       : 15332K
Loader jdk.internal.loader.ClassLoaders$PlatformClassLoader                            : 1576K
Loader jdk.internal.loader.ClassLoaders$AppClassLoader                                 : 16400B

---------------  S Y S T E M  ---------------

OS:
 Windows 10 , 64 bit Build 19041 (10.0.19041.5678)
OS uptime: 0 days 9:05 hours

CPU: total 20 (initial active 20) (10 cores per cpu, 2 threads per core) family 6 model 79 stepping 1 microcode 0xb000031, cx8, cmov, fxsr, ht, mmx, 3dnowpref, sse, sse2, sse3, ssse3, sse4.1, sse4.2, popcnt, lzcnt, tsc, tscinvbit, avx, avx2, aes, erms, clmul, bmi1, bmi2, rtm, adx, fma, vzeroupper, clflush, rdtscp, f16c
Processor Information for the first 20 processors :
  Max Mhz: 2401, Current Mhz: 2401, Mhz Limit: 2401

Memory: 4k page, system-wide physical 32609M (4212M free)
TotalPageFile size 32609M (AvailPageFile size 4M)
current process WorkingSet (physical memory assigned to process): 74M, peak: 74M
current process commit charge ("private bytes"): 631M, peak: 632M

vm_info: OpenJDK 64-Bit Server VM (21.0.7+9-b895.130) for windows-amd64 JRE (21.0.7+9-b895.130), built on 2025-05-13 by "builduser" with MS VC++ 16.10 / 16.11 (VS2019)

END.
