#
# There is insufficient memory for the Java Runtime Environment to continue.
# Native memory allocation (malloc) failed to allocate 2243136 bytes. Error detail: Chunk::new
# Possible reasons:
#   The system is out of physical RAM or swap space
#   This process is running with CompressedOops enabled, and the Java Heap may be blocking the growth of the native heap
# Possible solutions:
#   Reduce memory load on the system
#   Increase physical memory or swap space
#   Check if swap backing store is full
#   Decrease Java heap size (-Xmx/-Xms)
#   Decrease number of Java threads
#   Decrease Java thread stack sizes (-Xss)
#   Set larger code cache with -XX:ReservedCodeCacheSize=
#   JVM is running with Zero Based Compressed Oops mode in which the Java heap is
#     placed in the first 32GB address space. The Java Heap base address is the
#     maximum limit for the native heap growth. Please use -XX:HeapBaseMinAddress
#     to set the Java Heap base and to place the Java Heap above 32GB virtual address.
# This output file may be truncated or incomplete.
#
#  Out of Memory Error (arena.cpp:191), pid=13440, tid=6232
#
# JRE version: OpenJDK Runtime Environment Corretto-17.0.15.6.1 (17.0.15+6) (build 17.0.15+6-LTS)
# Java VM: OpenJDK 64-Bit Server VM Corretto-17.0.15.6.1 (17.0.15+6-LTS, mixed mode, sharing, tiered, compressed oops, compressed class ptrs, g1 gc, windows-amd64)
# No core dump will be written. Minidumps are not enabled by default on client versions of Windows
#

---------------  S U M M A R Y ------------

Command Line: -Dmaven.multiModuleProjectDirectory=D:\FormulaRacing -Djansi.passthrough=true -Dmaven.home=D:/IntelliJ IDEA Community Edition 2025.1.4/plugins/maven/lib/maven3 -Dclassworlds.conf=D:\IntelliJ IDEA Community Edition 2025.1.4\plugins\maven\lib\maven3\bin\m2.conf -Dmaven.ext.class.path=D:\IntelliJ IDEA Community Edition 2025.1.4\plugins\maven\lib\maven-event-listener.jar -javaagent:D:\IntelliJ IDEA Community Edition 2025.1.4\lib\idea_rt.jar=62901 -Dfile.encoding=UTF-8 org.codehaus.classworlds.Launcher -Didea.version=2025.1.4 package

Host: Intel(R) Xeon(R) CPU E5-2640 v4 @ 2.40GHz, 20 cores, 23G,  Windows 10 , 64 bit Build 19041 (10.0.19041.5678)
Time: Tue Oct 14 21:26:36 2025 Hora oficial do Brasil elapsed time: 7.972253 seconds (0d 0h 0m 7s)

---------------  T H R E A D  ---------------

Current thread (0x0000024287bdc870):  JavaThread "C2 CompilerThread4" daemon [_thread_in_native, id=6232, stack(0x000000761f500000,0x000000761f600000)]


Current CompileTask:
C2:   7972 8635       4       com.sun.tools.javac.code.Types$SignatureGenerator::assembleSig (525 bytes)

Stack: [0x000000761f500000,0x000000761f600000]
Native frames: (J=compiled Java code, j=interpreted, Vv=VM code, C=native code)
V  [jvm.dll+0x681149]
V  [jvm.dll+0x838b5a]
V  [jvm.dll+0x83a61e]
V  [jvm.dll+0x83ac83]
V  [jvm.dll+0x24837f]
V  [jvm.dll+0xaca54]
V  [jvm.dll+0xad09c]
V  [jvm.dll+0x367a37]
V  [jvm.dll+0x331dda]
V  [jvm.dll+0x33127a]
V  [jvm.dll+0x21a8c1]
V  [jvm.dll+0x219d01]
V  [jvm.dll+0x1a59fd]
V  [jvm.dll+0x229a5d]
V  [jvm.dll+0x227bec]
V  [jvm.dll+0x7eda37]
V  [jvm.dll+0x7e7f8c]
V  [jvm.dll+0x680017]
C  [ucrtbase.dll+0x21bb2]
C  [KERNEL32.DLL+0x17374]
C  [ntdll.dll+0x4cc91]


---------------  P R O C E S S  ---------------

Threads class SMR info:
_java_thread_list=0x0000024289b07d60, length=22, elements={
0x0000024218d5d6e0, 0x00000242418d20a0, 0x00000242418d4b40, 0x00000242418e9110,
0x00000242418e9cd0, 0x00000242418eceb0, 0x00000242418ed870, 0x00000242418fab30,
0x000002424191d600, 0x00000242419277e0, 0x00000242419e8800, 0x0000024241a1e4a0,
0x0000024241a1f690, 0x0000024241ada260, 0x0000024241ac49b0, 0x000002428754e370,
0x00000242885a2710, 0x0000024289e6fab0, 0x0000024287ba4710, 0x0000024288617020,
0x0000024287bdc870, 0x0000024289687850
}

Java Threads: ( => current thread )
  0x0000024218d5d6e0 JavaThread "main" [_thread_in_native, id=7396, stack(0x000000761c900000,0x000000761ca00000)]
  0x00000242418d20a0 JavaThread "Reference Handler" daemon [_thread_blocked, id=17748, stack(0x000000761d000000,0x000000761d100000)]
  0x00000242418d4b40 JavaThread "Finalizer" daemon [_thread_blocked, id=30488, stack(0x000000761d100000,0x000000761d200000)]
  0x00000242418e9110 JavaThread "Signal Dispatcher" daemon [_thread_blocked, id=30296, stack(0x000000761d200000,0x000000761d300000)]
  0x00000242418e9cd0 JavaThread "Attach Listener" daemon [_thread_blocked, id=32760, stack(0x000000761d300000,0x000000761d400000)]
  0x00000242418eceb0 JavaThread "Service Thread" daemon [_thread_blocked, id=15264, stack(0x000000761d400000,0x000000761d500000)]
  0x00000242418ed870 JavaThread "Monitor Deflation Thread" daemon [_thread_blocked, id=15580, stack(0x000000761d500000,0x000000761d600000)]
  0x00000242418fab30 JavaThread "C2 CompilerThread0" daemon [_thread_blocked, id=20248, stack(0x000000761d600000,0x000000761d700000)]
  0x000002424191d600 JavaThread "C1 CompilerThread0" daemon [_thread_blocked, id=26672, stack(0x000000761d700000,0x000000761d800000)]
  0x00000242419277e0 JavaThread "Sweeper thread" daemon [_thread_blocked, id=24788, stack(0x000000761d800000,0x000000761d900000)]
  0x00000242419e8800 JavaThread "Common-Cleaner" daemon [_thread_blocked, id=27996, stack(0x000000761d900000,0x000000761da00000)]
  0x0000024241a1e4a0 JavaThread "C1 CompilerThread1" daemon [_thread_blocked, id=26592, stack(0x000000761da00000,0x000000761db00000)]
  0x0000024241a1f690 JavaThread "C1 CompilerThread2" daemon [_thread_blocked, id=29996, stack(0x000000761db00000,0x000000761dc00000)]
  0x0000024241ada260 JavaThread "Monitor Ctrl-Break" daemon [_thread_in_native, id=18020, stack(0x000000761dd00000,0x000000761de00000)]
  0x0000024241ac49b0 JavaThread "Notification Thread" daemon [_thread_blocked, id=8700, stack(0x000000761de00000,0x000000761df00000)]
  0x000002428754e370 JavaThread "C1 CompilerThread3" daemon [_thread_blocked, id=13856, stack(0x000000761e000000,0x000000761e100000)]
  0x00000242885a2710 JavaThread "Thread-1" daemon [_thread_blocked, id=15540, stack(0x000000761ed00000,0x000000761ee00000)]
  0x0000024289e6fab0 JavaThread "C2 CompilerThread1" daemon [_thread_in_native, id=34728, stack(0x000000761f200000,0x000000761f300000)]
  0x0000024287ba4710 JavaThread "C2 CompilerThread2" daemon [_thread_blocked, id=10020, stack(0x000000761f300000,0x000000761f400000)]
  0x0000024288617020 JavaThread "C2 CompilerThread3" daemon [_thread_blocked, id=6820, stack(0x000000761f400000,0x000000761f500000)]
=>0x0000024287bdc870 JavaThread "C2 CompilerThread4" daemon [_thread_in_native, id=6232, stack(0x000000761f500000,0x000000761f600000)]
  0x0000024289687850 JavaThread "C2 CompilerThread5" daemon [_thread_in_native, id=29284, stack(0x000000761f600000,0x000000761f700000)]

Other Threads:
  0x0000024240afd540 VMThread "VM Thread" [stack: 0x000000761cf00000,0x000000761d000000] [id=34936]
  0x0000024218d5e6a0 WatcherThread [stack: 0x000000761df00000,0x000000761e000000] [id=28308]
  0x0000024218de78b0 GCTaskThread "GC Thread#0" [stack: 0x000000761ca00000,0x000000761cb00000] [id=14256]
  0x0000024287ae0be0 GCTaskThread "GC Thread#1" [stack: 0x000000761e100000,0x000000761e200000] [id=31336]
  0x00000242876ec220 GCTaskThread "GC Thread#2" [stack: 0x000000761e200000,0x000000761e300000] [id=35664]
  0x0000024287798fc0 GCTaskThread "GC Thread#3" [stack: 0x000000761e300000,0x000000761e400000] [id=4488]
  0x0000024287799280 GCTaskThread "GC Thread#4" [stack: 0x000000761e400000,0x000000761e500000] [id=7708]
  0x0000024287f59340 GCTaskThread "GC Thread#5" [stack: 0x000000761e500000,0x000000761e600000] [id=27836]
  0x0000024287963110 GCTaskThread "GC Thread#6" [stack: 0x000000761e600000,0x000000761e700000] [id=21408]
  0x00000242879637d0 GCTaskThread "GC Thread#7" [stack: 0x000000761e700000,0x000000761e800000] [id=21048]
  0x0000024287963a90 GCTaskThread "GC Thread#8" [stack: 0x000000761e800000,0x000000761e900000] [id=34664]
  0x0000024288ae3e50 GCTaskThread "GC Thread#9" [stack: 0x000000761dc00000,0x000000761dd00000] [id=25932]
  0x0000024288ae4110 GCTaskThread "GC Thread#10" [stack: 0x000000761e900000,0x000000761ea00000] [id=23172]
  0x0000024288ae3610 GCTaskThread "GC Thread#11" [stack: 0x000000761ea00000,0x000000761eb00000] [id=31676]
  0x0000024288ae43d0 GCTaskThread "GC Thread#12" [stack: 0x000000761eb00000,0x000000761ec00000] [id=28084]
  0x0000024288ae38d0 GCTaskThread "GC Thread#13" [stack: 0x000000761ec00000,0x000000761ed00000] [id=25316]
  0x0000024288ae4690 GCTaskThread "GC Thread#14" [stack: 0x000000761ee00000,0x000000761ef00000] [id=1320]
  0x0000024218df46d0 ConcurrentGCThread "G1 Main Marker" [stack: 0x000000761cb00000,0x000000761cc00000] [id=27096]
  0x0000024218df5890 ConcurrentGCThread "G1 Conc#0" [stack: 0x000000761cc00000,0x000000761cd00000] [id=8304]
  0x0000024288ae3b90 ConcurrentGCThread "G1 Conc#1" [stack: 0x000000761ef00000,0x000000761f000000] [id=33476]
  0x0000024288ae4950 ConcurrentGCThread "G1 Conc#2" [stack: 0x000000761f000000,0x000000761f100000] [id=35088]
  0x0000024288ae4ed0 ConcurrentGCThread "G1 Conc#3" [stack: 0x000000761f100000,0x000000761f200000] [id=7764]
  0x0000024218e1d010 ConcurrentGCThread "G1 Refine#0" [stack: 0x000000761cd00000,0x000000761ce00000] [id=23272]
  0x00000242890cda70 ConcurrentGCThread "G1 Refine#1" [stack: 0x000000761f700000,0x000000761f800000] [id=32608]
  0x0000024289524090 ConcurrentGCThread "G1 Refine#2" [stack: 0x000000761f800000,0x000000761f900000] [id=16452]
  0x0000024288caa890 ConcurrentGCThread "G1 Refine#3" [stack: 0x000000761f900000,0x000000761fa00000] [id=22252]
  0x0000024288317980 ConcurrentGCThread "G1 Refine#4" [stack: 0x000000761fa00000,0x000000761fb00000] [id=6920]
  0x0000024288dd6a20 ConcurrentGCThread "G1 Refine#5" [stack: 0x000000761fb00000,0x000000761fc00000] [id=15684]
  0x0000024288dd7eb0 ConcurrentGCThread "G1 Refine#6" [stack: 0x000000761fc00000,0x000000761fd00000] [id=33240]
  0x0000024288dd81a0 ConcurrentGCThread "G1 Refine#7" [stack: 0x000000761fd00000,0x000000761fe00000] [id=34624]
  0x0000024288dd7bc0 ConcurrentGCThread "G1 Refine#8" [stack: 0x000000761fe00000,0x000000761ff00000] [id=15948]
  0x0000024288dd6d10 ConcurrentGCThread "G1 Refine#9" [stack: 0x000000761ff00000,0x0000007620000000] [id=30900]
  0x0000024218e1da40 ConcurrentGCThread "G1 Service" [stack: 0x000000761ce00000,0x000000761cf00000] [id=32116]

Threads with active compile tasks:
C2 CompilerThread1     8011 8574       4       com.sun.tools.javac.jvm.PoolWriter$WriteablePoolHelper::writeConstant (863 bytes)
C2 CompilerThread4     8011 8635       4       com.sun.tools.javac.code.Types$SignatureGenerator::assembleSig (525 bytes)
C2 CompilerThread5     8011 8620       4       com.sun.tools.javac.jvm.ClassWriter::writeStackMapType (431 bytes)

VM state: not at safepoint (normal execution)

VM Mutex/Monitor currently owned by a thread: None

Heap address: 0x0000000682400000, size: 6108 MB, Compressed Oops mode: Zero based, Oop shift amount: 3

CDS archive(s) mapped at: [0x0000024242000000-0x0000024242bb0000-0x0000024242bb0000), size 12255232, SharedBaseAddress: 0x0000024242000000, ArchiveRelocationMode: 1.
Compressed class space mapped at: 0x0000024243000000-0x0000024283000000, reserved size: 1073741824
Narrow klass base: 0x0000024242000000, Narrow klass shift: 0, Narrow klass range: 0x100000000

GC Precious Log:
 CPUs: 20 total, 20 available
 Memory: 24417M
 Large Page Support: Disabled
 NUMA Support: Disabled
 Compressed Oops: Enabled (Zero based)
 Heap Region Size: 4M
 Heap Min Capacity: 8M
 Heap Initial Capacity: 384M
 Heap Max Capacity: 6108M
 Pre-touch: Disabled
 Parallel Workers: 15
 Concurrent Workers: 4
 Concurrent Refinement Workers: 15
 Periodic GC: Disabled

Heap:
 garbage-first heap   total 233472K, used 54437K [0x0000000682400000, 0x0000000800000000)
  region size 4096K, 8 young (32768K), 4 survivors (16384K)
 Metaspace       used 29903K, committed 30208K, reserved 1114112K
  class space    used 3332K, committed 3456K, reserved 1048576K

Heap Regions: E=young(eden), S=young(survivor), O=old, HS=humongous(starts), HC=humongous(continues), CS=collection set, F=free, OA=open archive, CA=closed archive, TAMS=top-at-mark-start (previous, next)
|   0|0x0000000682400000, 0x0000000682529400, 0x0000000682800000| 29%| O|  |TAMS 0x0000000682400000, 0x0000000682400000| Untracked 
|   1|0x0000000682800000, 0x0000000682c00000, 0x0000000682c00000|100%| O|  |TAMS 0x0000000682800000, 0x0000000682800000| Untracked 
|   2|0x0000000682c00000, 0x0000000683000000, 0x0000000683000000|100%| O|  |TAMS 0x0000000682c00000, 0x0000000682c00000| Untracked 
|   3|0x0000000683000000, 0x0000000683400000, 0x0000000683400000|100%| O|  |TAMS 0x0000000683000000, 0x0000000683000000| Untracked 
|   4|0x0000000683400000, 0x0000000683800000, 0x0000000683800000|100%| O|  |TAMS 0x0000000683400000, 0x0000000683400000| Untracked 
|   5|0x0000000683800000, 0x0000000683800000, 0x0000000683c00000|  0%| F|  |TAMS 0x0000000683800000, 0x0000000683800000| Untracked 
|   6|0x0000000683c00000, 0x0000000683c00000, 0x0000000684000000|  0%| F|  |TAMS 0x0000000683c00000, 0x0000000683c00000| Untracked 
|   7|0x0000000684000000, 0x0000000684400000, 0x0000000684400000|100%| O|  |TAMS 0x0000000684000000, 0x0000000684000000| Untracked 
|   8|0x0000000684400000, 0x0000000684800000, 0x0000000684800000|100%| O|  |TAMS 0x0000000684400000, 0x0000000684400000| Untracked 
|   9|0x0000000684800000, 0x0000000684800000, 0x0000000684c00000|  0%| F|  |TAMS 0x0000000684800000, 0x0000000684800000| Untracked 
|  10|0x0000000684c00000, 0x0000000684c00000, 0x0000000685000000|  0%| F|  |TAMS 0x0000000684c00000, 0x0000000684c00000| Untracked 
|  11|0x0000000685000000, 0x0000000685000000, 0x0000000685400000|  0%| F|  |TAMS 0x0000000685000000, 0x0000000685000000| Untracked 
|  12|0x0000000685400000, 0x0000000685400000, 0x0000000685800000|  0%| F|  |TAMS 0x0000000685400000, 0x0000000685400000| Untracked 
|  13|0x0000000685800000, 0x0000000685800000, 0x0000000685c00000|  0%| F|  |TAMS 0x0000000685800000, 0x0000000685800000| Untracked 
|  14|0x0000000685c00000, 0x0000000685c00000, 0x0000000686000000|  0%| F|  |TAMS 0x0000000685c00000, 0x0000000685c00000| Untracked 
|  15|0x0000000686000000, 0x0000000686000000, 0x0000000686400000|  0%| F|  |TAMS 0x0000000686000000, 0x0000000686000000| Untracked 
|  16|0x0000000686400000, 0x0000000686400000, 0x0000000686800000|  0%| F|  |TAMS 0x0000000686400000, 0x0000000686400000| Untracked 
|  17|0x0000000686800000, 0x0000000686800000, 0x0000000686c00000|  0%| F|  |TAMS 0x0000000686800000, 0x0000000686800000| Untracked 
|  18|0x0000000686c00000, 0x0000000686c00000, 0x0000000687000000|  0%| F|  |TAMS 0x0000000686c00000, 0x0000000686c00000| Untracked 
|  19|0x0000000687000000, 0x0000000687000000, 0x0000000687400000|  0%| F|  |TAMS 0x0000000687000000, 0x0000000687000000| Untracked 
|  20|0x0000000687400000, 0x0000000687400000, 0x0000000687800000|  0%| F|  |TAMS 0x0000000687400000, 0x0000000687400000| Untracked 
|  21|0x0000000687800000, 0x0000000687800000, 0x0000000687c00000|  0%| F|  |TAMS 0x0000000687800000, 0x0000000687800000| Untracked 
|  22|0x0000000687c00000, 0x0000000687c00000, 0x0000000688000000|  0%| F|  |TAMS 0x0000000687c00000, 0x0000000687c00000| Untracked 
|  23|0x0000000688000000, 0x0000000688000000, 0x0000000688400000|  0%| F|  |TAMS 0x0000000688000000, 0x0000000688000000| Untracked 
|  24|0x0000000688400000, 0x0000000688400000, 0x0000000688800000|  0%| F|  |TAMS 0x0000000688400000, 0x0000000688400000| Untracked 
|  25|0x0000000688800000, 0x0000000688800000, 0x0000000688c00000|  0%| F|  |TAMS 0x0000000688800000, 0x0000000688800000| Untracked 
|  26|0x0000000688c00000, 0x0000000688c00000, 0x0000000689000000|  0%| F|  |TAMS 0x0000000688c00000, 0x0000000688c00000| Untracked 
|  27|0x0000000689000000, 0x0000000689400000, 0x0000000689400000|100%| S|CS|TAMS 0x0000000689000000, 0x0000000689000000| Complete 
|  28|0x0000000689400000, 0x0000000689800000, 0x0000000689800000|100%| S|CS|TAMS 0x0000000689400000, 0x0000000689400000| Complete 
|  29|0x0000000689800000, 0x0000000689c00000, 0x0000000689c00000|100%| S|CS|TAMS 0x0000000689800000, 0x0000000689800000| Complete 
|  30|0x0000000689c00000, 0x000000068a000000, 0x000000068a000000|100%| S|CS|TAMS 0x0000000689c00000, 0x0000000689c00000| Complete 
|  31|0x000000068a000000, 0x000000068a000000, 0x000000068a400000|  0%| F|  |TAMS 0x000000068a000000, 0x000000068a000000| Untracked 
|  32|0x000000068a400000, 0x000000068a400000, 0x000000068a800000|  0%| F|  |TAMS 0x000000068a400000, 0x000000068a400000| Untracked 
|  33|0x000000068a800000, 0x000000068a800000, 0x000000068ac00000|  0%| F|  |TAMS 0x000000068a800000, 0x000000068a800000| Untracked 
|  34|0x000000068ac00000, 0x000000068ac00000, 0x000000068b000000|  0%| F|  |TAMS 0x000000068ac00000, 0x000000068ac00000| Untracked 
|  35|0x000000068b000000, 0x000000068b000000, 0x000000068b400000|  0%| F|  |TAMS 0x000000068b000000, 0x000000068b000000| Untracked 
|  36|0x000000068b400000, 0x000000068b400000, 0x000000068b800000|  0%| F|  |TAMS 0x000000068b400000, 0x000000068b400000| Untracked 
|  37|0x000000068b800000, 0x000000068b800000, 0x000000068bc00000|  0%| F|  |TAMS 0x000000068b800000, 0x000000068b800000| Untracked 
|  38|0x000000068bc00000, 0x000000068bc00000, 0x000000068c000000|  0%| F|  |TAMS 0x000000068bc00000, 0x000000068bc00000| Untracked 
|  39|0x000000068c000000, 0x000000068c000000, 0x000000068c400000|  0%| F|  |TAMS 0x000000068c000000, 0x000000068c000000| Untracked 
|  40|0x000000068c400000, 0x000000068c400000, 0x000000068c800000|  0%| F|  |TAMS 0x000000068c400000, 0x000000068c400000| Untracked 
|  41|0x000000068c800000, 0x000000068c800000, 0x000000068cc00000|  0%| F|  |TAMS 0x000000068c800000, 0x000000068c800000| Untracked 
|  42|0x000000068cc00000, 0x000000068cc00000, 0x000000068d000000|  0%| F|  |TAMS 0x000000068cc00000, 0x000000068cc00000| Untracked 
|  43|0x000000068d000000, 0x000000068d000000, 0x000000068d400000|  0%| F|  |TAMS 0x000000068d000000, 0x000000068d000000| Untracked 
|  44|0x000000068d400000, 0x000000068d400000, 0x000000068d800000|  0%| F|  |TAMS 0x000000068d400000, 0x000000068d400000| Untracked 
|  45|0x000000068d800000, 0x000000068d800000, 0x000000068dc00000|  0%| F|  |TAMS 0x000000068d800000, 0x000000068d800000| Untracked 
|  46|0x000000068dc00000, 0x000000068dc00000, 0x000000068e000000|  0%| F|  |TAMS 0x000000068dc00000, 0x000000068dc00000| Untracked 
|  47|0x000000068e000000, 0x000000068e000000, 0x000000068e400000|  0%| F|  |TAMS 0x000000068e000000, 0x000000068e000000| Untracked 
|  48|0x000000068e400000, 0x000000068e400000, 0x000000068e800000|  0%| F|  |TAMS 0x000000068e400000, 0x000000068e400000| Untracked 
|  49|0x000000068e800000, 0x000000068e800000, 0x000000068ec00000|  0%| F|  |TAMS 0x000000068e800000, 0x000000068e800000| Untracked 
|  50|0x000000068ec00000, 0x000000068ec00000, 0x000000068f000000|  0%| F|  |TAMS 0x000000068ec00000, 0x000000068ec00000| Untracked 
|  51|0x000000068f000000, 0x000000068f000000, 0x000000068f400000|  0%| F|  |TAMS 0x000000068f000000, 0x000000068f000000| Untracked 
|  52|0x000000068f400000, 0x000000068f400000, 0x000000068f800000|  0%| F|  |TAMS 0x000000068f400000, 0x000000068f400000| Untracked 
|  62|0x0000000691c00000, 0x0000000692000000, 0x0000000692000000|100%| E|  |TAMS 0x0000000691c00000, 0x0000000691c00000| Complete 
|  63|0x0000000692000000, 0x0000000692400000, 0x0000000692400000|100%| E|CS|TAMS 0x0000000692000000, 0x0000000692000000| Complete 
|  64|0x0000000692400000, 0x0000000692800000, 0x0000000692800000|100%| E|CS|TAMS 0x0000000692400000, 0x0000000692400000| Complete 
|  95|0x000000069a000000, 0x000000069a400000, 0x000000069a400000|100%| E|CS|TAMS 0x000000069a000000, 0x000000069a000000| Complete 

Card table byte_map: [0x0000024230f40000,0x0000024231b30000] _byte_map_base: 0x000002422db2e000

Marking Bits (Prev, Next): (CMBitMap*) 0x0000024218de7f10, (CMBitMap*) 0x0000024218de7ed0
 Prev Bits: [0x0000024238690000, 0x000002423e600000)
 Next Bits: [0x0000024232720000, 0x0000024238690000)

Polling page: 0x0000024216ad0000

Metaspace:

Usage:
  Non-class:     25.95 MB used.
      Class:      3.25 MB used.
       Both:     29.20 MB used.

Virtual space:
  Non-class space:       64.00 MB reserved,      26.12 MB ( 41%) committed,  1 nodes.
      Class space:        1.00 GB reserved,       3.38 MB ( <1%) committed,  1 nodes.
             Both:        1.06 GB reserved,      29.50 MB (  3%) committed. 

Chunk freelists:
   Non-Class:  5.02 MB
       Class:  12.57 MB
        Both:  17.58 MB

MaxMetaspaceSize: unlimited
CompressedClassSpaceSize: 1.00 GB
Initial GC threshold: 21.00 MB
Current GC threshold: 35.44 MB
CDS: on
MetaspaceReclaimPolicy: balanced
 - commit_granule_bytes: 65536.
 - commit_granule_words: 8192.
 - virtual_space_node_default_size: 8388608.
 - enlarge_chunks_in_place: 1.
 - new_chunks_are_fully_committed: 0.
 - uncommit_free_chunks: 1.
 - use_allocation_guard: 0.
 - handle_deallocations: 1.


Internal statistics:

num_allocs_failed_limit: 3.
num_arena_births: 180.
num_arena_deaths: 0.
num_vsnodes_births: 2.
num_vsnodes_deaths: 0.
num_space_committed: 472.
num_space_uncommitted: 0.
num_chunks_returned_to_freelist: 3.
num_chunks_taken_from_freelist: 1264.
num_chunk_merges: 3.
num_chunk_splits: 873.
num_chunks_enlarged: 695.
num_inconsistent_stats: 0.

CodeHeap 'non-profiled nmethods': size=119168Kb used=4961Kb max_used=4961Kb free=114207Kb
 bounds [0x0000024228450000, 0x0000024228930000, 0x000002422f8b0000]
CodeHeap 'profiled nmethods': size=119104Kb used=18416Kb max_used=18416Kb free=100687Kb
 bounds [0x00000242208b0000, 0x0000024221ab0000, 0x0000024227d00000]
CodeHeap 'non-nmethods': size=7488Kb used=2897Kb max_used=2976Kb free=4590Kb
 bounds [0x0000024227d00000, 0x0000024227ff0000, 0x0000024228450000]
 total_blobs=8460 nmethods=7947 adapters=419
 compilation: enabled
              stopped_count=0, restarted_count=0
 full_count=0

Compilation events (20 events):
Event: 7.944 Thread 0x00000242418fab30 nmethod 8652 0x0000024228910e10 code [0x0000024228910fa0, 0x0000024228911598]
Event: 7.944 Thread 0x00000242418fab30 8654       4       com.sun.tools.javac.jvm.Code::addLineNumber (93 bytes)
Event: 7.949 Thread 0x0000024241a1e4a0 8734       3       com.sun.tools.javac.comp.Check::checkNonCyclic (8 bytes)
Event: 7.949 Thread 0x0000024241a1e4a0 nmethod 8734 0x0000024221a9d610 code [0x0000024221a9d7a0, 0x0000024221a9d8e8]
Event: 7.951 Thread 0x00000242418fab30 nmethod 8654 0x0000024228911690 code [0x0000024228911840, 0x0000024228911d38]
Event: 7.951 Thread 0x00000242418fab30 8736       4       com.sun.tools.javac.code.Type$UndetVar::getBounds (60 bytes)
Event: 7.952 Thread 0x000002424191d600 8737       3       com.sun.tools.javac.comp.Attr::visitIdent (582 bytes)
Event: 7.955 Thread 0x000002424191d600 nmethod 8737 0x0000024221a9d990 code [0x0000024221a9dde0, 0x0000024221aa0708]
Event: 7.956 Thread 0x000002424191d600 8738       3       com.sun.tools.javac.util.IntHashTable::put (99 bytes)
Event: 7.956 Thread 0x000002424191d600 nmethod 8738 0x0000024221aa1610 code [0x0000024221aa1800, 0x0000024221aa1cf8]
Event: 7.957 Thread 0x000002424191d600 8739       3       java.util.HashMap::get (19 bytes)
Event: 7.957 Thread 0x000002424191d600 nmethod 8739 0x0000024221aa1f10 code [0x0000024221aa20c0, 0x0000024221aa2288]
Event: 7.964 Thread 0x0000024289687850 nmethod 8647 0x0000024228912010 code [0x00000242289122c0, 0x0000024228912ec0]
Event: 7.964 Thread 0x0000024289687850 8657       4       com.sun.tools.javac.comp.Resolve$4::checkArg (22 bytes)
Event: 7.966 Thread 0x000002424191d600 8740       3       com.sun.tools.javac.comp.Attr::visitTypeApply (436 bytes)
Event: 7.968 Thread 0x000002428754e370 8742       3       com.sun.tools.javac.jvm.Code::emitInvokespecial (87 bytes)
Event: 7.969 Thread 0x000002428754e370 nmethod 8742 0x0000024221aa2390 code [0x0000024221aa2640, 0x0000024221aa3368]
Event: 7.970 Thread 0x000002424191d600 nmethod 8740 0x0000024221aa3910 code [0x0000024221aa3ee0, 0x0000024221aa79a8]
Event: 7.970 Thread 0x00000242418fab30 nmethod 8736 0x0000024228913e90 code [0x0000024228914060, 0x0000024228914908]
Event: 7.970 Thread 0x00000242418fab30 8741       4       com.sun.tools.javac.comp.Lower::translate (22 bytes)

GC Heap History (14 events):
Event: 0.567 GC heap before
{Heap before GC invocations=0 (full 0):
 garbage-first heap   total 393216K, used 20480K [0x0000000682400000, 0x0000000800000000)
  region size 4096K, 5 young (20480K), 0 survivors (0K)
 Metaspace       used 5491K, committed 5632K, reserved 1114112K
  class space    used 638K, committed 704K, reserved 1048576K
}
Event: 0.570 GC heap after
{Heap after GC invocations=1 (full 0):
 garbage-first heap   total 393216K, used 3758K [0x0000000682400000, 0x0000000800000000)
  region size 4096K, 1 young (4096K), 1 survivors (4096K)
 Metaspace       used 5491K, committed 5632K, reserved 1114112K
  class space    used 638K, committed 704K, reserved 1048576K
}
Event: 0.912 GC heap before
{Heap before GC invocations=1 (full 0):
 garbage-first heap   total 393216K, used 28334K [0x0000000682400000, 0x0000000800000000)
  region size 4096K, 7 young (28672K), 1 survivors (4096K)
 Metaspace       used 7548K, committed 7680K, reserved 1114112K
  class space    used 887K, committed 960K, reserved 1048576K
}
Event: 0.916 GC heap after
{Heap after GC invocations=2 (full 0):
 garbage-first heap   total 393216K, used 4575K [0x0000000682400000, 0x0000000800000000)
  region size 4096K, 1 young (4096K), 1 survivors (4096K)
 Metaspace       used 7548K, committed 7680K, reserved 1114112K
  class space    used 887K, committed 960K, reserved 1048576K
}
Event: 3.954 GC heap before
{Heap before GC invocations=2 (full 0):
 garbage-first heap   total 393216K, used 123359K [0x0000000682400000, 0x0000000800000000)
  region size 4096K, 31 young (126976K), 1 survivors (4096K)
 Metaspace       used 21263K, committed 21504K, reserved 1114112K
  class space    used 2484K, committed 2624K, reserved 1048576K
}
Event: 3.961 GC heap after
{Heap after GC invocations=3 (full 0):
 garbage-first heap   total 393216K, used 11647K [0x0000000682400000, 0x0000000800000000)
  region size 4096K, 3 young (12288K), 3 survivors (12288K)
 Metaspace       used 21263K, committed 21504K, reserved 1114112K
  class space    used 2484K, committed 2624K, reserved 1048576K
}
Event: 4.688 GC heap before
{Heap before GC invocations=4 (full 0):
 garbage-first heap   total 69632K, used 40319K [0x0000000682400000, 0x0000000800000000)
  region size 4096K, 10 young (40960K), 3 survivors (12288K)
 Metaspace       used 25969K, committed 26176K, reserved 1114112K
  class space    used 2991K, committed 3072K, reserved 1048576K
}
Event: 4.702 GC heap after
{Heap after GC invocations=5 (full 0):
 garbage-first heap   total 69632K, used 20804K [0x0000000682400000, 0x0000000800000000)
  region size 4096K, 2 young (8192K), 2 survivors (8192K)
 Metaspace       used 25969K, committed 26176K, reserved 1114112K
  class space    used 2991K, committed 3072K, reserved 1048576K
}
Event: 4.870 GC heap before
{Heap before GC invocations=5 (full 0):
 garbage-first heap   total 69632K, used 20804K [0x0000000682400000, 0x0000000800000000)
  region size 4096K, 3 young (12288K), 2 survivors (8192K)
 Metaspace       used 25997K, committed 26176K, reserved 1114112K
  class space    used 2993K, committed 3072K, reserved 1048576K
}
Event: 4.891 GC heap after
{Heap after GC invocations=6 (full 0):
 garbage-first heap   total 69632K, used 23882K [0x0000000682400000, 0x0000000800000000)
  region size 4096K, 1 young (4096K), 1 survivors (4096K)
 Metaspace       used 25997K, committed 26176K, reserved 1114112K
  class space    used 2993K, committed 3072K, reserved 1048576K
}
Event: 5.107 GC heap before
{Heap before GC invocations=6 (full 0):
 garbage-first heap   total 69632K, used 40266K [0x0000000682400000, 0x0000000800000000)
  region size 4096K, 5 young (20480K), 1 survivors (4096K)
 Metaspace       used 26017K, committed 26240K, reserved 1114112K
  class space    used 2993K, committed 3072K, reserved 1048576K
}
Event: 5.113 GC heap after
{Heap after GC invocations=7 (full 0):
 garbage-first heap   total 233472K, used 28672K [0x0000000682400000, 0x0000000800000000)
  region size 4096K, 1 young (4096K), 1 survivors (4096K)
 Metaspace       used 26017K, committed 26240K, reserved 1114112K
  class space    used 2993K, committed 3072K, reserved 1048576K
}
Event: 7.486 GC heap before
{Heap before GC invocations=7 (full 0):
 garbage-first heap   total 233472K, used 135168K [0x0000000682400000, 0x0000000800000000)
  region size 4096K, 27 young (110592K), 1 survivors (4096K)
 Metaspace       used 29783K, committed 30080K, reserved 1114112K
  class space    used 3326K, committed 3456K, reserved 1048576K
}
Event: 7.516 GC heap after
{Heap after GC invocations=8 (full 0):
 garbage-first heap   total 233472K, used 42149K [0x0000000682400000, 0x0000000800000000)
  region size 4096K, 4 young (16384K), 4 survivors (16384K)
 Metaspace       used 29783K, committed 30080K, reserved 1114112K
  class space    used 3326K, committed 3456K, reserved 1048576K
}

Dll operation events (11 events):
Event: 0.009 Loaded shared library C:\Users\Efra\.jdks\corretto-17.0.15-1\bin\java.dll
Event: 0.033 Loaded shared library C:\Users\Efra\.jdks\corretto-17.0.15-1\bin\jsvml.dll
Event: 0.084 Loaded shared library C:\Users\Efra\.jdks\corretto-17.0.15-1\bin\zip.dll
Event: 0.087 Loaded shared library C:\Users\Efra\.jdks\corretto-17.0.15-1\bin\instrument.dll
Event: 0.094 Loaded shared library C:\Users\Efra\.jdks\corretto-17.0.15-1\bin\net.dll
Event: 0.096 Loaded shared library C:\Users\Efra\.jdks\corretto-17.0.15-1\bin\nio.dll
Event: 0.099 Loaded shared library C:\Users\Efra\.jdks\corretto-17.0.15-1\bin\zip.dll
Event: 0.116 Loaded shared library C:\Users\Efra\.jdks\corretto-17.0.15-1\bin\extnet.dll
Event: 0.210 Loaded shared library C:\Users\Efra\.jdks\corretto-17.0.15-1\bin\jimage.dll
Event: 0.225 Loaded shared library C:\Users\Efra\AppData\Local\Temp\jansi-2.4.1-4089d96efd3f43dd-jansi.dll
Event: 0.236 Loaded shared library C:\Users\Efra\.jdks\corretto-17.0.15-1\bin\verify.dll

Deoptimization events (20 events):
Event: 7.531 Thread 0x0000024218d5d6e0 Uncommon trap: trap_request=0xffffff45 fr.pc=0x000002422885da84 relative=0x0000000000001444
Event: 7.531 Thread 0x0000024218d5d6e0 Uncommon trap: reason=unstable_if action=reinterpret pc=0x000002422885da84 method=com.sun.tools.javac.util.Position$LineMapImpl.getLineNumber(I)I @ 66 c2
Event: 7.531 Thread 0x0000024218d5d6e0 DEOPT PACKING pc=0x000002422885da84 sp=0x000000761c9fc500
Event: 7.531 Thread 0x0000024218d5d6e0 DEOPT UNPACKING pc=0x0000024227d569a3 sp=0x000000761c9fc3a0 mode 2
Event: 7.912 Thread 0x0000024218d5d6e0 Uncommon trap: trap_request=0xffffff45 fr.pc=0x00000242288e0284 relative=0x0000000000002724
Event: 7.912 Thread 0x0000024218d5d6e0 Uncommon trap: reason=unstable_if action=reinterpret pc=0x00000242288e0284 method=com.sun.tools.javac.code.Kinds$Kind.betterThan(Lcom/sun/tools/javac/code/Kinds$Kind;)Z @ 8 c2
Event: 7.912 Thread 0x0000024218d5d6e0 DEOPT PACKING pc=0x00000242288e0284 sp=0x000000761c9fa1f0
Event: 7.912 Thread 0x0000024218d5d6e0 DEOPT UNPACKING pc=0x0000024227d569a3 sp=0x000000761c9f9f98 mode 2
Event: 7.933 Thread 0x0000024218d5d6e0 Uncommon trap: trap_request=0xffffff45 fr.pc=0x000002422882a4a4 relative=0x0000000000001144
Event: 7.933 Thread 0x0000024218d5d6e0 Uncommon trap: reason=unstable_if action=reinterpret pc=0x000002422882a4a4 method=java.util.HashMap.getNode(Ljava/lang/Object;)Ljava/util/HashMap$Node; @ 66 c2
Event: 7.933 Thread 0x0000024218d5d6e0 DEOPT PACKING pc=0x000002422882a4a4 sp=0x000000761c9fba30
Event: 7.933 Thread 0x0000024218d5d6e0 DEOPT UNPACKING pc=0x0000024227d569a3 sp=0x000000761c9fb920 mode 2
Event: 7.933 Thread 0x0000024218d5d6e0 Uncommon trap: trap_request=0xffffff45 fr.pc=0x0000024228795e50 relative=0x0000000000000770
Event: 7.933 Thread 0x0000024218d5d6e0 Uncommon trap: reason=unstable_if action=reinterpret pc=0x0000024228795e50 method=java.util.HashMap.putVal(ILjava/lang/Object;Ljava/lang/Object;ZZ)Ljava/lang/Object; @ 94 c2
Event: 7.933 Thread 0x0000024218d5d6e0 DEOPT PACKING pc=0x0000024228795e50 sp=0x000000761c9fb980
Event: 7.933 Thread 0x0000024218d5d6e0 DEOPT UNPACKING pc=0x0000024227d569a3 sp=0x000000761c9fb918 mode 2
Event: 7.956 Thread 0x0000024218d5d6e0 Uncommon trap: trap_request=0xffffff45 fr.pc=0x0000024228638dc4 relative=0x0000000000000224
Event: 7.956 Thread 0x0000024218d5d6e0 Uncommon trap: reason=unstable_if action=reinterpret pc=0x0000024228638dc4 method=java.util.HashMap.getNode(Ljava/lang/Object;)Ljava/util/HashMap$Node; @ 66 c2
Event: 7.956 Thread 0x0000024218d5d6e0 DEOPT PACKING pc=0x0000024228638dc4 sp=0x000000761c9fb9a0
Event: 7.956 Thread 0x0000024218d5d6e0 DEOPT UNPACKING pc=0x0000024227d569a3 sp=0x000000761c9fb8b0 mode 2

Classes loaded (20 events):
Event: 5.869 Loading class java/util/EnumMap$EntrySet
Event: 5.869 Loading class java/util/EnumMap$EntrySet done
Event: 5.869 Loading class java/util/EnumMap$EntryIterator
Event: 5.869 Loading class java/util/EnumMap$EnumMapIterator
Event: 5.869 Loading class java/util/EnumMap$EnumMapIterator done
Event: 5.869 Loading class java/util/EnumMap$EntryIterator done
Event: 5.869 Loading class java/util/EnumMap$EntryIterator$Entry
Event: 5.869 Loading class java/util/EnumMap$EntryIterator$Entry done
Event: 5.993 Loading class java/util/stream/ReduceOps$2
Event: 5.993 Loading class java/util/stream/ReduceOps$2 done
Event: 5.993 Loading class java/util/stream/ReduceOps$2ReducingSink
Event: 5.993 Loading class java/util/stream/ReduceOps$2ReducingSink done
Event: 6.112 Loading class java/util/function/ToIntBiFunction
Event: 6.113 Loading class java/util/function/ToIntBiFunction done
Event: 6.119 Loading class java/io/DataOutputStream
Event: 6.119 Loading class java/io/DataOutputStream done
Event: 6.866 Loading class java/util/regex/Pattern$Loop
Event: 6.866 Loading class java/util/regex/Pattern$Loop done
Event: 6.866 Loading class java/util/regex/Pattern$Prolog
Event: 6.866 Loading class java/util/regex/Pattern$Prolog done

Classes unloaded (0 events):
No events

Classes redefined (0 events):
No events

Internal exceptions (20 events):
Event: 7.804 Thread 0x0000024218d5d6e0 Exception <a 'sun/nio/fs/WindowsException'{0x0000000692718000}> (0x0000000692718000) 
thrown [s\src\hotspot\share\prims\jni.cpp, line 516]
Event: 7.811 Thread 0x0000024218d5d6e0 Exception <a 'sun/nio/fs/WindowsException'{0x0000000692772828}> (0x0000000692772828) 
thrown [s\src\hotspot\share\prims\jni.cpp, line 516]
Event: 7.818 Thread 0x0000024218d5d6e0 Exception <a 'sun/nio/fs/WindowsException'{0x0000000692787f60}> (0x0000000692787f60) 
thrown [s\src\hotspot\share\prims\jni.cpp, line 516]
Event: 7.829 Thread 0x0000024218d5d6e0 Exception <a 'sun/nio/fs/WindowsException'{0x0000000692023f40}> (0x0000000692023f40) 
thrown [s\src\hotspot\share\prims\jni.cpp, line 516]
Event: 7.846 Thread 0x0000024218d5d6e0 Exception <a 'sun/nio/fs/WindowsException'{0x00000006920dd348}> (0x00000006920dd348) 
thrown [s\src\hotspot\share\prims\jni.cpp, line 516]
Event: 7.853 Thread 0x0000024218d5d6e0 Exception <a 'sun/nio/fs/WindowsException'{0x0000000692102798}> (0x0000000692102798) 
thrown [s\src\hotspot\share\prims\jni.cpp, line 516]
Event: 7.856 Thread 0x0000024218d5d6e0 Exception <a 'sun/nio/fs/WindowsException'{0x000000069210a448}> (0x000000069210a448) 
thrown [s\src\hotspot\share\prims\jni.cpp, line 516]
Event: 7.877 Thread 0x0000024218d5d6e0 Exception <a 'sun/nio/fs/WindowsException'{0x00000006921fc770}> (0x00000006921fc770) 
thrown [s\src\hotspot\share\prims\jni.cpp, line 516]
Event: 7.887 Thread 0x0000024218d5d6e0 Exception <a 'sun/nio/fs/WindowsException'{0x000000069225ea38}> (0x000000069225ea38) 
thrown [s\src\hotspot\share\prims\jni.cpp, line 516]
Event: 7.894 Thread 0x0000024218d5d6e0 Exception <a 'sun/nio/fs/WindowsException'{0x00000006922c8928}> (0x00000006922c8928) 
thrown [s\src\hotspot\share\prims\jni.cpp, line 516]
Event: 7.898 Thread 0x0000024218d5d6e0 Exception <a 'sun/nio/fs/WindowsException'{0x0000000692304208}> (0x0000000692304208) 
thrown [s\src\hotspot\share\prims\jni.cpp, line 516]
Event: 7.905 Thread 0x0000024218d5d6e0 Exception <a 'sun/nio/fs/WindowsException'{0x0000000692360eb0}> (0x0000000692360eb0) 
thrown [s\src\hotspot\share\prims\jni.cpp, line 516]
Event: 7.920 Thread 0x0000024218d5d6e0 Exception <a 'sun/nio/fs/WindowsException'{0x0000000691c59dd8}> (0x0000000691c59dd8) 
thrown [s\src\hotspot\share\prims\jni.cpp, line 516]
Event: 7.926 Thread 0x0000024218d5d6e0 Exception <a 'sun/nio/fs/WindowsException'{0x0000000691c94008}> (0x0000000691c94008) 
thrown [s\src\hotspot\share\prims\jni.cpp, line 516]
Event: 7.934 Thread 0x0000024218d5d6e0 Exception <a 'sun/nio/fs/WindowsException'{0x0000000691d085c8}> (0x0000000691d085c8) 
thrown [s\src\hotspot\share\prims\jni.cpp, line 516]
Event: 7.940 Thread 0x0000024218d5d6e0 Exception <a 'sun/nio/fs/WindowsException'{0x0000000691d3d838}> (0x0000000691d3d838) 
thrown [s\src\hotspot\share\prims\jni.cpp, line 516]
Event: 7.947 Thread 0x0000024218d5d6e0 Exception <a 'sun/nio/fs/WindowsException'{0x0000000691d73128}> (0x0000000691d73128) 
thrown [s\src\hotspot\share\prims\jni.cpp, line 516]
Event: 7.957 Thread 0x0000024218d5d6e0 Exception <a 'sun/nio/fs/WindowsException'{0x0000000691dee9a0}> (0x0000000691dee9a0) 
thrown [s\src\hotspot\share\prims\jni.cpp, line 516]
Event: 7.963 Thread 0x0000024218d5d6e0 Exception <a 'sun/nio/fs/WindowsException'{0x0000000691e1d778}> (0x0000000691e1d778) 
thrown [s\src\hotspot\share\prims\jni.cpp, line 516]
Event: 7.968 Thread 0x0000024218d5d6e0 Exception <a 'sun/nio/fs/WindowsException'{0x0000000691e42190}> (0x0000000691e42190) 
thrown [s\src\hotspot\share\prims\jni.cpp, line 516]

VM Operations (20 events):
Event: 6.594 Executing VM operation: ICBufferFull
Event: 6.594 Executing VM operation: ICBufferFull done
Event: 6.602 Executing VM operation: HandshakeAllThreads
Event: 6.602 Executing VM operation: HandshakeAllThreads done
Event: 6.629 Executing VM operation: ICBufferFull
Event: 6.629 Executing VM operation: ICBufferFull done
Event: 6.806 Executing VM operation: ICBufferFull
Event: 6.806 Executing VM operation: ICBufferFull done
Event: 6.886 Executing VM operation: ICBufferFull
Event: 6.886 Executing VM operation: ICBufferFull done
Event: 6.927 Executing VM operation: HandshakeAllThreads
Event: 6.928 Executing VM operation: HandshakeAllThreads done
Event: 7.048 Executing VM operation: ICBufferFull
Event: 7.048 Executing VM operation: ICBufferFull done
Event: 7.233 Executing VM operation: ICBufferFull
Event: 7.234 Executing VM operation: ICBufferFull done
Event: 7.486 Executing VM operation: G1CollectForAllocation
Event: 7.516 Executing VM operation: G1CollectForAllocation done
Event: 7.860 Executing VM operation: ICBufferFull
Event: 7.860 Executing VM operation: ICBufferFull done

Memory protections (0 events):
No events

Nmethod flushes (20 events):
Event: 4.840 Thread 0x00000242419277e0 flushing  nmethod 0x000002422148f510
Event: 4.840 Thread 0x00000242419277e0 flushing  nmethod 0x0000024221490f90
Event: 4.840 Thread 0x00000242419277e0 flushing  nmethod 0x0000024221491f90
Event: 4.840 Thread 0x00000242419277e0 flushing  nmethod 0x0000024221494610
Event: 4.840 Thread 0x00000242419277e0 flushing  nmethod 0x0000024221494e10
Event: 4.840 Thread 0x00000242419277e0 flushing  nmethod 0x0000024221495990
Event: 4.840 Thread 0x00000242419277e0 flushing  nmethod 0x0000024221496510
Event: 4.840 Thread 0x00000242419277e0 flushing  nmethod 0x000002422149ab10
Event: 4.840 Thread 0x00000242419277e0 flushing  nmethod 0x00000242214bed10
Event: 4.840 Thread 0x00000242419277e0 flushing  nmethod 0x00000242214bf210
Event: 4.840 Thread 0x00000242419277e0 flushing  nmethod 0x00000242214bf790
Event: 4.840 Thread 0x00000242419277e0 flushing  nmethod 0x00000242214c0090
Event: 4.840 Thread 0x00000242419277e0 flushing  nmethod 0x00000242214c0490
Event: 6.616 Thread 0x00000242419277e0 flushing  nmethod 0x0000024221484810
Event: 6.616 Thread 0x00000242419277e0 flushing  nmethod 0x0000024221492d90
Event: 6.616 Thread 0x00000242419277e0 flushing  nmethod 0x0000024221498910
Event: 6.616 Thread 0x00000242419277e0 flushing  nmethod 0x0000024221499a10
Event: 6.616 Thread 0x00000242419277e0 flushing  nmethod 0x00000242214a1c90
Event: 6.616 Thread 0x00000242419277e0 flushing  nmethod 0x00000242214a3610
Event: 6.616 Thread 0x00000242419277e0 flushing  nmethod 0x00000242214c1290

Events (20 events):
Event: 2.665 Thread 0x00000242873a9f50 Thread exited: 0x00000242873a9f50
Event: 3.175 Thread 0x00000242873a9a30 Thread exited: 0x00000242873a9a30
Event: 3.682 Thread 0x0000024287be5b10 Thread exited: 0x0000024287be5b10
Event: 3.689 Thread 0x000002428752b3e0 Thread exited: 0x000002428752b3e0
Event: 3.813 Thread 0x0000024241a4d790 Thread exited: 0x0000024241a4d790
Event: 4.225 Thread 0x0000024241a1f690 Thread added: 0x0000024288ce28a0
Event: 4.294 Thread 0x000002428754e370 Thread added: 0x0000024288e84960
Event: 4.312 Thread 0x0000024288e84960 Thread added: 0x0000024241b57af0
Event: 4.360 Thread 0x0000024241a1e4a0 Thread added: 0x0000024288f6a410
Event: 4.417 Thread 0x000002428754e370 Thread added: 0x00000242899d92c0
Event: 5.075 Thread 0x0000024288f6a410 Thread exited: 0x0000024288f6a410
Event: 5.075 Thread 0x00000242899d92c0 Thread exited: 0x00000242899d92c0
Event: 5.147 Thread 0x0000024288e84960 Thread exited: 0x0000024288e84960
Event: 5.147 Thread 0x0000024241b57af0 Thread exited: 0x0000024241b57af0
Event: 5.162 Thread 0x0000024288ce28a0 Thread exited: 0x0000024288ce28a0
Event: 5.330 Thread 0x0000024241a1f690 Thread added: 0x0000024289e6fab0
Event: 5.330 Thread 0x0000024241a1f690 Thread added: 0x0000024287ba4710
Event: 5.471 Thread 0x000002424191d600 Thread added: 0x0000024288617020
Event: 5.513 Thread 0x000002428754e370 Thread added: 0x0000024287bdc870
Event: 5.516 Thread 0x00000242418fab30 Thread added: 0x0000024289687850


Dynamic libraries:
0x00007ff74d330000 - 0x00007ff74d33e000 	C:\Users\Efra\.jdks\corretto-17.0.15-1\bin\java.exe
0x00007ffd4eaf0000 - 0x00007ffd4ece8000 	C:\Windows\SYSTEM32\ntdll.dll
0x00007ffd4e8a0000 - 0x00007ffd4e962000 	C:\Windows\System32\KERNEL32.DLL
0x00007ffd4c630000 - 0x00007ffd4c926000 	C:\Windows\System32\KERNELBASE.dll
0x00007ffd4c250000 - 0x00007ffd4c350000 	C:\Windows\System32\ucrtbase.dll
0x00007ffd16180000 - 0x00007ffd1619b000 	C:\Users\Efra\.jdks\corretto-17.0.15-1\bin\VCRUNTIME140.dll
0x00007ffd154f0000 - 0x00007ffd15507000 	C:\Users\Efra\.jdks\corretto-17.0.15-1\bin\jli.dll
0x00007ffd4ddf0000 - 0x00007ffd4df8d000 	C:\Windows\System32\USER32.dll
0x00007ffd4c560000 - 0x00007ffd4c582000 	C:\Windows\System32\win32u.dll
0x00007ffd4db40000 - 0x00007ffd4db6b000 	C:\Windows\System32\GDI32.dll
0x00007ffd33920000 - 0x00007ffd33bba000 	C:\Windows\WinSxS\amd64_microsoft.windows.common-controls_6595b64144ccf1df_6.0.19041.4355_none_60b8b9eb71f62e16\COMCTL32.dll
0x00007ffd4c9f0000 - 0x00007ffd4cb0a000 	C:\Windows\System32\gdi32full.dll
0x00007ffd4cd90000 - 0x00007ffd4ce2e000 	C:\Windows\System32\msvcrt.dll
0x00007ffd4c590000 - 0x00007ffd4c62d000 	C:\Windows\System32\msvcp_win.dll
0x00007ffd4d010000 - 0x00007ffd4d03f000 	C:\Windows\System32\IMM32.DLL
0x00007ffd2dfd0000 - 0x00007ffd2dfdc000 	C:\Users\Efra\.jdks\corretto-17.0.15-1\bin\vcruntime140_1.dll
0x00007ffd15460000 - 0x00007ffd154ed000 	C:\Users\Efra\.jdks\corretto-17.0.15-1\bin\msvcp140.dll
0x00007ffc9bef0000 - 0x00007ffc9cb5c000 	C:\Users\Efra\.jdks\corretto-17.0.15-1\bin\server\jvm.dll
0x00007ffd4da90000 - 0x00007ffd4db3f000 	C:\Windows\System32\ADVAPI32.dll
0x00007ffd4d9f0000 - 0x00007ffd4da8f000 	C:\Windows\System32\sechost.dll
0x00007ffd4cee0000 - 0x00007ffd4d003000 	C:\Windows\System32\RPCRT4.dll
0x00007ffd4c930000 - 0x00007ffd4c957000 	C:\Windows\System32\bcrypt.dll
0x00007ffd4e4a0000 - 0x00007ffd4e50b000 	C:\Windows\System32\WS2_32.dll
0x00007ffd4b930000 - 0x00007ffd4b97b000 	C:\Windows\SYSTEM32\POWRPROF.dll
0x00007ffd46b20000 - 0x00007ffd46b2a000 	C:\Windows\SYSTEM32\VERSION.dll
0x00007ffd433b0000 - 0x00007ffd433d7000 	C:\Windows\SYSTEM32\WINMM.dll
0x00007ffd4b8a0000 - 0x00007ffd4b8b2000 	C:\Windows\SYSTEM32\UMPDC.dll
0x00007ffd4a020000 - 0x00007ffd4a032000 	C:\Windows\SYSTEM32\kernel.appcore.dll
0x00007ffd16170000 - 0x00007ffd1617a000 	C:\Users\Efra\.jdks\corretto-17.0.15-1\bin\jimage.dll
0x00007ffd42770000 - 0x00007ffd42954000 	C:\Windows\SYSTEM32\DBGHELP.DLL
0x00007ffd2c7b0000 - 0x00007ffd2c7e4000 	C:\Windows\SYSTEM32\dbgcore.DLL
0x00007ffd4c960000 - 0x00007ffd4c9e2000 	C:\Windows\System32\bcryptPrimitives.dll
0x00007ffd15450000 - 0x00007ffd1545e000 	C:\Users\Efra\.jdks\corretto-17.0.15-1\bin\instrument.dll
0x00007ffd15420000 - 0x00007ffd15445000 	C:\Users\Efra\.jdks\corretto-17.0.15-1\bin\java.dll
0x00007ffd15340000 - 0x00007ffd15417000 	C:\Users\Efra\.jdks\corretto-17.0.15-1\bin\jsvml.dll
0x00007ffd4d0a0000 - 0x00007ffd4d80f000 	C:\Windows\System32\SHELL32.dll
0x00007ffd4a220000 - 0x00007ffd4a9c3000 	C:\Windows\SYSTEM32\windows.storage.dll
0x00007ffd4e540000 - 0x00007ffd4e895000 	C:\Windows\System32\combase.dll
0x00007ffd4bbb0000 - 0x00007ffd4bbdb000 	C:\Windows\SYSTEM32\Wldp.dll
0x00007ffd4db70000 - 0x00007ffd4dc3d000 	C:\Windows\System32\OLEAUT32.dll
0x00007ffd4d940000 - 0x00007ffd4d9ed000 	C:\Windows\System32\SHCORE.dll
0x00007ffd4cd30000 - 0x00007ffd4cd85000 	C:\Windows\System32\shlwapi.dll
0x00007ffd4c0b0000 - 0x00007ffd4c0d5000 	C:\Windows\SYSTEM32\profapi.dll
0x00007ffd15320000 - 0x00007ffd15338000 	C:\Users\Efra\.jdks\corretto-17.0.15-1\bin\zip.dll
0x00007ffd15300000 - 0x00007ffd15319000 	C:\Users\Efra\.jdks\corretto-17.0.15-1\bin\net.dll
0x00007ffd467d0000 - 0x00007ffd468da000 	C:\Windows\SYSTEM32\WINHTTP.dll
0x00007ffd4b8c0000 - 0x00007ffd4b92c000 	C:\Windows\system32\mswsock.dll
0x00007ffd152e0000 - 0x00007ffd152f6000 	C:\Users\Efra\.jdks\corretto-17.0.15-1\bin\nio.dll
0x00007ffd152d0000 - 0x00007ffd152d9000 	C:\Users\Efra\.jdks\corretto-17.0.15-1\bin\extnet.dll
0x00007ffd152a0000 - 0x00007ffd152c4000 	C:\Users\Efra\AppData\Local\Temp\jansi-2.4.1-4089d96efd3f43dd-jansi.dll
0x00007ffd15290000 - 0x00007ffd152a0000 	C:\Users\Efra\.jdks\corretto-17.0.15-1\bin\verify.dll

dbghelp: loaded successfully - version: 4.0.5 - missing functions: none
symbol engine: initialized successfully - sym options: 0x614 - pdb path: .;C:\Users\Efra\.jdks\corretto-17.0.15-1\bin;C:\Windows\SYSTEM32;C:\Windows\WinSxS\amd64_microsoft.windows.common-controls_6595b64144ccf1df_6.0.19041.4355_none_60b8b9eb71f62e16;C:\Users\Efra\.jdks\corretto-17.0.15-1\bin\server;C:\Users\Efra\AppData\Local\Temp

VM Arguments:
jvm_args: -Dmaven.multiModuleProjectDirectory=D:\FormulaRacing -Djansi.passthrough=true -Dmaven.home=D:/IntelliJ IDEA Community Edition 2025.1.4/plugins/maven/lib/maven3 -Dclassworlds.conf=D:\IntelliJ IDEA Community Edition 2025.1.4\plugins\maven\lib\maven3\bin\m2.conf -Dmaven.ext.class.path=D:\IntelliJ IDEA Community Edition 2025.1.4\plugins\maven\lib\maven-event-listener.jar -javaagent:D:\IntelliJ IDEA Community Edition 2025.1.4\lib\idea_rt.jar=62901 -Dfile.encoding=UTF-8 
java_command: org.codehaus.classworlds.Launcher -Didea.version=2025.1.4 package
java_class_path (initial): D:\IntelliJ IDEA Community Edition 2025.1.4\plugins\maven\lib\maven3\boot\plexus-classworlds-2.8.0.jar;D:\IntelliJ IDEA Community Edition 2025.1.4\plugins\maven\lib\maven3\boot\plexus-classworlds.license
Launcher Type: SUN_STANDARD

[Global flags]
     intx CICompilerCount                          = 12                                        {product} {ergonomic}
     uint ConcGCThreads                            = 4                                         {product} {ergonomic}
     uint G1ConcRefinementThreads                  = 15                                        {product} {ergonomic}
   size_t G1HeapRegionSize                         = 4194304                                   {product} {ergonomic}
    uintx GCDrainStackTargetSize                   = 64                                        {product} {ergonomic}
   size_t InitialHeapSize                          = 402653184                                 {product} {ergonomic}
   size_t MarkStackSize                            = 4194304                                   {product} {ergonomic}
   size_t MaxHeapSize                              = 6404702208                                {product} {ergonomic}
   size_t MaxNewSize                               = 3841982464                                {product} {ergonomic}
   size_t MinHeapDeltaBytes                        = 4194304                                   {product} {ergonomic}
   size_t MinHeapSize                              = 8388608                                   {product} {ergonomic}
    uintx NonNMethodCodeHeapSize                   = 7602480                                {pd product} {ergonomic}
    uintx NonProfiledCodeHeapSize                  = 122027880                              {pd product} {ergonomic}
    uintx ProfiledCodeHeapSize                     = 122027880                              {pd product} {ergonomic}
    uintx ReservedCodeCacheSize                    = 251658240                              {pd product} {ergonomic}
     bool SegmentedCodeCache                       = true                                      {product} {ergonomic}
   size_t SoftMaxHeapSize                          = 6404702208                             {manageable} {ergonomic}
     bool UseCompressedClassPointers               = true                           {product lp64_product} {ergonomic}
     bool UseCompressedOops                        = true                           {product lp64_product} {ergonomic}
     bool UseG1GC                                  = true                                      {product} {ergonomic}
     bool UseLargePagesIndividualAllocation        = false                                  {pd product} {ergonomic}

Logging:
Log output configuration:
 #0: stdout all=warning uptime,level,tags
 #1: stderr all=off uptime,level,tags

Environment Variables:
PATH=C:\Program Files\Common Files\Oracle\Java\javapath;C:\Program Files (x86)\Common Files\Oracle\Java\java8path;C:\Program Files (x86)\Common Files\Intel\Shared Libraries\redist\intel64_win\compiler;C:\Program Files (x86)\Common Files\Intel\Shared Libraries\redist\intel64\compiler;C:\Windows\system32;C:\Windows;C:\Windows\System32\Wbem;C:\Windows\System32\WindowsPowerShell\v1.0\;C:\Windows\System32\OpenSSH\;C:\Program Files\dotnet\;C:\Program Files (x86)\Touch Portal\plugins\adb\platform-tools;C:\Program Files (x86)\NVIDIA Corporation\PhysX\Common;C:\Program Files\Filestar;C:\ProgramData\Filestar\aliases;C:\Program Files\Git\cmd;C:\Program Files\WorldPainter;C:\Program Files\NVIDIA Corporation\NVIDIA App\NvDLISR;C:\Users\Efra\AppData\Local\Programs\Python\Python313\Scripts\;C:\Users\Efra\AppData\Local\Programs\Python\Python313\;c:\ffmpeg\bin
USERNAME=Efra
OS=Windows_NT
PROCESSOR_IDENTIFIER=Intel64 Family 6 Model 79 Stepping 1, GenuineIntel
TMP=C:\Users\Efra\AppData\Local\Temp
TEMP=C:\Users\Efra\AppData\Local\Temp



Periodic native trim disabled


---------------  S Y S T E M  ---------------

OS:
 Windows 10 , 64 bit Build 19041 (10.0.19041.5678)
OS uptime: 0 days 9:18 hours

CPU: total 20 (initial active 20) (10 cores per cpu, 2 threads per core) family 6 model 79 stepping 1 microcode 0xb000031, cx8, cmov, fxsr, ht, mmx, 3dnowpref, sse, sse2, sse3, ssse3, sse4.1, sse4.2, popcnt, lzcnt, tsc, tscinvbit, avx, avx2, aes, erms, clmul, bmi1, bmi2, rtm, adx, fma, vzeroupper, clflush
Processor Information for all 20 processors :
  Max Mhz: 2401, Current Mhz: 2401, Mhz Limit: 2401

Memory: 4k page, system-wide physical 24417M (1109M free)
TotalPageFile size 29311M (AvailPageFile size 5M)
current process WorkingSet (physical memory assigned to process): 368M, peak: 377M
current process commit charge ("private bytes"): 482M, peak: 552M

vm_info: OpenJDK 64-Bit Server VM (17.0.15+6-LTS) for windows-amd64 JRE (17.0.15+6-LTS), built on Apr  9 2025 23:33:55 by "Administrator" with MS VC++ 16.10 / 16.11 (VS2019)

END.
