#
# There is insufficient memory for the Java Runtime Environment to continue.
# Native memory allocation (malloc) failed to allocate 1322096 bytes. Error detail: Chunk::new
# Possible reasons:
#   The system is out of physical RAM or swap space
#   This process is running with CompressedOops enabled, and the Java Heap may be blocking the growth of the native heap
# Possible solutions:
#   Reduce memory load on the system
#   Increase physical memory or swap space
#   Check if swap backing store is full
#   Decrease Java heap size (-Xmx/-Xms)
#   Decrease number of Java threads
#   Decrease Java thread stack sizes (-Xss)
#   Set larger code cache with -XX:ReservedCodeCacheSize=
#   JVM is running with Zero Based Compressed Oops mode in which the Java heap is
#     placed in the first 32GB address space. The Java Heap base address is the
#     maximum limit for the native heap growth. Please use -XX:HeapBaseMinAddress
#     to set the Java Heap base and to place the Java Heap above 32GB virtual address.
# This output file may be truncated or incomplete.
#
#  Out of Memory Error (arena.cpp:191), pid=26096, tid=18732
#
# JRE version: OpenJDK Runtime Environment Corretto-17.0.15.6.1 (17.0.15+6) (build 17.0.15+6-LTS)
# Java VM: OpenJDK 64-Bit Server VM Corretto-17.0.15.6.1 (17.0.15+6-LTS, mixed mode, sharing, tiered, compressed oops, compressed class ptrs, g1 gc, windows-amd64)
# No core dump will be written. Minidumps are not enabled by default on client versions of Windows
#

---------------  S U M M A R Y ------------

Command Line: -Dmaven.multiModuleProjectDirectory=D:\FormulaRacing -Djansi.passthrough=true -Dmaven.home=D:/IntelliJ IDEA Community Edition 2025.1.4/plugins/maven/lib/maven3 -Dclassworlds.conf=D:\IntelliJ IDEA Community Edition 2025.1.4\plugins\maven\lib\maven3\bin\m2.conf -Dmaven.ext.class.path=D:\IntelliJ IDEA Community Edition 2025.1.4\plugins\maven\lib\maven-event-listener.jar -javaagent:D:\IntelliJ IDEA Community Edition 2025.1.4\lib\idea_rt.jar=62889 -Dfile.encoding=UTF-8 org.codehaus.classworlds.Launcher -Didea.version=2025.1.4 package

Host: Intel(R) Xeon(R) CPU E5-2640 v4 @ 2.40GHz, 20 cores, 23G,  Windows 10 , 64 bit Build 19041 (10.0.19041.5678)
Time: Tue Oct 14 21:26:19 2025 Hora oficial do Brasil elapsed time: 7.568655 seconds (0d 0h 0m 7s)

---------------  T H R E A D  ---------------

Current thread (0x000001e3646c95e0):  JavaThread "C2 CompilerThread4" daemon [_thread_in_native, id=18732, stack(0x0000009c07600000,0x0000009c07700000)]


Current CompileTask:
C2:   7568 8401       4       com.sun.tools.javac.comp.Resolve$4::argumentsAcceptable (69 bytes)

Stack: [0x0000009c07600000,0x0000009c07700000]
Native frames: (J=compiled Java code, j=interpreted, Vv=VM code, C=native code)
V  [jvm.dll+0x681149]
V  [jvm.dll+0x838b5a]
V  [jvm.dll+0x83a61e]
V  [jvm.dll+0x83ac83]
V  [jvm.dll+0x24837f]
V  [jvm.dll+0xaca54]
V  [jvm.dll+0xad09c]
V  [jvm.dll+0x3679e2]
V  [jvm.dll+0x1bd2e6]
V  [jvm.dll+0x21aa19]
V  [jvm.dll+0x219d01]
V  [jvm.dll+0x1a59fd]
V  [jvm.dll+0x229a5d]
V  [jvm.dll+0x227bec]
V  [jvm.dll+0x7eda37]
V  [jvm.dll+0x7e7f8c]
V  [jvm.dll+0x680017]
C  [ucrtbase.dll+0x21bb2]
C  [KERNEL32.DLL+0x17374]
C  [ntdll.dll+0x4cc91]


---------------  P R O C E S S  ---------------

Threads class SMR info:
_java_thread_list=0x000001e3aec687c0, length=22, elements={
0x000001e33b9b2ea0, 0x000001e36446aaa0, 0x000001e36446b920, 0x000001e364480140,
0x000001e364480d00, 0x000001e3644836d0, 0x000001e364484090, 0x000001e364485d90,
0x000001e364486840, 0x000001e3644a2800, 0x000001e364599100, 0x000001e36459c520,
0x000001e3645a0b00, 0x000001e36459b470, 0x000001e36459b980, 0x000001e3aaaca2e0,
0x000001e3645986e0, 0x000001e3abadf1c0, 0x000001e3ab4dfde0, 0x000001e3ab5d1c00,
0x000001e3646c95e0, 0x000001e3aa59b600
}

Java Threads: ( => current thread )
  0x000001e33b9b2ea0 JavaThread "main" [_thread_blocked, id=7820, stack(0x0000009c04a00000,0x0000009c04b00000)]
  0x000001e36446aaa0 JavaThread "Reference Handler" daemon [_thread_blocked, id=27432, stack(0x0000009c05100000,0x0000009c05200000)]
  0x000001e36446b920 JavaThread "Finalizer" daemon [_thread_blocked, id=17304, stack(0x0000009c05200000,0x0000009c05300000)]
  0x000001e364480140 JavaThread "Signal Dispatcher" daemon [_thread_blocked, id=15732, stack(0x0000009c05300000,0x0000009c05400000)]
  0x000001e364480d00 JavaThread "Attach Listener" daemon [_thread_blocked, id=15152, stack(0x0000009c05400000,0x0000009c05500000)]
  0x000001e3644836d0 JavaThread "Service Thread" daemon [_thread_blocked, id=660, stack(0x0000009c05500000,0x0000009c05600000)]
  0x000001e364484090 JavaThread "Monitor Deflation Thread" daemon [_thread_blocked, id=27612, stack(0x0000009c05600000,0x0000009c05700000)]
  0x000001e364485d90 JavaThread "C2 CompilerThread0" daemon [_thread_blocked, id=20896, stack(0x0000009c05700000,0x0000009c05800000)]
  0x000001e364486840 JavaThread "C1 CompilerThread0" daemon [_thread_blocked, id=34396, stack(0x0000009c05800000,0x0000009c05900000)]
  0x000001e3644a2800 JavaThread "Sweeper thread" daemon [_thread_blocked, id=25592, stack(0x0000009c05900000,0x0000009c05a00000)]
  0x000001e364599100 JavaThread "Common-Cleaner" daemon [_thread_blocked, id=18360, stack(0x0000009c05a00000,0x0000009c05b00000)]
  0x000001e36459c520 JavaThread "C1 CompilerThread1" daemon [_thread_blocked, id=33544, stack(0x0000009c05b00000,0x0000009c05c00000)]
  0x000001e3645a0b00 JavaThread "C1 CompilerThread2" daemon [_thread_blocked, id=31072, stack(0x0000009c05c00000,0x0000009c05d00000)]
  0x000001e36459b470 JavaThread "Monitor Ctrl-Break" daemon [_thread_in_native, id=26580, stack(0x0000009c05d00000,0x0000009c05e00000)]
  0x000001e36459b980 JavaThread "Notification Thread" daemon [_thread_blocked, id=9948, stack(0x0000009c05e00000,0x0000009c05f00000)]
  0x000001e3aaaca2e0 JavaThread "C1 CompilerThread3" daemon [_thread_blocked, id=33048, stack(0x0000009c06f00000,0x0000009c07000000)]
  0x000001e3645986e0 JavaThread "Thread-1" daemon [_thread_blocked, id=34424, stack(0x0000009c06e00000,0x0000009c06f00000)]
  0x000001e3abadf1c0 JavaThread "C2 CompilerThread1" daemon [_thread_blocked, id=21684, stack(0x0000009c07300000,0x0000009c07400000)]
  0x000001e3ab4dfde0 JavaThread "C2 CompilerThread2" daemon [_thread_in_native, id=19572, stack(0x0000009c07400000,0x0000009c07500000)]
  0x000001e3ab5d1c00 JavaThread "C2 CompilerThread3" daemon [_thread_blocked, id=28536, stack(0x0000009c07500000,0x0000009c07600000)]
=>0x000001e3646c95e0 JavaThread "C2 CompilerThread4" daemon [_thread_in_native, id=18732, stack(0x0000009c07600000,0x0000009c07700000)]
  0x000001e3aa59b600 JavaThread "C2 CompilerThread5" daemon [_thread_in_native, id=24732, stack(0x0000009c07700000,0x0000009c07800000)]

Other Threads:
  0x000001e3644641e0 VMThread "VM Thread" [stack: 0x0000009c05000000,0x0000009c05100000] [id=28360]
  0x000001e33b9b3e60 WatcherThread [stack: 0x0000009c05f00000,0x0000009c06000000] [id=11912]
  0x000001e33ba3cf50 GCTaskThread "GC Thread#0" [stack: 0x0000009c04b00000,0x0000009c04c00000] [id=7700]
  0x000001e3aa7b7050 GCTaskThread "GC Thread#1" [stack: 0x0000009c06200000,0x0000009c06300000] [id=31296]
  0x000001e3aa7b7310 GCTaskThread "GC Thread#2" [stack: 0x0000009c06300000,0x0000009c06400000] [id=34068]
  0x000001e3aa7b75d0 GCTaskThread "GC Thread#3" [stack: 0x0000009c06400000,0x0000009c06500000] [id=21028]
  0x000001e3aa61b830 GCTaskThread "GC Thread#4" [stack: 0x0000009c06500000,0x0000009c06600000] [id=8432]
  0x000001e3aa6dc910 GCTaskThread "GC Thread#5" [stack: 0x0000009c06600000,0x0000009c06700000] [id=22748]
  0x000001e3aa6dd1e0 GCTaskThread "GC Thread#6" [stack: 0x0000009c06700000,0x0000009c06800000] [id=31612]
  0x000001e3aa6dd4a0 GCTaskThread "GC Thread#7" [stack: 0x0000009c06800000,0x0000009c06900000] [id=22788]
  0x000001e3aa6dd760 GCTaskThread "GC Thread#8" [stack: 0x0000009c06900000,0x0000009c06a00000] [id=7660]
  0x000001e3ab5d33f0 GCTaskThread "GC Thread#9" [stack: 0x0000009c06000000,0x0000009c06100000] [id=26908]
  0x000001e3abcaee00 GCTaskThread "GC Thread#10" [stack: 0x0000009c06100000,0x0000009c06200000] [id=26836]
  0x000001e3abaf15e0 GCTaskThread "GC Thread#11" [stack: 0x0000009c06a00000,0x0000009c06b00000] [id=25648]
  0x000001e3abe98010 GCTaskThread "GC Thread#12" [stack: 0x0000009c06b00000,0x0000009c06c00000] [id=28912]
  0x000001e3abe98ae0 GCTaskThread "GC Thread#13" [stack: 0x0000009c06c00000,0x0000009c06d00000] [id=21548]
  0x000001e3abe9a3f0 GCTaskThread "GC Thread#14" [stack: 0x0000009c06d00000,0x0000009c06e00000] [id=35716]
  0x000001e33977cf50 ConcurrentGCThread "G1 Main Marker" [stack: 0x0000009c04c00000,0x0000009c04d00000] [id=17624]
  0x000001e33977e110 ConcurrentGCThread "G1 Conc#0" [stack: 0x0000009c04d00000,0x0000009c04e00000] [id=11436]
  0x000001e3abe98df0 ConcurrentGCThread "G1 Conc#1" [stack: 0x0000009c07000000,0x0000009c07100000] [id=26204]
  0x000001e3abe990b0 ConcurrentGCThread "G1 Conc#2" [stack: 0x0000009c07100000,0x0000009c07200000] [id=27180]
  0x000001e3abe99e70 ConcurrentGCThread "G1 Conc#3" [stack: 0x0000009c07200000,0x0000009c07300000] [id=24908]
  0x000001e33ba6de70 ConcurrentGCThread "G1 Refine#0" [stack: 0x0000009c04e00000,0x0000009c04f00000] [id=20160]
  0x000001e3ad4fe180 ConcurrentGCThread "G1 Refine#1" [stack: 0x0000009c07900000,0x0000009c07a00000] [id=33748]
  0x000001e3ad4fe470 ConcurrentGCThread "G1 Refine#2" [stack: 0x0000009c07a00000,0x0000009c07b00000] [id=6584]
  0x000001e3ad4fde90 ConcurrentGCThread "G1 Refine#3" [stack: 0x0000009c07b00000,0x0000009c07c00000] [id=33776]
  0x000001e3ad4fe760 ConcurrentGCThread "G1 Refine#4" [stack: 0x0000009c07c00000,0x0000009c07d00000] [id=18476]
  0x000001e3ad4fea50 ConcurrentGCThread "G1 Refine#5" [stack: 0x0000009c07d00000,0x0000009c07e00000] [id=17860]
  0x000001e3ad4ff030 ConcurrentGCThread "G1 Refine#6" [stack: 0x0000009c07e00000,0x0000009c07f00000] [id=31984]
  0x000001e3ad4ff320 ConcurrentGCThread "G1 Refine#7" [stack: 0x0000009c07f00000,0x0000009c08000000] [id=13876]
  0x000001e3ad4fdba0 ConcurrentGCThread "G1 Refine#8" [stack: 0x0000009c08000000,0x0000009c08100000] [id=2376]
  0x000001e3ad4fd8b0 ConcurrentGCThread "G1 Refine#9" [stack: 0x0000009c08100000,0x0000009c08200000] [id=19240]
  0x000001e33ba6e8a0 ConcurrentGCThread "G1 Service" [stack: 0x0000009c04f00000,0x0000009c05000000] [id=18940]

Threads with active compile tasks:
C2 CompilerThread2     7606 8536       4       com.sun.tools.javac.comp.Attr$ResultInfo::check (21 bytes)
C2 CompilerThread4     7606 8401       4       com.sun.tools.javac.comp.Resolve$4::argumentsAcceptable (69 bytes)
C2 CompilerThread5     7606 8324       4       com.sun.tools.javac.code.Types$ImplementationCache::get (159 bytes)

VM state: not at safepoint (normal execution)

VM Mutex/Monitor currently owned by a thread: None

Heap address: 0x0000000682400000, size: 6108 MB, Compressed Oops mode: Zero based, Oop shift amount: 3

CDS archive(s) mapped at: [0x000001e365000000-0x000001e365bb0000-0x000001e365bb0000), size 12255232, SharedBaseAddress: 0x000001e365000000, ArchiveRelocationMode: 1.
Compressed class space mapped at: 0x000001e366000000-0x000001e3a6000000, reserved size: 1073741824
Narrow klass base: 0x000001e365000000, Narrow klass shift: 0, Narrow klass range: 0x100000000

GC Precious Log:
 CPUs: 20 total, 20 available
 Memory: 24417M
 Large Page Support: Disabled
 NUMA Support: Disabled
 Compressed Oops: Enabled (Zero based)
 Heap Region Size: 4M
 Heap Min Capacity: 8M
 Heap Initial Capacity: 384M
 Heap Max Capacity: 6108M
 Pre-touch: Disabled
 Parallel Workers: 15
 Concurrent Workers: 4
 Concurrent Refinement Workers: 15
 Periodic GC: Disabled

Heap:
 garbage-first heap   total 233472K, used 134638K [0x0000000682400000, 0x0000000800000000)
  region size 4096K, 27 young (110592K), 1 survivors (4096K)
 Metaspace       used 29922K, committed 30272K, reserved 1114112K
  class space    used 3348K, committed 3520K, reserved 1048576K

Heap Regions: E=young(eden), S=young(survivor), O=old, HS=humongous(starts), HC=humongous(continues), CS=collection set, F=free, OA=open archive, CA=closed archive, TAMS=top-at-mark-start (previous, next)
|   0|0x0000000682400000, 0x0000000682800000, 0x0000000682800000|100%| O|  |TAMS 0x0000000682400000, 0x0000000682400000| Untracked 
|   1|0x0000000682800000, 0x0000000682c00000, 0x0000000682c00000|100%| O|  |TAMS 0x0000000682800000, 0x0000000682800000| Untracked 
|   2|0x0000000682c00000, 0x0000000683000000, 0x0000000683000000|100%| O|  |TAMS 0x0000000682c00000, 0x0000000682c00000| Untracked 
|   3|0x0000000683000000, 0x0000000683400000, 0x0000000683400000|100%| O|  |TAMS 0x0000000683000000, 0x0000000683000000| Untracked 
|   4|0x0000000683400000, 0x0000000683800000, 0x0000000683800000|100%| O|  |TAMS 0x0000000683400000, 0x0000000683400000| Untracked 
|   5|0x0000000683800000, 0x0000000683800000, 0x0000000683c00000|  0%| F|  |TAMS 0x0000000683800000, 0x0000000683800000| Untracked 
|   6|0x0000000683c00000, 0x0000000683c00000, 0x0000000684000000|  0%| F|  |TAMS 0x0000000683c00000, 0x0000000683c00000| Untracked 
|   7|0x0000000684000000, 0x0000000684400000, 0x0000000684400000|100%| O|  |TAMS 0x0000000684000000, 0x0000000684000000| Untracked 
|   8|0x0000000684400000, 0x0000000684800000, 0x0000000684800000|100%| O|  |TAMS 0x0000000684400000, 0x0000000684400000| Untracked 
|   9|0x0000000684800000, 0x0000000684800000, 0x0000000684c00000|  0%| F|  |TAMS 0x0000000684800000, 0x0000000684800000| Untracked 
|  10|0x0000000684c00000, 0x0000000684c00000, 0x0000000685000000|  0%| F|  |TAMS 0x0000000684c00000, 0x0000000684c00000| Untracked 
|  11|0x0000000685000000, 0x0000000685000000, 0x0000000685400000|  0%| F|  |TAMS 0x0000000685000000, 0x0000000685000000| Untracked 
|  12|0x0000000685400000, 0x000000068577bb10, 0x0000000685800000| 87%| S|CS|TAMS 0x0000000685400000, 0x0000000685400000| Complete 
|  13|0x0000000685800000, 0x0000000685800000, 0x0000000685c00000|  0%| F|  |TAMS 0x0000000685800000, 0x0000000685800000| Untracked 
|  14|0x0000000685c00000, 0x0000000685c00000, 0x0000000686000000|  0%| F|  |TAMS 0x0000000685c00000, 0x0000000685c00000| Untracked 
|  15|0x0000000686000000, 0x0000000686000000, 0x0000000686400000|  0%| F|  |TAMS 0x0000000686000000, 0x0000000686000000| Untracked 
|  16|0x0000000686400000, 0x0000000686400000, 0x0000000686800000|  0%| F|  |TAMS 0x0000000686400000, 0x0000000686400000| Untracked 
|  17|0x0000000686800000, 0x0000000686800000, 0x0000000686c00000|  0%| F|  |TAMS 0x0000000686800000, 0x0000000686800000| Untracked 
|  18|0x0000000686c00000, 0x0000000686c00000, 0x0000000687000000|  0%| F|  |TAMS 0x0000000686c00000, 0x0000000686c00000| Untracked 
|  19|0x0000000687000000, 0x0000000687000000, 0x0000000687400000|  0%| F|  |TAMS 0x0000000687000000, 0x0000000687000000| Untracked 
|  20|0x0000000687400000, 0x0000000687400000, 0x0000000687800000|  0%| F|  |TAMS 0x0000000687400000, 0x0000000687400000| Untracked 
|  21|0x0000000687800000, 0x0000000687800000, 0x0000000687c00000|  0%| F|  |TAMS 0x0000000687800000, 0x0000000687800000| Untracked 
|  22|0x0000000687c00000, 0x0000000687c00000, 0x0000000688000000|  0%| F|  |TAMS 0x0000000687c00000, 0x0000000687c00000| Untracked 
|  23|0x0000000688000000, 0x0000000688000000, 0x0000000688400000|  0%| F|  |TAMS 0x0000000688000000, 0x0000000688000000| Untracked 
|  24|0x0000000688400000, 0x0000000688400000, 0x0000000688800000|  0%| F|  |TAMS 0x0000000688400000, 0x0000000688400000| Untracked 
|  25|0x0000000688800000, 0x0000000688800000, 0x0000000688c00000|  0%| F|  |TAMS 0x0000000688800000, 0x0000000688800000| Untracked 
|  26|0x0000000688c00000, 0x0000000688c00000, 0x0000000689000000|  0%| F|  |TAMS 0x0000000688c00000, 0x0000000688c00000| Untracked 
|  27|0x0000000689000000, 0x0000000689000000, 0x0000000689400000|  0%| F|  |TAMS 0x0000000689000000, 0x0000000689000000| Untracked 
|  28|0x0000000689400000, 0x0000000689400000, 0x0000000689800000|  0%| F|  |TAMS 0x0000000689400000, 0x0000000689400000| Untracked 
|  29|0x0000000689800000, 0x0000000689800000, 0x0000000689c00000|  0%| F|  |TAMS 0x0000000689800000, 0x0000000689800000| Untracked 
|  30|0x0000000689c00000, 0x0000000689c00000, 0x000000068a000000|  0%| F|  |TAMS 0x0000000689c00000, 0x0000000689c00000| Untracked 
|  31|0x000000068a000000, 0x000000068a085220, 0x000000068a400000| 13%| E|  |TAMS 0x000000068a000000, 0x000000068a000000| Complete 
|  32|0x000000068a400000, 0x000000068a800000, 0x000000068a800000|100%| E|CS|TAMS 0x000000068a400000, 0x000000068a400000| Complete 
|  33|0x000000068a800000, 0x000000068ac00000, 0x000000068ac00000|100%| E|CS|TAMS 0x000000068a800000, 0x000000068a800000| Complete 
|  34|0x000000068ac00000, 0x000000068b000000, 0x000000068b000000|100%| E|CS|TAMS 0x000000068ac00000, 0x000000068ac00000| Complete 
|  35|0x000000068b000000, 0x000000068b400000, 0x000000068b400000|100%| E|CS|TAMS 0x000000068b000000, 0x000000068b000000| Complete 
|  36|0x000000068b400000, 0x000000068b800000, 0x000000068b800000|100%| E|CS|TAMS 0x000000068b400000, 0x000000068b400000| Complete 
|  37|0x000000068b800000, 0x000000068bc00000, 0x000000068bc00000|100%| E|CS|TAMS 0x000000068b800000, 0x000000068b800000| Complete 
|  38|0x000000068bc00000, 0x000000068c000000, 0x000000068c000000|100%| E|CS|TAMS 0x000000068bc00000, 0x000000068bc00000| Complete 
|  39|0x000000068c000000, 0x000000068c400000, 0x000000068c400000|100%| E|CS|TAMS 0x000000068c000000, 0x000000068c000000| Complete 
|  40|0x000000068c400000, 0x000000068c800000, 0x000000068c800000|100%| E|CS|TAMS 0x000000068c400000, 0x000000068c400000| Complete 
|  41|0x000000068c800000, 0x000000068cc00000, 0x000000068cc00000|100%| E|CS|TAMS 0x000000068c800000, 0x000000068c800000| Complete 
|  42|0x000000068cc00000, 0x000000068d000000, 0x000000068d000000|100%| E|CS|TAMS 0x000000068cc00000, 0x000000068cc00000| Complete 
|  43|0x000000068d000000, 0x000000068d400000, 0x000000068d400000|100%| E|CS|TAMS 0x000000068d000000, 0x000000068d000000| Complete 
|  44|0x000000068d400000, 0x000000068d800000, 0x000000068d800000|100%| E|CS|TAMS 0x000000068d400000, 0x000000068d400000| Complete 
|  45|0x000000068d800000, 0x000000068dc00000, 0x000000068dc00000|100%| E|CS|TAMS 0x000000068d800000, 0x000000068d800000| Complete 
|  46|0x000000068dc00000, 0x000000068e000000, 0x000000068e000000|100%| E|CS|TAMS 0x000000068dc00000, 0x000000068dc00000| Complete 
|  47|0x000000068e000000, 0x000000068e400000, 0x000000068e400000|100%| E|CS|TAMS 0x000000068e000000, 0x000000068e000000| Complete 
|  48|0x000000068e400000, 0x000000068e800000, 0x000000068e800000|100%| E|CS|TAMS 0x000000068e400000, 0x000000068e400000| Complete 
|  49|0x000000068e800000, 0x000000068ec00000, 0x000000068ec00000|100%| E|CS|TAMS 0x000000068e800000, 0x000000068e800000| Complete 
|  50|0x000000068ec00000, 0x000000068f000000, 0x000000068f000000|100%| E|CS|TAMS 0x000000068ec00000, 0x000000068ec00000| Complete 
|  51|0x000000068f000000, 0x000000068f400000, 0x000000068f400000|100%| E|CS|TAMS 0x000000068f000000, 0x000000068f000000| Complete 
|  52|0x000000068f400000, 0x000000068f800000, 0x000000068f800000|100%| E|CS|TAMS 0x000000068f400000, 0x000000068f400000| Complete 
|  63|0x0000000692000000, 0x0000000692400000, 0x0000000692400000|100%| E|CS|TAMS 0x0000000692000000, 0x0000000692000000| Complete 
|  64|0x0000000692400000, 0x0000000692800000, 0x0000000692800000|100%| E|CS|TAMS 0x0000000692400000, 0x0000000692400000| Complete 
|  65|0x0000000692800000, 0x0000000692c00000, 0x0000000692c00000|100%| E|CS|TAMS 0x0000000692800000, 0x0000000692800000| Complete 
|  95|0x000000069a000000, 0x000000069a400000, 0x000000069a400000|100%| E|CS|TAMS 0x000000069a000000, 0x000000069a000000| Complete 

Card table byte_map: [0x000001e353b90000,0x000001e354780000] _byte_map_base: 0x000001e35077e000

Marking Bits (Prev, Next): (CMBitMap*) 0x000001e33ba3d5b0, (CMBitMap*) 0x000001e33ba3d570
 Prev Bits: [0x000001e35b2e0000, 0x000001e361250000)
 Next Bits: [0x000001e355370000, 0x000001e35b2e0000)

Polling page: 0x000001e339860000

Metaspace:

Usage:
  Non-class:     25.95 MB used.
      Class:      3.27 MB used.
       Both:     29.22 MB used.

Virtual space:
  Non-class space:       64.00 MB reserved,      26.12 MB ( 41%) committed,  1 nodes.
      Class space:        1.00 GB reserved,       3.44 MB ( <1%) committed,  1 nodes.
             Both:        1.06 GB reserved,      29.56 MB (  3%) committed. 

Chunk freelists:
   Non-Class:  5.03 MB
       Class:  12.55 MB
        Both:  17.58 MB

MaxMetaspaceSize: unlimited
CompressedClassSpaceSize: 1.00 GB
Initial GC threshold: 21.00 MB
Current GC threshold: 35.44 MB
CDS: on
MetaspaceReclaimPolicy: balanced
 - commit_granule_bytes: 65536.
 - commit_granule_words: 8192.
 - virtual_space_node_default_size: 8388608.
 - enlarge_chunks_in_place: 1.
 - new_chunks_are_fully_committed: 0.
 - uncommit_free_chunks: 1.
 - use_allocation_guard: 0.
 - handle_deallocations: 1.


Internal statistics:

num_allocs_failed_limit: 3.
num_arena_births: 180.
num_arena_deaths: 0.
num_vsnodes_births: 2.
num_vsnodes_deaths: 0.
num_space_committed: 473.
num_space_uncommitted: 0.
num_chunks_returned_to_freelist: 3.
num_chunks_taken_from_freelist: 1267.
num_chunk_merges: 3.
num_chunk_splits: 877.
num_chunks_enlarged: 694.
num_inconsistent_stats: 0.

CodeHeap 'non-profiled nmethods': size=119168Kb used=4786Kb max_used=4786Kb free=114381Kb
 bounds [0x000001e34b0a0000, 0x000001e34b550000, 0x000001e352500000]
CodeHeap 'profiled nmethods': size=119104Kb used=18116Kb max_used=18116Kb free=100987Kb
 bounds [0x000001e343500000, 0x000001e3446c0000, 0x000001e34a950000]
CodeHeap 'non-nmethods': size=7488Kb used=2901Kb max_used=2997Kb free=4586Kb
 bounds [0x000001e34a950000, 0x000001e34ac40000, 0x000001e34b0a0000]
 total_blobs=8369 nmethods=7857 adapters=420
 compilation: enabled
              stopped_count=0, restarted_count=0
 full_count=0

Compilation events (20 events):
Event: 7.486 Thread 0x000001e3abadf1c0 nmethod 8630 0x000001e34b53e910 code [0x000001e34b53ec80, 0x000001e34b540310]
Event: 7.490 Thread 0x000001e364485d90 8654       4       sun.nio.fs.NativeBuffers::getNativeBufferFromCache (51 bytes)
Event: 7.491 Thread 0x000001e3abadf1c0 8655       4       sun.nio.fs.NativeBuffers::releaseNativeBuffer (97 bytes)
Event: 7.499 Thread 0x000001e364485d90 nmethod 8654 0x000001e34b540f10 code [0x000001e34b5410e0, 0x000001e34b5414d0]
Event: 7.501 Thread 0x000001e3abadf1c0 nmethod 8655 0x000001e34b541990 code [0x000001e34b541b60, 0x000001e34b541f90]
Event: 7.503 Thread 0x000001e3abadf1c0 8656       4       jdk.internal.misc.Unsafe::checkOffset (32 bytes)
Event: 7.503 Thread 0x000001e3abadf1c0 nmethod 8656 0x000001e34b542410 code [0x000001e34b542580, 0x000001e34b542618]
Event: 7.508 Thread 0x000001e364486840 8657   !   3       sun.nio.fs.WindowsLinkSupport::getRealPath (500 bytes)
Event: 7.514 Thread 0x000001e364486840 nmethod 8657 0x000001e3446a6410 code [0x000001e3446a6c00, 0x000001e3446aad78]
Event: 7.517 Thread 0x000001e364485d90 8658       4       sun.nio.fs.WindowsNativeDispatcher::asNativeBuffer (103 bytes)
Event: 7.520 Thread 0x000001e3abadf1c0 8659       4       jdk.internal.misc.Unsafe::checkSize (32 bytes)
Event: 7.521 Thread 0x000001e3ab5d1c00 nmethod 8571 0x000001e34b542710 code [0x000001e34b542ae0, 0x000001e34b546660]
Event: 7.521 Thread 0x000001e3abadf1c0 nmethod 8659 0x000001e34b548210 code [0x000001e34b548380, 0x000001e34b548418]
Event: 7.524 Thread 0x000001e3ab5d1c00 8660       4       jdk.internal.misc.Unsafe::copyMemory (33 bytes)
Event: 7.529 Thread 0x000001e3ab5d1c00 nmethod 8660 0x000001e34b548510 code [0x000001e34b5486a0, 0x000001e34b548a18]
Event: 7.533 Thread 0x000001e364485d90 nmethod 8658 0x000001e34b548e10 code [0x000001e34b549000, 0x000001e34b5498a0]
Event: 7.557 Thread 0x000001e3645a0b00 8661       3       sun.nio.fs.WindowsPath::toRealPath (6 bytes)
Event: 7.557 Thread 0x000001e364486840 8662       3       sun.nio.fs.WindowsPath::toRealPath (22 bytes)
Event: 7.558 Thread 0x000001e3645a0b00 nmethod 8661 0x000001e3446ac910 code [0x000001e3446acb20, 0x000001e3446ad238]
Event: 7.558 Thread 0x000001e364486840 nmethod 8662 0x000001e3446ad490 code [0x000001e3446ad680, 0x000001e3446adcb8]

GC Heap History (14 events):
Event: 0.563 GC heap before
{Heap before GC invocations=0 (full 0):
 garbage-first heap   total 393216K, used 20480K [0x0000000682400000, 0x0000000800000000)
  region size 4096K, 5 young (20480K), 0 survivors (0K)
 Metaspace       used 5595K, committed 5760K, reserved 1114112K
  class space    used 657K, committed 704K, reserved 1048576K
}
Event: 0.566 GC heap after
{Heap after GC invocations=1 (full 0):
 garbage-first heap   total 393216K, used 3741K [0x0000000682400000, 0x0000000800000000)
  region size 4096K, 1 young (4096K), 1 survivors (4096K)
 Metaspace       used 5595K, committed 5760K, reserved 1114112K
  class space    used 657K, committed 704K, reserved 1048576K
}
Event: 0.890 GC heap before
{Heap before GC invocations=1 (full 0):
 garbage-first heap   total 393216K, used 28317K [0x0000000682400000, 0x0000000800000000)
  region size 4096K, 7 young (28672K), 1 survivors (4096K)
 Metaspace       used 7557K, committed 7680K, reserved 1114112K
  class space    used 889K, committed 960K, reserved 1048576K
}
Event: 0.894 GC heap after
{Heap after GC invocations=2 (full 0):
 garbage-first heap   total 393216K, used 4634K [0x0000000682400000, 0x0000000800000000)
  region size 4096K, 1 young (4096K), 1 survivors (4096K)
 Metaspace       used 7557K, committed 7680K, reserved 1114112K
  class space    used 889K, committed 960K, reserved 1048576K
}
Event: 3.788 GC heap before
{Heap before GC invocations=2 (full 0):
 garbage-first heap   total 393216K, used 119322K [0x0000000682400000, 0x0000000800000000)
  region size 4096K, 30 young (122880K), 1 survivors (4096K)
 Metaspace       used 21264K, committed 21504K, reserved 1114112K
  class space    used 2488K, committed 2624K, reserved 1048576K
}
Event: 3.796 GC heap after
{Heap after GC invocations=3 (full 0):
 garbage-first heap   total 393216K, used 11684K [0x0000000682400000, 0x0000000800000000)
  region size 4096K, 3 young (12288K), 3 survivors (12288K)
 Metaspace       used 21264K, committed 21504K, reserved 1114112K
  class space    used 2488K, committed 2624K, reserved 1048576K
}
Event: 4.382 GC heap before
{Heap before GC invocations=4 (full 0):
 garbage-first heap   total 69632K, used 40356K [0x0000000682400000, 0x0000000800000000)
  region size 4096K, 10 young (40960K), 3 survivors (12288K)
 Metaspace       used 25966K, committed 26176K, reserved 1114112K
  class space    used 2995K, committed 3072K, reserved 1048576K
}
Event: 4.396 GC heap after
{Heap after GC invocations=5 (full 0):
 garbage-first heap   total 69632K, used 20879K [0x0000000682400000, 0x0000000800000000)
  region size 4096K, 2 young (8192K), 2 survivors (8192K)
 Metaspace       used 25966K, committed 26176K, reserved 1114112K
  class space    used 2995K, committed 3072K, reserved 1048576K
}
Event: 4.576 GC heap before
{Heap before GC invocations=5 (full 0):
 garbage-first heap   total 69632K, used 24975K [0x0000000682400000, 0x0000000800000000)
  region size 4096K, 3 young (12288K), 2 survivors (8192K)
 Metaspace       used 25994K, committed 26176K, reserved 1114112K
  class space    used 2997K, committed 3072K, reserved 1048576K
}
Event: 4.594 GC heap after
{Heap after GC invocations=6 (full 0):
 garbage-first heap   total 69632K, used 23228K [0x0000000682400000, 0x0000000800000000)
  region size 4096K, 1 young (4096K), 1 survivors (4096K)
 Metaspace       used 25994K, committed 26176K, reserved 1114112K
  class space    used 2997K, committed 3072K, reserved 1048576K
}
Event: 4.797 GC heap before
{Heap before GC invocations=6 (full 0):
 garbage-first heap   total 69632K, used 39612K [0x0000000682400000, 0x0000000800000000)
  region size 4096K, 5 young (20480K), 1 survivors (4096K)
 Metaspace       used 26014K, committed 26240K, reserved 1114112K
  class space    used 2997K, committed 3072K, reserved 1048576K
}
Event: 4.803 GC heap after
{Heap after GC invocations=7 (full 0):
 garbage-first heap   total 69632K, used 28334K [0x0000000682400000, 0x0000000800000000)
  region size 4096K, 1 young (4096K), 1 survivors (4096K)
 Metaspace       used 26014K, committed 26240K, reserved 1114112K
  class space    used 2997K, committed 3072K, reserved 1048576K
}
Event: 5.195 GC heap before
{Heap before GC invocations=7 (full 0):
 garbage-first heap   total 69632K, used 44718K [0x0000000682400000, 0x0000000800000000)
  region size 4096K, 5 young (20480K), 1 survivors (4096K)
 Metaspace       used 26491K, committed 26752K, reserved 1114112K
  class space    used 3046K, committed 3200K, reserved 1048576K
}
Event: 5.208 GC heap after
{Heap after GC invocations=8 (full 0):
 garbage-first heap   total 233472K, used 32238K [0x0000000682400000, 0x0000000800000000)
  region size 4096K, 1 young (4096K), 1 survivors (4096K)
 Metaspace       used 26491K, committed 26752K, reserved 1114112K
  class space    used 3046K, committed 3200K, reserved 1048576K
}

Dll operation events (11 events):
Event: 0.009 Loaded shared library C:\Users\Efra\.jdks\corretto-17.0.15-1\bin\java.dll
Event: 0.030 Loaded shared library C:\Users\Efra\.jdks\corretto-17.0.15-1\bin\jsvml.dll
Event: 0.080 Loaded shared library C:\Users\Efra\.jdks\corretto-17.0.15-1\bin\zip.dll
Event: 0.083 Loaded shared library C:\Users\Efra\.jdks\corretto-17.0.15-1\bin\instrument.dll
Event: 0.088 Loaded shared library C:\Users\Efra\.jdks\corretto-17.0.15-1\bin\net.dll
Event: 0.091 Loaded shared library C:\Users\Efra\.jdks\corretto-17.0.15-1\bin\nio.dll
Event: 0.094 Loaded shared library C:\Users\Efra\.jdks\corretto-17.0.15-1\bin\zip.dll
Event: 0.112 Loaded shared library C:\Users\Efra\.jdks\corretto-17.0.15-1\bin\extnet.dll
Event: 0.203 Loaded shared library C:\Users\Efra\.jdks\corretto-17.0.15-1\bin\jimage.dll
Event: 0.217 Loaded shared library C:\Users\Efra\AppData\Local\Temp\jansi-2.4.1-59278a4a97cd7df6-jansi.dll
Event: 0.228 Loaded shared library C:\Users\Efra\.jdks\corretto-17.0.15-1\bin\verify.dll

Deoptimization events (20 events):
Event: 7.125 Thread 0x000001e33b9b2ea0 DEOPT PACKING pc=0x000001e34b4d73bc sp=0x0000009c04afcb00
Event: 7.125 Thread 0x000001e33b9b2ea0 DEOPT UNPACKING pc=0x000001e34a9a69a3 sp=0x0000009c04afcab0 mode 2
Event: 7.187 Thread 0x000001e33b9b2ea0 Uncommon trap: trap_request=0xffffff45 fr.pc=0x000001e34b48e888 relative=0x0000000000001448
Event: 7.187 Thread 0x000001e33b9b2ea0 Uncommon trap: reason=unstable_if action=reinterpret pc=0x000001e34b48e888 method=com.sun.tools.javac.util.Position$LineMapImpl.getLineNumber(I)I @ 66 c2
Event: 7.187 Thread 0x000001e33b9b2ea0 DEOPT PACKING pc=0x000001e34b48e888 sp=0x0000009c04afc5c0
Event: 7.187 Thread 0x000001e33b9b2ea0 DEOPT UNPACKING pc=0x000001e34a9a69a3 sp=0x0000009c04afc460 mode 2
Event: 7.261 Thread 0x000001e33b9b2ea0 Uncommon trap: trap_request=0xffffff45 fr.pc=0x000001e34b240580 relative=0x0000000000000260
Event: 7.261 Thread 0x000001e33b9b2ea0 Uncommon trap: reason=unstable_if action=reinterpret pc=0x000001e34b240580 method=java.util.regex.Matcher.reset()Ljava/util/regex/Matcher; @ 71 c2
Event: 7.261 Thread 0x000001e33b9b2ea0 DEOPT PACKING pc=0x000001e34b240580 sp=0x0000009c04afb100
Event: 7.261 Thread 0x000001e33b9b2ea0 DEOPT UNPACKING pc=0x000001e34a9a69a3 sp=0x0000009c04afb088 mode 2
Event: 7.385 Thread 0x000001e33b9b2ea0 Uncommon trap: trap_request=0xffffffc6 fr.pc=0x000001e34b46d3e8 relative=0x0000000000000208
Event: 7.385 Thread 0x000001e33b9b2ea0 Uncommon trap: reason=bimorphic_or_optimized_type_check action=maybe_recompile pc=0x000001e34b46d3e8 method=com.sun.tools.javac.code.Types$5.visitType(Lcom/sun/tools/javac/code/Type;Lcom/sun/tools/javac/code/Type;)Ljava/lang/Boolean; @ 145 c2
Event: 7.385 Thread 0x000001e33b9b2ea0 DEOPT PACKING pc=0x000001e34b46d3e8 sp=0x0000009c04af9c00
Event: 7.385 Thread 0x000001e33b9b2ea0 DEOPT UNPACKING pc=0x000001e34a9a69a3 sp=0x0000009c04af9b38 mode 2
Event: 7.398 Thread 0x000001e33b9b2ea0 Uncommon trap: trap_request=0xffffff45 fr.pc=0x000001e34b510d00 relative=0x00000000000001c0
Event: 7.398 Thread 0x000001e33b9b2ea0 Uncommon trap: reason=unstable_if action=reinterpret pc=0x000001e34b510d00 method=com.sun.tools.javac.comp.Attr.enclosingInitEnv(Lcom/sun/tools/javac/comp/Env;)Lcom/sun/tools/javac/comp/Env; @ 77 c2
Event: 7.398 Thread 0x000001e33b9b2ea0 DEOPT PACKING pc=0x000001e34b510d00 sp=0x0000009c04afc8a0
Event: 7.398 Thread 0x000001e33b9b2ea0 DEOPT UNPACKING pc=0x000001e34a9a69a3 sp=0x0000009c04afc820 mode 2
Event: 7.400 Thread 0x000001e33b9b2ea0 DEOPT PACKING pc=0x000001e343589574 sp=0x0000009c04afae60
Event: 7.400 Thread 0x000001e33b9b2ea0 DEOPT UNPACKING pc=0x000001e34a9a7143 sp=0x0000009c04afa328 mode 0

Classes loaded (20 events):
Event: 5.664 Loading class java/util/stream/ReduceOps$2ReducingSink
Event: 5.664 Loading class java/util/stream/ReduceOps$2ReducingSink done
Event: 5.715 Loading class java/util/function/ToIntBiFunction
Event: 5.715 Loading class java/util/function/ToIntBiFunction done
Event: 5.720 Loading class java/io/DataOutputStream
Event: 5.721 Loading class java/io/DataOutputStream done
Event: 6.349 Loading class java/util/regex/Pattern$Loop
Event: 6.349 Loading class java/util/regex/Pattern$Loop done
Event: 6.350 Loading class java/util/regex/Pattern$Prolog
Event: 6.350 Loading class java/util/regex/Pattern$Prolog done
Event: 7.412 Loading class java/util/EnumMap$Values
Event: 7.412 Loading class java/util/EnumMap$Values done
Event: 7.412 Loading class java/util/EnumMap$ValueIterator
Event: 7.412 Loading class java/util/EnumMap$ValueIterator done
Event: 7.418 Loading class java/util/WeakHashMap$KeyIterator
Event: 7.419 Loading class java/util/WeakHashMap$HashIterator
Event: 7.419 Loading class java/util/WeakHashMap$HashIterator done
Event: 7.419 Loading class java/util/WeakHashMap$KeyIterator done
Event: 7.424 Loading class java/text/MessageFormat$Field
Event: 7.424 Loading class java/text/MessageFormat$Field done

Classes unloaded (0 events):
No events

Classes redefined (0 events):
No events

Internal exceptions (20 events):
Event: 6.626 Thread 0x000001e33b9b2ea0 Exception <a 'sun/nio/fs/WindowsException'{0x000000068c12c638}> (0x000000068c12c638) 
thrown [s\src\hotspot\share\prims\jni.cpp, line 516]
Event: 6.626 Thread 0x000001e33b9b2ea0 Exception <a 'sun/nio/fs/WindowsException'{0x000000068c12e4d8}> (0x000000068c12e4d8) 
thrown [s\src\hotspot\share\prims\jni.cpp, line 516]
Event: 6.626 Thread 0x000001e33b9b2ea0 Exception <a 'sun/nio/fs/WindowsException'{0x000000068c12f350}> (0x000000068c12f350) 
thrown [s\src\hotspot\share\prims\jni.cpp, line 516]
Event: 6.689 Thread 0x000001e33b9b2ea0 Exception <a 'sun/nio/fs/WindowsException'{0x000000068bc2e7b8}> (0x000000068bc2e7b8) 
thrown [s\src\hotspot\share\prims\jni.cpp, line 516]
Event: 6.713 Thread 0x000001e33b9b2ea0 Exception <a 'sun/nio/fs/WindowsException'{0x000000068bd668b8}> (0x000000068bd668b8) 
thrown [s\src\hotspot\share\prims\jni.cpp, line 516]
Event: 6.904 Thread 0x000001e33b9b2ea0 Exception <a 'sun/nio/fs/WindowsException'{0x000000068b779240}> (0x000000068b779240) 
thrown [s\src\hotspot\share\prims\jni.cpp, line 516]
Event: 6.932 Thread 0x000001e33b9b2ea0 Exception <a 'sun/nio/fs/WindowsException'{0x000000068b012440}> (0x000000068b012440) 
thrown [s\src\hotspot\share\prims\jni.cpp, line 516]
Event: 6.938 Thread 0x000001e33b9b2ea0 Exception <a 'sun/nio/fs/WindowsException'{0x000000068b01db10}> (0x000000068b01db10) 
thrown [s\src\hotspot\share\prims\jni.cpp, line 516]
Event: 6.975 Thread 0x000001e33b9b2ea0 Exception <a 'sun/nio/fs/WindowsException'{0x000000068b0c1628}> (0x000000068b0c1628) 
thrown [s\src\hotspot\share\prims\jni.cpp, line 516]
Event: 6.985 Thread 0x000001e33b9b2ea0 Exception <a 'sun/nio/fs/WindowsException'{0x000000068b0dcca0}> (0x000000068b0dcca0) 
thrown [s\src\hotspot\share\prims\jni.cpp, line 516]
Event: 7.081 Thread 0x000001e33b9b2ea0 Exception <a 'sun/nio/fs/WindowsException'{0x000000068b318ed8}> (0x000000068b318ed8) 
thrown [s\src\hotspot\share\prims\jni.cpp, line 516]
Event: 7.084 Thread 0x000001e33b9b2ea0 Exception <a 'sun/nio/fs/WindowsException'{0x000000068b322898}> (0x000000068b322898) 
thrown [s\src\hotspot\share\prims\jni.cpp, line 516]
Event: 7.101 Thread 0x000001e33b9b2ea0 Exception <a 'sun/nio/fs/WindowsException'{0x000000068b389c08}> (0x000000068b389c08) 
thrown [s\src\hotspot\share\prims\jni.cpp, line 516]
Event: 7.142 Thread 0x000001e33b9b2ea0 Exception <a 'sun/nio/fs/WindowsException'{0x000000068b3dc658}> (0x000000068b3dc658) 
thrown [s\src\hotspot\share\prims\jni.cpp, line 516]
Event: 7.179 Thread 0x000001e33b9b2ea0 Exception <a 'sun/nio/fs/WindowsException'{0x000000068acf1750}> (0x000000068acf1750) 
thrown [s\src\hotspot\share\prims\jni.cpp, line 516]
Event: 7.188 Thread 0x000001e33b9b2ea0 Exception <a 'sun/nio/fs/WindowsException'{0x000000068ad35040}> (0x000000068ad35040) 
thrown [s\src\hotspot\share\prims\jni.cpp, line 516]
Event: 7.193 Thread 0x000001e33b9b2ea0 Exception <a 'sun/nio/fs/WindowsException'{0x000000068ad46728}> (0x000000068ad46728) 
thrown [s\src\hotspot\share\prims\jni.cpp, line 516]
Event: 7.222 Thread 0x000001e33b9b2ea0 Exception <a 'sun/nio/fs/WindowsException'{0x000000068ade9fe8}> (0x000000068ade9fe8) 
thrown [s\src\hotspot\share\prims\jni.cpp, line 516]
Event: 7.236 Thread 0x000001e33b9b2ea0 Exception <a 'sun/nio/fs/WindowsException'{0x000000068ae1cad8}> (0x000000068ae1cad8) 
thrown [s\src\hotspot\share\prims\jni.cpp, line 516]
Event: 7.244 Thread 0x000001e33b9b2ea0 Exception <a 'sun/nio/fs/WindowsException'{0x000000068ae363d0}> (0x000000068ae363d0) 
thrown [s\src\hotspot\share\prims\jni.cpp, line 516]

VM Operations (20 events):
Event: 6.159 Executing VM operation: HandshakeAllThreads
Event: 6.159 Executing VM operation: HandshakeAllThreads done
Event: 6.169 Executing VM operation: ICBufferFull
Event: 6.169 Executing VM operation: ICBufferFull done
Event: 6.169 Executing VM operation: ICBufferFull
Event: 6.169 Executing VM operation: ICBufferFull done
Event: 6.285 Executing VM operation: ICBufferFull
Event: 6.285 Executing VM operation: ICBufferFull done
Event: 6.342 Executing VM operation: ICBufferFull
Event: 6.342 Executing VM operation: ICBufferFull done
Event: 6.398 Executing VM operation: HandshakeAllThreads
Event: 6.398 Executing VM operation: HandshakeAllThreads done
Event: 6.480 Executing VM operation: ICBufferFull
Event: 6.480 Executing VM operation: ICBufferFull done
Event: 6.699 Executing VM operation: ICBufferFull
Event: 6.699 Executing VM operation: ICBufferFull done
Event: 7.186 Executing VM operation: ICBufferFull
Event: 7.187 Executing VM operation: ICBufferFull done
Event: 7.260 Executing VM operation: HandshakeAllThreads
Event: 7.260 Executing VM operation: HandshakeAllThreads done

Memory protections (0 events):
No events

Nmethod flushes (20 events):
Event: 4.534 Thread 0x000001e3644a2800 flushing  nmethod 0x000001e3440d5b90
Event: 4.534 Thread 0x000001e3644a2800 flushing  nmethod 0x000001e3440d8a10
Event: 4.534 Thread 0x000001e3644a2800 flushing  nmethod 0x000001e3440d9310
Event: 4.534 Thread 0x000001e3644a2800 flushing  nmethod 0x000001e3440d9e10
Event: 4.534 Thread 0x000001e3644a2800 flushing  nmethod 0x000001e3440daf90
Event: 4.534 Thread 0x000001e3644a2800 flushing  nmethod 0x000001e3440dca10
Event: 4.534 Thread 0x000001e3644a2800 flushing  nmethod 0x000001e3440e0a10
Event: 4.534 Thread 0x000001e3644a2800 flushing  nmethod 0x000001e3440e1590
Event: 4.534 Thread 0x000001e3644a2800 flushing  nmethod 0x000001e3440e6910
Event: 4.534 Thread 0x000001e3644a2800 flushing  nmethod 0x000001e344109910
Event: 4.534 Thread 0x000001e3644a2800 flushing  nmethod 0x000001e344109e10
Event: 4.534 Thread 0x000001e3644a2800 flushing  nmethod 0x000001e34410a390
Event: 4.534 Thread 0x000001e3644a2800 flushing  nmethod 0x000001e34410ba10
Event: 4.534 Thread 0x000001e3644a2800 flushing  nmethod 0x000001e34410c410
Event: 6.170 Thread 0x000001e3644a2800 flushing  nmethod 0x000001e343e04210
Event: 6.170 Thread 0x000001e3644a2800 flushing  nmethod 0x000001e343e06110
Event: 6.171 Thread 0x000001e3644a2800 flushing  nmethod 0x000001e3440d0a10
Event: 6.172 Thread 0x000001e3644a2800 flushing  nmethod 0x000001e3440dda10
Event: 6.172 Thread 0x000001e3644a2800 flushing  nmethod 0x000001e3440e0090
Event: 6.172 Thread 0x000001e3644a2800 flushing  nmethod 0x000001e3440e2910

Events (20 events):
Event: 2.836 Thread 0x000001e3aa8be5a0 Thread exited: 0x000001e3aa8be5a0
Event: 2.837 Thread 0x000001e3aa3da050 Thread exited: 0x000001e3aa3da050
Event: 3.661 Thread 0x000001e3aa2555f0 Thread exited: 0x000001e3aa2555f0
Event: 4.030 Thread 0x000001e364485d90 Thread added: 0x000001e3ab5d1c00
Event: 4.090 Thread 0x000001e3645a0b00 Thread added: 0x000001e3ac314c80
Event: 4.108 Thread 0x000001e3645a0b00 Thread added: 0x000001e3abadf1c0
Event: 4.131 Thread 0x000001e36459c520 Thread added: 0x000001e3abe05560
Event: 4.139 Thread 0x000001e36459c520 Thread added: 0x000001e3abe05a80
Event: 4.199 Thread 0x000001e3aaaca2e0 Thread added: 0x000001e3ac6a9540
Event: 4.710 Thread 0x000001e3ac6a9540 Thread exited: 0x000001e3ac6a9540
Event: 4.717 Thread 0x000001e3abe05a80 Thread exited: 0x000001e3abe05a80
Event: 4.838 Thread 0x000001e3abe05560 Thread exited: 0x000001e3abe05560
Event: 4.838 Thread 0x000001e3ab5d1c00 Thread exited: 0x000001e3ab5d1c00
Event: 4.838 Thread 0x000001e3ac314c80 Thread exited: 0x000001e3ac314c80
Event: 4.838 Thread 0x000001e3abadf1c0 Thread exited: 0x000001e3abadf1c0
Event: 5.023 Thread 0x000001e3645a0b00 Thread added: 0x000001e3abadf1c0
Event: 5.026 Thread 0x000001e3645a0b00 Thread added: 0x000001e3ab4dfde0
Event: 5.187 Thread 0x000001e36459c520 Thread added: 0x000001e3ab5d1c00
Event: 5.217 Thread 0x000001e3aaaca2e0 Thread added: 0x000001e3646c95e0
Event: 5.374 Thread 0x000001e36459c520 Thread added: 0x000001e3aa59b600


Dynamic libraries:
0x00007ff74d330000 - 0x00007ff74d33e000 	C:\Users\Efra\.jdks\corretto-17.0.15-1\bin\java.exe
0x00007ffd4eaf0000 - 0x00007ffd4ece8000 	C:\Windows\SYSTEM32\ntdll.dll
0x00007ffd4e8a0000 - 0x00007ffd4e962000 	C:\Windows\System32\KERNEL32.DLL
0x00007ffd4c630000 - 0x00007ffd4c926000 	C:\Windows\System32\KERNELBASE.dll
0x00007ffd4c250000 - 0x00007ffd4c350000 	C:\Windows\System32\ucrtbase.dll
0x00007ffd16180000 - 0x00007ffd16197000 	C:\Users\Efra\.jdks\corretto-17.0.15-1\bin\jli.dll
0x00007ffd154f0000 - 0x00007ffd1550b000 	C:\Users\Efra\.jdks\corretto-17.0.15-1\bin\VCRUNTIME140.dll
0x00007ffd4ddf0000 - 0x00007ffd4df8d000 	C:\Windows\System32\USER32.dll
0x00007ffd4c560000 - 0x00007ffd4c582000 	C:\Windows\System32\win32u.dll
0x00007ffd4db40000 - 0x00007ffd4db6b000 	C:\Windows\System32\GDI32.dll
0x00007ffd4c9f0000 - 0x00007ffd4cb0a000 	C:\Windows\System32\gdi32full.dll
0x00007ffd33920000 - 0x00007ffd33bba000 	C:\Windows\WinSxS\amd64_microsoft.windows.common-controls_6595b64144ccf1df_6.0.19041.4355_none_60b8b9eb71f62e16\COMCTL32.dll
0x00007ffd4c590000 - 0x00007ffd4c62d000 	C:\Windows\System32\msvcp_win.dll
0x00007ffd4cd90000 - 0x00007ffd4ce2e000 	C:\Windows\System32\msvcrt.dll
0x00007ffd4d010000 - 0x00007ffd4d03f000 	C:\Windows\System32\IMM32.DLL
0x00007ffd2dfd0000 - 0x00007ffd2dfdc000 	C:\Users\Efra\.jdks\corretto-17.0.15-1\bin\vcruntime140_1.dll
0x00007ffd15460000 - 0x00007ffd154ed000 	C:\Users\Efra\.jdks\corretto-17.0.15-1\bin\msvcp140.dll
0x00007ffc9bef0000 - 0x00007ffc9cb5c000 	C:\Users\Efra\.jdks\corretto-17.0.15-1\bin\server\jvm.dll
0x00007ffd4da90000 - 0x00007ffd4db3f000 	C:\Windows\System32\ADVAPI32.dll
0x00007ffd4d9f0000 - 0x00007ffd4da8f000 	C:\Windows\System32\sechost.dll
0x00007ffd4cee0000 - 0x00007ffd4d003000 	C:\Windows\System32\RPCRT4.dll
0x00007ffd4c930000 - 0x00007ffd4c957000 	C:\Windows\System32\bcrypt.dll
0x00007ffd4e4a0000 - 0x00007ffd4e50b000 	C:\Windows\System32\WS2_32.dll
0x00007ffd4b930000 - 0x00007ffd4b97b000 	C:\Windows\SYSTEM32\POWRPROF.dll
0x00007ffd433b0000 - 0x00007ffd433d7000 	C:\Windows\SYSTEM32\WINMM.dll
0x00007ffd46b20000 - 0x00007ffd46b2a000 	C:\Windows\SYSTEM32\VERSION.dll
0x00007ffd4b8a0000 - 0x00007ffd4b8b2000 	C:\Windows\SYSTEM32\UMPDC.dll
0x00007ffd4a020000 - 0x00007ffd4a032000 	C:\Windows\SYSTEM32\kernel.appcore.dll
0x00007ffd16170000 - 0x00007ffd1617a000 	C:\Users\Efra\.jdks\corretto-17.0.15-1\bin\jimage.dll
0x00007ffd42770000 - 0x00007ffd42954000 	C:\Windows\SYSTEM32\DBGHELP.DLL
0x00007ffd2c7b0000 - 0x00007ffd2c7e4000 	C:\Windows\SYSTEM32\dbgcore.DLL
0x00007ffd4c960000 - 0x00007ffd4c9e2000 	C:\Windows\System32\bcryptPrimitives.dll
0x00007ffd15450000 - 0x00007ffd1545e000 	C:\Users\Efra\.jdks\corretto-17.0.15-1\bin\instrument.dll
0x00007ffd15420000 - 0x00007ffd15445000 	C:\Users\Efra\.jdks\corretto-17.0.15-1\bin\java.dll
0x00007ffd15340000 - 0x00007ffd15417000 	C:\Users\Efra\.jdks\corretto-17.0.15-1\bin\jsvml.dll
0x00007ffd4d0a0000 - 0x00007ffd4d80f000 	C:\Windows\System32\SHELL32.dll
0x00007ffd4a220000 - 0x00007ffd4a9c3000 	C:\Windows\SYSTEM32\windows.storage.dll
0x00007ffd4e540000 - 0x00007ffd4e895000 	C:\Windows\System32\combase.dll
0x00007ffd4bbb0000 - 0x00007ffd4bbdb000 	C:\Windows\SYSTEM32\Wldp.dll
0x00007ffd4db70000 - 0x00007ffd4dc3d000 	C:\Windows\System32\OLEAUT32.dll
0x00007ffd4d940000 - 0x00007ffd4d9ed000 	C:\Windows\System32\SHCORE.dll
0x00007ffd4cd30000 - 0x00007ffd4cd85000 	C:\Windows\System32\shlwapi.dll
0x00007ffd4c0b0000 - 0x00007ffd4c0d5000 	C:\Windows\SYSTEM32\profapi.dll
0x00007ffd15320000 - 0x00007ffd15338000 	C:\Users\Efra\.jdks\corretto-17.0.15-1\bin\zip.dll
0x00007ffd15300000 - 0x00007ffd15319000 	C:\Users\Efra\.jdks\corretto-17.0.15-1\bin\net.dll
0x00007ffd467d0000 - 0x00007ffd468da000 	C:\Windows\SYSTEM32\WINHTTP.dll
0x00007ffd4b8c0000 - 0x00007ffd4b92c000 	C:\Windows\system32\mswsock.dll
0x00007ffd152e0000 - 0x00007ffd152f6000 	C:\Users\Efra\.jdks\corretto-17.0.15-1\bin\nio.dll
0x00007ffd152d0000 - 0x00007ffd152d9000 	C:\Users\Efra\.jdks\corretto-17.0.15-1\bin\extnet.dll
0x00007ffd152a0000 - 0x00007ffd152c4000 	C:\Users\Efra\AppData\Local\Temp\jansi-2.4.1-59278a4a97cd7df6-jansi.dll
0x00007ffd15290000 - 0x00007ffd152a0000 	C:\Users\Efra\.jdks\corretto-17.0.15-1\bin\verify.dll

dbghelp: loaded successfully - version: 4.0.5 - missing functions: none
symbol engine: initialized successfully - sym options: 0x614 - pdb path: .;C:\Users\Efra\.jdks\corretto-17.0.15-1\bin;C:\Windows\SYSTEM32;C:\Windows\WinSxS\amd64_microsoft.windows.common-controls_6595b64144ccf1df_6.0.19041.4355_none_60b8b9eb71f62e16;C:\Users\Efra\.jdks\corretto-17.0.15-1\bin\server;C:\Users\Efra\AppData\Local\Temp

VM Arguments:
jvm_args: -Dmaven.multiModuleProjectDirectory=D:\FormulaRacing -Djansi.passthrough=true -Dmaven.home=D:/IntelliJ IDEA Community Edition 2025.1.4/plugins/maven/lib/maven3 -Dclassworlds.conf=D:\IntelliJ IDEA Community Edition 2025.1.4\plugins\maven\lib\maven3\bin\m2.conf -Dmaven.ext.class.path=D:\IntelliJ IDEA Community Edition 2025.1.4\plugins\maven\lib\maven-event-listener.jar -javaagent:D:\IntelliJ IDEA Community Edition 2025.1.4\lib\idea_rt.jar=62889 -Dfile.encoding=UTF-8 
java_command: org.codehaus.classworlds.Launcher -Didea.version=2025.1.4 package
java_class_path (initial): D:\IntelliJ IDEA Community Edition 2025.1.4\plugins\maven\lib\maven3\boot\plexus-classworlds-2.8.0.jar;D:\IntelliJ IDEA Community Edition 2025.1.4\plugins\maven\lib\maven3\boot\plexus-classworlds.license
Launcher Type: SUN_STANDARD

[Global flags]
     intx CICompilerCount                          = 12                                        {product} {ergonomic}
     uint ConcGCThreads                            = 4                                         {product} {ergonomic}
     uint G1ConcRefinementThreads                  = 15                                        {product} {ergonomic}
   size_t G1HeapRegionSize                         = 4194304                                   {product} {ergonomic}
    uintx GCDrainStackTargetSize                   = 64                                        {product} {ergonomic}
   size_t InitialHeapSize                          = 402653184                                 {product} {ergonomic}
   size_t MarkStackSize                            = 4194304                                   {product} {ergonomic}
   size_t MaxHeapSize                              = 6404702208                                {product} {ergonomic}
   size_t MaxNewSize                               = 3841982464                                {product} {ergonomic}
   size_t MinHeapDeltaBytes                        = 4194304                                   {product} {ergonomic}
   size_t MinHeapSize                              = 8388608                                   {product} {ergonomic}
    uintx NonNMethodCodeHeapSize                   = 7602480                                {pd product} {ergonomic}
    uintx NonProfiledCodeHeapSize                  = 122027880                              {pd product} {ergonomic}
    uintx ProfiledCodeHeapSize                     = 122027880                              {pd product} {ergonomic}
    uintx ReservedCodeCacheSize                    = 251658240                              {pd product} {ergonomic}
     bool SegmentedCodeCache                       = true                                      {product} {ergonomic}
   size_t SoftMaxHeapSize                          = 6404702208                             {manageable} {ergonomic}
     bool UseCompressedClassPointers               = true                           {product lp64_product} {ergonomic}
     bool UseCompressedOops                        = true                           {product lp64_product} {ergonomic}
     bool UseG1GC                                  = true                                      {product} {ergonomic}
     bool UseLargePagesIndividualAllocation        = false                                  {pd product} {ergonomic}

Logging:
Log output configuration:
 #0: stdout all=warning uptime,level,tags
 #1: stderr all=off uptime,level,tags

Environment Variables:
PATH=C:\Program Files\Common Files\Oracle\Java\javapath;C:\Program Files (x86)\Common Files\Oracle\Java\java8path;C:\Program Files (x86)\Common Files\Intel\Shared Libraries\redist\intel64_win\compiler;C:\Program Files (x86)\Common Files\Intel\Shared Libraries\redist\intel64\compiler;C:\Windows\system32;C:\Windows;C:\Windows\System32\Wbem;C:\Windows\System32\WindowsPowerShell\v1.0\;C:\Windows\System32\OpenSSH\;C:\Program Files\dotnet\;C:\Program Files (x86)\Touch Portal\plugins\adb\platform-tools;C:\Program Files (x86)\NVIDIA Corporation\PhysX\Common;C:\Program Files\Filestar;C:\ProgramData\Filestar\aliases;C:\Program Files\Git\cmd;C:\Program Files\WorldPainter;C:\Program Files\NVIDIA Corporation\NVIDIA App\NvDLISR;C:\Users\Efra\AppData\Local\Programs\Python\Python313\Scripts\;C:\Users\Efra\AppData\Local\Programs\Python\Python313\;c:\ffmpeg\bin
USERNAME=Efra
OS=Windows_NT
PROCESSOR_IDENTIFIER=Intel64 Family 6 Model 79 Stepping 1, GenuineIntel
TMP=C:\Users\Efra\AppData\Local\Temp
TEMP=C:\Users\Efra\AppData\Local\Temp



Periodic native trim disabled


---------------  S Y S T E M  ---------------

OS:
 Windows 10 , 64 bit Build 19041 (10.0.19041.5678)
OS uptime: 0 days 9:18 hours

CPU: total 20 (initial active 20) (10 cores per cpu, 2 threads per core) family 6 model 79 stepping 1 microcode 0xb000031, cx8, cmov, fxsr, ht, mmx, 3dnowpref, sse, sse2, sse3, ssse3, sse4.1, sse4.2, popcnt, lzcnt, tsc, tscinvbit, avx, avx2, aes, erms, clmul, bmi1, bmi2, rtm, adx, fma, vzeroupper, clflush
Processor Information for all 20 processors :
  Max Mhz: 2401, Current Mhz: 2401, Mhz Limit: 2401

Memory: 4k page, system-wide physical 24417M (1146M free)
TotalPageFile size 29311M (AvailPageFile size 16M)
current process WorkingSet (physical memory assigned to process): 342M, peak: 346M
current process commit charge ("private bytes"): 473M, peak: 556M

vm_info: OpenJDK 64-Bit Server VM (17.0.15+6-LTS) for windows-amd64 JRE (17.0.15+6-LTS), built on Apr  9 2025 23:33:55 by "Administrator" with MS VC++ 16.10 / 16.11 (VS2019)

END.
